192.168.61.140 - - [26/Feb/2024:01:16:13 -0500] "GET /dr-bucket1/?delimiter=%2F&max-keys=1000&prefix=CTBC%2F123%2F456%2F HTTP/1.1" 200 879 "-" ["-"] - [192.168.61.140:10443] - [/dr-bucket1/?delimiter=%2F&max-keys=1000&prefix=CTBC%2F123%2F456%2F] [arg: delimiter=%2F&max-keys=1000&prefix=CTBC%2F123%2F456%2F] "e3b0c44298fc1c149afbf4c8996fb92427ae41e4649b934ca495991b7852b855" - "20240226T061613Z" - "-" - "-" - "-" - "[ok]"
192.168.51.64 - - [26/Feb/2024:01:16:13 -0500] "GET /bucket1/?delimiter=%2F&max-keys=1000&prefix=CTBC%2F123%2F456%2F HTTP/1.1" 200 879 "-" ["AWS IFMJ3R6E9EWEE5MFX5U3:S2NF7/LPQDAjGEq6b91QngSUBLY="] - [192.168.51.136:10443] - [/bucket1/?delimiter=%2F&max-keys=1000&prefix=CTBC%2F123%2F456%2F] [arg: delimiter=%2F&max-keys=1000&prefix=CTBC%2F123%2F456%2F] "-" - "Mon, 26 Feb 2024 06:16:13 GMT" - "-" - "-" - "-" - "[/dr-bucket1/?delimiter=%2F&max-keys=1000&prefix=CTBC%2F123%2F456%2F]"
192.168.51.64 - - [26/Feb/2024:01:16:24 -0500] "PUT /bucket1/CTBC/123/456/NS0-162--78_-20230207-%E5%87%BA38%E9%A1%8C-%E7%B6%A0%E8%89%B2%20%20%E9%A1%8C.pdf HTTP/1.1" 403 2736 "-" ["AWS IFMJ3R6E9EWEE5MFX5U3:qkr4VjsVIJcn+WXDV4eMWgAvidc="] - [192.168.51.136:10443] - [/bucket1/CTBC/123/456/NS0-162--78_-20230207-%E5%87%BA38%E9%A1%8C-%E7%B6%A0%E8%89%B2%20%20%E9%A1%8C.pdf] [arg: -] "-" - "Mon, 26 Feb 2024 06:16:24 GMT" - "-" - "-" - "-" - "[/dr-bucket1/CTBC/123/456/NS0-162--78_-20230207-%E5%87%BA38%E9%A1%8C-%E7%B6%A0%E8%89%B2%20%20%E9%A1%8C.pdf]"
192.168.61.140 - - [26/Feb/2024:01:16:24 -0500] "PUT /dr-bucket1/CTBC/123/456/NS0-162--78_-20230207-%E5%87%BA38%E9%A1%8C-%E7%B6%A0%E8%89%B2%20%20%E9%A1%8C.pdf HTTP/1.1" 403 2736 "-" ["-"] - [192.168.61.140:10443] - [/dr-bucket1/CTBC/123/456/NS0-162--78_-20230207-%E5%87%BA38%E9%A1%8C-%E7%B6%A0%E8%89%B2%20%20%E9%A1%8C.pdf] [arg: -] "82fbf8cda71d9039fda64d63d193edf0a2bdc8012f80350ed991704305874774" - "20240226T061624Z" - "-" - "-" - "-" - "[ok]"
192.168.51.64 - - [26/Feb/2024:01:16:26 -0500] "PUT /bucket1/CTBC/123/456/NS0-162--78_-20230207-%E5%87%BA38%E9%A1%8C-%E7%B6%A0%E8%89%B2%20%20%E9%A1%8C.pdf HTTP/1.1" 403 2736 "-" ["AWS IFMJ3R6E9EWEE5MFX5U3:K5EHL4y2917U5SyTrca23vhEwjU="] - [192.168.51.136:10443] - [/bucket1/CTBC/123/456/NS0-162--78_-20230207-%E5%87%BA38%E9%A1%8C-%E7%B6%A0%E8%89%B2%20%20%E9%A1%8C.pdf] [arg: -] "-" - "Mon, 26 Feb 2024 06:16:26 GMT" - "-" - "-" - "-" - "[/dr-bucket1/CTBC/123/456/NS0-162--78_-20230207-%E5%87%BA38%E9%A1%8C-%E7%B6%A0%E8%89%B2%20%20%E9%A1%8C.pdf]"
192.168.61.140 - - [26/Feb/2024:01:16:26 -0500] "PUT /dr-bucket1/CTBC/123/456/NS0-162--78_-20230207-%E5%87%BA38%E9%A1%8C-%E7%B6%A0%E8%89%B2%20%20%E9%A1%8C.pdf HTTP/1.1" 403 2736 "-" ["-"] - [192.168.61.140:10443] - [/dr-bucket1/CTBC/123/456/NS0-162--78_-20230207-%E5%87%BA38%E9%A1%8C-%E7%B6%A0%E8%89%B2%20%20%E9%A1%8C.pdf] [arg: -] "82fbf8cda71d9039fda64d63d193edf0a2bdc8012f80350ed991704305874774" - "20240226T061626Z" - "-" - "-" - "-" - "[ok]"
192.168.51.64 - - [26/Feb/2024:01:16:27 -0500] "PUT /bucket1/CTBC/123/456/NS0-162--78_-20230207-%E5%87%BA38%E9%A1%8C-%E7%B6%A0%E8%89%B2%20%20%E9%A1%8C.pdf HTTP/1.1" 403 2736 "-" ["AWS IFMJ3R6E9EWEE5MFX5U3:U0x/NazHlo3vbOAOHgSW8w8JyyY="] - [192.168.51.136:10443] - [/bucket1/CTBC/123/456/NS0-162--78_-20230207-%E5%87%BA38%E9%A1%8C-%E7%B6%A0%E8%89%B2%20%20%E9%A1%8C.pdf] [arg: -] "-" - "Mon, 26 Feb 2024 06:16:27 GMT" - "-" - "-" - "-" - "[/dr-bucket1/CTBC/123/456/NS0-162--78_-20230207-%E5%87%BA38%E9%A1%8C-%E7%B6%A0%E8%89%B2%20%20%E9%A1%8C.pdf]"
192.168.61.140 - - [26/Feb/2024:01:16:27 -0500] "PUT /dr-bucket1/CTBC/123/456/NS0-162--78_-20230207-%E5%87%BA38%E9%A1%8C-%E7%B6%A0%E8%89%B2%20%20%E9%A1%8C.pdf HTTP/1.1" 403 2736 "-" ["-"] - [192.168.61.140:10443] - [/dr-bucket1/CTBC/123/456/NS0-162--78_-20230207-%E5%87%BA38%E9%A1%8C-%E7%B6%A0%E8%89%B2%20%20%E9%A1%8C.pdf] [arg: -] "82fbf8cda71d9039fda64d63d193edf0a2bdc8012f80350ed991704305874774" - "20240226T061627Z" - "-" - "-" - "-" - "[ok]"
192.168.51.64 - - [26/Feb/2024:01:16:28 -0500] "PUT /bucket1/CTBC/123/456/NS0-162--78_-20230207-%E5%87%BA38%E9%A1%8C-%E7%B6%A0%E8%89%B2%20%20%E9%A1%8C.pdf HTTP/1.1" 403 2736 "-" ["AWS IFMJ3R6E9EWEE5MFX5U3:SMj21xbvIRA6ku4KnO5aKZ3R1cc="] - [192.168.51.136:10443] - [/bucket1/CTBC/123/456/NS0-162--78_-20230207-%E5%87%BA38%E9%A1%8C-%E7%B6%A0%E8%89%B2%20%20%E9%A1%8C.pdf] [arg: -] "-" - "Mon, 26 Feb 2024 06:16:28 GMT" - "-" - "-" - "-" - "[/dr-bucket1/CTBC/123/456/NS0-162--78_-20230207-%E5%87%BA38%E9%A1%8C-%E7%B6%A0%E8%89%B2%20%20%E9%A1%8C.pdf]"
192.168.61.140 - - [26/Feb/2024:01:16:28 -0500] "PUT /dr-bucket1/CTBC/123/456/NS0-162--78_-20230207-%E5%87%BA38%E9%A1%8C-%E7%B6%A0%E8%89%B2%20%20%E9%A1%8C.pdf HTTP/1.1" 403 2736 "-" ["-"] - [192.168.61.140:10443] - [/dr-bucket1/CTBC/123/456/NS0-162--78_-20230207-%E5%87%BA38%E9%A1%8C-%E7%B6%A0%E8%89%B2%20%20%E9%A1%8C.pdf] [arg: -] "82fbf8cda71d9039fda64d63d193edf0a2bdc8012f80350ed991704305874774" - "20240226T061628Z" - "-" - "-" - "-" - "[ok]"
192.168.61.140 - - [26/Feb/2024:01:16:29 -0500] "GET /dr-bucket1/?delimiter=%2F&max-keys=1000&prefix=CTBC%2F123%2F456%2F HTTP/1.1" 200 879 "-" ["-"] - [192.168.61.140:10443] - [/dr-bucket1/?delimiter=%2F&max-keys=1000&prefix=CTBC%2F123%2F456%2F] [arg: delimiter=%2F&max-keys=1000&prefix=CTBC%2F123%2F456%2F] "e3b0c44298fc1c149afbf4c8996fb92427ae41e4649b934ca495991b7852b855" - "20240226T061629Z" - "-" - "-" - "-" - "[ok]"
192.168.51.64 - - [26/Feb/2024:01:16:29 -0500] "GET /bucket1/?delimiter=%2F&max-keys=1000&prefix=CTBC%2F123%2F456%2F HTTP/1.1" 200 879 "-" ["AWS IFMJ3R6E9EWEE5MFX5U3:UvhLQZGWS97aNNfGA6lyrEo3uBg="] - [192.168.51.136:10443] - [/bucket1/?delimiter=%2F&max-keys=1000&prefix=CTBC%2F123%2F456%2F] [arg: delimiter=%2F&max-keys=1000&prefix=CTBC%2F123%2F456%2F] "-" - "Mon, 26 Feb 2024 06:16:29 GMT" - "-" - "-" - "-" - "[/dr-bucket1/?delimiter=%2F&max-keys=1000&prefix=CTBC%2F123%2F456%2F]"
192.168.61.140 - - [26/Feb/2024:01:16:31 -0500] "GET /dr-bucket1/?delimiter=%2F&max-keys=1000&prefix=CTBC%2F HTTP/1.1" 200 1500 "-" ["-"] - [192.168.61.140:10443] - [/dr-bucket1/?delimiter=%2F&max-keys=1000&prefix=CTBC%2F] [arg: delimiter=%2F&max-keys=1000&prefix=CTBC%2F] "e3b0c44298fc1c149afbf4c8996fb92427ae41e4649b934ca495991b7852b855" - "20240226T061631Z" - "-" - "-" - "-" - "[ok]"
192.168.51.64 - - [26/Feb/2024:01:16:31 -0500] "GET /bucket1/?delimiter=%2F&max-keys=1000&prefix=CTBC%2F HTTP/1.1" 200 1500 "-" ["AWS IFMJ3R6E9EWEE5MFX5U3:rR1PCg+roNLelMv35uQ2zuMXtAA="] - [192.168.51.136:10443] - [/bucket1/?delimiter=%2F&max-keys=1000&prefix=CTBC%2F] [arg: delimiter=%2F&max-keys=1000&prefix=CTBC%2F] "-" - "Mon, 26 Feb 2024 06:16:31 GMT" - "-" - "-" - "-" - "[/dr-bucket1/?delimiter=%2F&max-keys=1000&prefix=CTBC%2F]"
192.168.51.64 - - [26/Feb/2024:01:16:38 -0500] "PUT /bucket1/CTBC/NS0-162--78_-20230207-%E5%87%BA38%E9%A1%8C-%E7%B6%A0%E8%89%B2%20%20%E9%A1%8C.pdf HTTP/1.1" 403 2696 "-" ["AWS IFMJ3R6E9EWEE5MFX5U3:0KVnABTGDNy3GHAJoFetHhfcGIU="] - [192.168.51.136:10443] - [/bucket1/CTBC/NS0-162--78_-20230207-%E5%87%BA38%E9%A1%8C-%E7%B6%A0%E8%89%B2%20%20%E9%A1%8C.pdf] [arg: -] "-" - "Mon, 26 Feb 2024 06:16:38 GMT" - "-" - "-" - "-" - "[/dr-bucket1/CTBC/NS0-162--78_-20230207-%E5%87%BA38%E9%A1%8C-%E7%B6%A0%E8%89%B2%20%20%E9%A1%8C.pdf]"
192.168.61.140 - - [26/Feb/2024:01:16:38 -0500] "PUT /dr-bucket1/CTBC/NS0-162--78_-20230207-%E5%87%BA38%E9%A1%8C-%E7%B6%A0%E8%89%B2%20%20%E9%A1%8C.pdf HTTP/1.1" 403 2696 "-" ["-"] - [192.168.61.140:10443] - [/dr-bucket1/CTBC/NS0-162--78_-20230207-%E5%87%BA38%E9%A1%8C-%E7%B6%A0%E8%89%B2%20%20%E9%A1%8C.pdf] [arg: -] "82fbf8cda71d9039fda64d63d193edf0a2bdc8012f80350ed991704305874774" - "20240226T061638Z" - "-" - "-" - "-" - "[ok]"
192.168.51.64 - - [26/Feb/2024:01:16:39 -0500] "PUT /bucket1/CTBC/NS0-162--78_-20230207-%E5%87%BA38%E9%A1%8C-%E7%B6%A0%E8%89%B2%20%20%E9%A1%8C.pdf HTTP/1.1" 403 2696 "-" ["AWS IFMJ3R6E9EWEE5MFX5U3:FJildMY5GFSwo3s419iscCrB6QE="] - [192.168.51.136:10443] - [/bucket1/CTBC/NS0-162--78_-20230207-%E5%87%BA38%E9%A1%8C-%E7%B6%A0%E8%89%B2%20%20%E9%A1%8C.pdf] [arg: -] "-" - "Mon, 26 Feb 2024 06:16:39 GMT" - "-" - "-" - "-" - "[/dr-bucket1/CTBC/NS0-162--78_-20230207-%E5%87%BA38%E9%A1%8C-%E7%B6%A0%E8%89%B2%20%20%E9%A1%8C.pdf]"
192.168.61.140 - - [26/Feb/2024:01:16:39 -0500] "PUT /dr-bucket1/CTBC/NS0-162--78_-20230207-%E5%87%BA38%E9%A1%8C-%E7%B6%A0%E8%89%B2%20%20%E9%A1%8C.pdf HTTP/1.1" 403 2696 "-" ["-"] - [192.168.61.140:10443] - [/dr-bucket1/CTBC/NS0-162--78_-20230207-%E5%87%BA38%E9%A1%8C-%E7%B6%A0%E8%89%B2%20%20%E9%A1%8C.pdf] [arg: -] "82fbf8cda71d9039fda64d63d193edf0a2bdc8012f80350ed991704305874774" - "20240226T061639Z" - "-" - "-" - "-" - "[ok]"
192.168.51.64 - - [26/Feb/2024:01:16:40 -0500] "PUT /bucket1/CTBC/NS0-162--78_-20230207-%E5%87%BA38%E9%A1%8C-%E7%B6%A0%E8%89%B2%20%20%E9%A1%8C.pdf HTTP/1.1" 403 2696 "-" ["AWS IFMJ3R6E9EWEE5MFX5U3:+dHZ462p4yUVPLFznwhsYjb8miU="] - [192.168.51.136:10443] - [/bucket1/CTBC/NS0-162--78_-20230207-%E5%87%BA38%E9%A1%8C-%E7%B6%A0%E8%89%B2%20%20%E9%A1%8C.pdf] [arg: -] "-" - "Mon, 26 Feb 2024 06:16:40 GMT" - "-" - "-" - "-" - "[/dr-bucket1/CTBC/NS0-162--78_-20230207-%E5%87%BA38%E9%A1%8C-%E7%B6%A0%E8%89%B2%20%20%E9%A1%8C.pdf]"
192.168.61.140 - - [26/Feb/2024:01:16:40 -0500] "PUT /dr-bucket1/CTBC/NS0-162--78_-20230207-%E5%87%BA38%E9%A1%8C-%E7%B6%A0%E8%89%B2%20%20%E9%A1%8C.pdf HTTP/1.1" 403 2696 "-" ["-"] - [192.168.61.140:10443] - [/dr-bucket1/CTBC/NS0-162--78_-20230207-%E5%87%BA38%E9%A1%8C-%E7%B6%A0%E8%89%B2%20%20%E9%A1%8C.pdf] [arg: -] "82fbf8cda71d9039fda64d63d193edf0a2bdc8012f80350ed991704305874774" - "20240226T061640Z" - "-" - "-" - "-" - "[ok]"
192.168.51.64 - - [26/Feb/2024:01:16:42 -0500] "PUT /bucket1/CTBC/NS0-162--78_-20230207-%E5%87%BA38%E9%A1%8C-%E7%B6%A0%E8%89%B2%20%20%E9%A1%8C.pdf HTTP/1.1" 403 2696 "-" ["AWS IFMJ3R6E9EWEE5MFX5U3:J0NKdyR2fHHMVyKfNSAoXlnmGJA="] - [192.168.51.136:10443] - [/bucket1/CTBC/NS0-162--78_-20230207-%E5%87%BA38%E9%A1%8C-%E7%B6%A0%E8%89%B2%20%20%E9%A1%8C.pdf] [arg: -] "-" - "Mon, 26 Feb 2024 06:16:41 GMT" - "-" - "-" - "-" - "[/dr-bucket1/CTBC/NS0-162--78_-20230207-%E5%87%BA38%E9%A1%8C-%E7%B6%A0%E8%89%B2%20%20%E9%A1%8C.pdf]"
192.168.61.140 - - [26/Feb/2024:01:16:42 -0500] "PUT /dr-bucket1/CTBC/NS0-162--78_-20230207-%E5%87%BA38%E9%A1%8C-%E7%B6%A0%E8%89%B2%20%20%E9%A1%8C.pdf HTTP/1.1" 403 2696 "-" ["-"] - [192.168.61.140:10443] - [/dr-bucket1/CTBC/NS0-162--78_-20230207-%E5%87%BA38%E9%A1%8C-%E7%B6%A0%E8%89%B2%20%20%E9%A1%8C.pdf] [arg: -] "82fbf8cda71d9039fda64d63d193edf0a2bdc8012f80350ed991704305874774" - "20240226T061642Z" - "-" - "-" - "-" - "[ok]"
192.168.61.140 - - [26/Feb/2024:01:16:43 -0500] "GET /dr-bucket1/?delimiter=%2F&max-keys=1000&prefix=CTBC%2F HTTP/1.1" 200 1500 "-" ["-"] - [192.168.61.140:10443] - [/dr-bucket1/?delimiter=%2F&max-keys=1000&prefix=CTBC%2F] [arg: delimiter=%2F&max-keys=1000&prefix=CTBC%2F] "e3b0c44298fc1c149afbf4c8996fb92427ae41e4649b934ca495991b7852b855" - "20240226T061643Z" - "-" - "-" - "-" - "[ok]"
192.168.51.64 - - [26/Feb/2024:01:16:43 -0500] "GET /bucket1/?delimiter=%2F&max-keys=1000&prefix=CTBC%2F HTTP/1.1" 200 1500 "-" ["AWS IFMJ3R6E9EWEE5MFX5U3:4Gu9VS29ZslJsACVfoMrS6iqMX8="] - [192.168.51.136:10443] - [/bucket1/?delimiter=%2F&max-keys=1000&prefix=CTBC%2F] [arg: delimiter=%2F&max-keys=1000&prefix=CTBC%2F] "-" - "Mon, 26 Feb 2024 06:16:43 GMT" - "-" - "-" - "-" - "[/dr-bucket1/?delimiter=%2F&max-keys=1000&prefix=CTBC%2F]"
192.168.61.140 - - [26/Feb/2024:01:16:47 -0500] "GET /dr-bucket1/?delimiter=%2F&max-keys=1000&prefix= HTTP/1.1" 200 1495 "-" ["-"] - [192.168.61.140:10443] - [/dr-bucket1/?delimiter=%2F&max-keys=1000&prefix=] [arg: delimiter=%2F&max-keys=1000&prefix=] "e3b0c44298fc1c149afbf4c8996fb92427ae41e4649b934ca495991b7852b855" - "20240226T061647Z" - "-" - "-" - "-" - "[ok]"
192.168.51.64 - - [26/Feb/2024:01:16:47 -0500] "GET /bucket1/?delimiter=%2F&max-keys=1000&prefix= HTTP/1.1" 200 1495 "-" ["AWS IFMJ3R6E9EWEE5MFX5U3:U7yfNRCW8Zh1lQbEuda4DgcHPYg="] - [192.168.51.136:10443] - [/bucket1/?delimiter=%2F&max-keys=1000&prefix=] [arg: delimiter=%2F&max-keys=1000&prefix=] "-" - "Mon, 26 Feb 2024 06:16:47 GMT" - "-" - "-" - "-" - "[/dr-bucket1/?delimiter=%2F&max-keys=1000&prefix=]"
192.168.51.64 - - [26/Feb/2024:01:16:54 -0500] "PUT /bucket1/NS0-162--78_-20230207-%E5%87%BA38%E9%A1%8C-%E7%B6%A0%E8%89%B2%20%20%E9%A1%8C.pdf HTTP/1.1" 403 2671 "-" ["AWS IFMJ3R6E9EWEE5MFX5U3:apFICytVzLLbX9KLNANljyIPSRU="] - [192.168.51.136:10443] - [/bucket1/NS0-162--78_-20230207-%E5%87%BA38%E9%A1%8C-%E7%B6%A0%E8%89%B2%20%20%E9%A1%8C.pdf] [arg: -] "-" - "Mon, 26 Feb 2024 06:16:54 GMT" - "-" - "-" - "-" - "[/dr-bucket1/NS0-162--78_-20230207-%E5%87%BA38%E9%A1%8C-%E7%B6%A0%E8%89%B2%20%20%E9%A1%8C.pdf]"
192.168.61.140 - - [26/Feb/2024:01:16:54 -0500] "PUT /dr-bucket1/NS0-162--78_-20230207-%E5%87%BA38%E9%A1%8C-%E7%B6%A0%E8%89%B2%20%20%E9%A1%8C.pdf HTTP/1.1" 403 2671 "-" ["-"] - [192.168.61.140:10443] - [/dr-bucket1/NS0-162--78_-20230207-%E5%87%BA38%E9%A1%8C-%E7%B6%A0%E8%89%B2%20%20%E9%A1%8C.pdf] [arg: -] "82fbf8cda71d9039fda64d63d193edf0a2bdc8012f80350ed991704305874774" - "20240226T061654Z" - "-" - "-" - "-" - "[ok]"
192.168.51.64 - - [26/Feb/2024:01:16:56 -0500] "PUT /bucket1/NS0-162--78_-20230207-%E5%87%BA38%E9%A1%8C-%E7%B6%A0%E8%89%B2%20%20%E9%A1%8C.pdf HTTP/1.1" 403 2671 "-" ["AWS IFMJ3R6E9EWEE5MFX5U3:rbLUFVI5MocNYuaOxyPLihdk/jA="] - [192.168.51.136:10443] - [/bucket1/NS0-162--78_-20230207-%E5%87%BA38%E9%A1%8C-%E7%B6%A0%E8%89%B2%20%20%E9%A1%8C.pdf] [arg: -] "-" - "Mon, 26 Feb 2024 06:16:56 GMT" - "-" - "-" - "-" - "[/dr-bucket1/NS0-162--78_-20230207-%E5%87%BA38%E9%A1%8C-%E7%B6%A0%E8%89%B2%20%20%E9%A1%8C.pdf]"
192.168.61.140 - - [26/Feb/2024:01:16:56 -0500] "PUT /dr-bucket1/NS0-162--78_-20230207-%E5%87%BA38%E9%A1%8C-%E7%B6%A0%E8%89%B2%20%20%E9%A1%8C.pdf HTTP/1.1" 403 2671 "-" ["-"] - [192.168.61.140:10443] - [/dr-bucket1/NS0-162--78_-20230207-%E5%87%BA38%E9%A1%8C-%E7%B6%A0%E8%89%B2%20%20%E9%A1%8C.pdf] [arg: -] "82fbf8cda71d9039fda64d63d193edf0a2bdc8012f80350ed991704305874774" - "20240226T061656Z" - "-" - "-" - "-" - "[ok]"
192.168.51.64 - - [26/Feb/2024:01:16:57 -0500] "PUT /bucket1/NS0-162--78_-20230207-%E5%87%BA38%E9%A1%8C-%E7%B6%A0%E8%89%B2%20%20%E9%A1%8C.pdf HTTP/1.1" 403 2671 "-" ["AWS IFMJ3R6E9EWEE5MFX5U3:hbFoFm3+1qltuAsUwbUfy6MNEiw="] - [192.168.51.136:10443] - [/bucket1/NS0-162--78_-20230207-%E5%87%BA38%E9%A1%8C-%E7%B6%A0%E8%89%B2%20%20%E9%A1%8C.pdf] [arg: -] "-" - "Mon, 26 Feb 2024 06:16:57 GMT" - "-" - "-" - "-" - "[/dr-bucket1/NS0-162--78_-20230207-%E5%87%BA38%E9%A1%8C-%E7%B6%A0%E8%89%B2%20%20%E9%A1%8C.pdf]"
192.168.61.140 - - [26/Feb/2024:01:16:57 -0500] "PUT /dr-bucket1/NS0-162--78_-20230207-%E5%87%BA38%E9%A1%8C-%E7%B6%A0%E8%89%B2%20%20%E9%A1%8C.pdf HTTP/1.1" 403 2671 "-" ["-"] - [192.168.61.140:10443] - [/dr-bucket1/NS0-162--78_-20230207-%E5%87%BA38%E9%A1%8C-%E7%B6%A0%E8%89%B2%20%20%E9%A1%8C.pdf] [arg: -] "82fbf8cda71d9039fda64d63d193edf0a2bdc8012f80350ed991704305874774" - "20240226T061657Z" - "-" - "-" - "-" - "[ok]"
192.168.51.64 - - [26/Feb/2024:01:16:58 -0500] "PUT /bucket1/NS0-162--78_-20230207-%E5%87%BA38%E9%A1%8C-%E7%B6%A0%E8%89%B2%20%20%E9%A1%8C.pdf HTTP/1.1" 403 2671 "-" ["AWS IFMJ3R6E9EWEE5MFX5U3:kQrLLc4S93d9/WytJ70LCsD6snM="] - [192.168.51.136:10443] - [/bucket1/NS0-162--78_-20230207-%E5%87%BA38%E9%A1%8C-%E7%B6%A0%E8%89%B2%20%20%E9%A1%8C.pdf] [arg: -] "-" - "Mon, 26 Feb 2024 06:16:58 GMT" - "-" - "-" - "-" - "[/dr-bucket1/NS0-162--78_-20230207-%E5%87%BA38%E9%A1%8C-%E7%B6%A0%E8%89%B2%20%20%E9%A1%8C.pdf]"
192.168.61.140 - - [26/Feb/2024:01:16:58 -0500] "PUT /dr-bucket1/NS0-162--78_-20230207-%E5%87%BA38%E9%A1%8C-%E7%B6%A0%E8%89%B2%20%20%E9%A1%8C.pdf HTTP/1.1" 403 2671 "-" ["-"] - [192.168.61.140:10443] - [/dr-bucket1/NS0-162--78_-20230207-%E5%87%BA38%E9%A1%8C-%E7%B6%A0%E8%89%B2%20%20%E9%A1%8C.pdf] [arg: -] "82fbf8cda71d9039fda64d63d193edf0a2bdc8012f80350ed991704305874774" - "20240226T061658Z" - "-" - "-" - "-" - "[ok]"
192.168.61.140 - - [26/Feb/2024:01:16:59 -0500] "GET /dr-bucket1/?delimiter=%2F&max-keys=1000&prefix= HTTP/1.1" 200 1495 "-" ["-"] - [192.168.61.140:10443] - [/dr-bucket1/?delimiter=%2F&max-keys=1000&prefix=] [arg: delimiter=%2F&max-keys=1000&prefix=] "e3b0c44298fc1c149afbf4c8996fb92427ae41e4649b934ca495991b7852b855" - "20240226T061659Z" - "-" - "-" - "-" - "[ok]"
192.168.51.64 - - [26/Feb/2024:01:16:59 -0500] "GET /bucket1/?delimiter=%2F&max-keys=1000&prefix= HTTP/1.1" 200 1495 "-" ["AWS IFMJ3R6E9EWEE5MFX5U3:+y3TR2M7D7/T1oPFeKf4TafkL9Y="] - [192.168.51.136:10443] - [/bucket1/?delimiter=%2F&max-keys=1000&prefix=] [arg: delimiter=%2F&max-keys=1000&prefix=] "-" - "Mon, 26 Feb 2024 06:16:59 GMT" - "-" - "-" - "-" - "[/dr-bucket1/?delimiter=%2F&max-keys=1000&prefix=]"
192.168.51.64 - - [26/Feb/2024:01:17:26 -0500] "PUT /bucket1/%5Bssh%20192.168.61.100%5D%20%282024-02-02_134158%29.log HTTP/1.1" 403 2551 "-" ["AWS IFMJ3R6E9EWEE5MFX5U3:+Q4GiyyWoaW2DyECZ5G0I2DbP/c="] - [192.168.51.136:10443] - [/bucket1/%5Bssh%20192.168.61.100%5D%20%282024-02-02_134158%29.log] [arg: -] "-" - "Mon, 26 Feb 2024 06:17:26 GMT" - "-" - "-" - "-" - "[/dr-bucket1/%5Bssh%20192.168.61.100%5D%20%282024-02-02_134158%29.log]"
192.168.61.140 - - [26/Feb/2024:01:17:26 -0500] "PUT /dr-bucket1/%5Bssh%20192.168.61.100%5D%20%282024-02-02_134158%29.log HTTP/1.1" 403 2551 "-" ["-"] - [192.168.61.140:10443] - [/dr-bucket1/%5Bssh%20192.168.61.100%5D%20%282024-02-02_134158%29.log] [arg: -] "c7764a2129a9c0220022b29bf0c80165aee69be12d8a79f669cba320bf25e0ed" - "20240226T061726Z" - "-" - "-" - "-" - "[ok]"
192.168.51.64 - - [26/Feb/2024:01:17:27 -0500] "PUT /bucket1/%5Bssh%20192.168.61.100%5D%20%282024-02-02_134158%29.log HTTP/1.1" 403 2551 "-" ["AWS IFMJ3R6E9EWEE5MFX5U3:YXTL6SDFTblMVSKC7lEbTmoXuVM="] - [192.168.51.136:10443] - [/bucket1/%5Bssh%20192.168.61.100%5D%20%282024-02-02_134158%29.log] [arg: -] "-" - "Mon, 26 Feb 2024 06:17:27 GMT" - "-" - "-" - "-" - "[/dr-bucket1/%5Bssh%20192.168.61.100%5D%20%282024-02-02_134158%29.log]"
192.168.61.140 - - [26/Feb/2024:01:17:27 -0500] "PUT /dr-bucket1/%5Bssh%20192.168.61.100%5D%20%282024-02-02_134158%29.log HTTP/1.1" 403 2551 "-" ["-"] - [192.168.61.140:10443] - [/dr-bucket1/%5Bssh%20192.168.61.100%5D%20%282024-02-02_134158%29.log] [arg: -] "c7764a2129a9c0220022b29bf0c80165aee69be12d8a79f669cba320bf25e0ed" - "20240226T061727Z" - "-" - "-" - "-" - "[ok]"
192.168.51.64 - - [26/Feb/2024:01:17:28 -0500] "PUT /bucket1/%5Bssh%20192.168.61.100%5D%20%282024-02-02_134158%29.log HTTP/1.1" 403 2551 "-" ["AWS IFMJ3R6E9EWEE5MFX5U3:gV4NjbMIey0LWBO6H9p4/gUHpZ4="] - [192.168.51.136:10443] - [/bucket1/%5Bssh%20192.168.61.100%5D%20%282024-02-02_134158%29.log] [arg: -] "-" - "Mon, 26 Feb 2024 06:17:28 GMT" - "-" - "-" - "-" - "[/dr-bucket1/%5Bssh%20192.168.61.100%5D%20%282024-02-02_134158%29.log]"
192.168.61.140 - - [26/Feb/2024:01:17:28 -0500] "PUT /dr-bucket1/%5Bssh%20192.168.61.100%5D%20%282024-02-02_134158%29.log HTTP/1.1" 403 2551 "-" ["-"] - [192.168.61.140:10443] - [/dr-bucket1/%5Bssh%20192.168.61.100%5D%20%282024-02-02_134158%29.log] [arg: -] "c7764a2129a9c0220022b29bf0c80165aee69be12d8a79f669cba320bf25e0ed" - "20240226T061728Z" - "-" - "-" - "-" - "[ok]"
192.168.51.64 - - [26/Feb/2024:01:17:29 -0500] "PUT /bucket1/%5Bssh%20192.168.61.100%5D%20%282024-02-02_134158%29.log HTTP/1.1" 403 2551 "-" ["AWS IFMJ3R6E9EWEE5MFX5U3:PYaVpHIVv6nddtvVwxrv4dGXJ9w="] - [192.168.51.136:10443] - [/bucket1/%5Bssh%20192.168.61.100%5D%20%282024-02-02_134158%29.log] [arg: -] "-" - "Mon, 26 Feb 2024 06:17:29 GMT" - "-" - "-" - "-" - "[/dr-bucket1/%5Bssh%20192.168.61.100%5D%20%282024-02-02_134158%29.log]"
192.168.61.140 - - [26/Feb/2024:01:17:29 -0500] "PUT /dr-bucket1/%5Bssh%20192.168.61.100%5D%20%282024-02-02_134158%29.log HTTP/1.1" 403 2551 "-" ["-"] - [192.168.61.140:10443] - [/dr-bucket1/%5Bssh%20192.168.61.100%5D%20%282024-02-02_134158%29.log] [arg: -] "c7764a2129a9c0220022b29bf0c80165aee69be12d8a79f669cba320bf25e0ed" - "20240226T061729Z" - "-" - "-" - "-" - "[ok]"
192.168.61.140 - - [26/Feb/2024:01:17:30 -0500] "GET /dr-bucket1/?delimiter=%2F&max-keys=1000&prefix= HTTP/1.1" 200 1495 "-" ["-"] - [192.168.61.140:10443] - [/dr-bucket1/?delimiter=%2F&max-keys=1000&prefix=] [arg: delimiter=%2F&max-keys=1000&prefix=] "e3b0c44298fc1c149afbf4c8996fb92427ae41e4649b934ca495991b7852b855" - "20240226T061730Z" - "-" - "-" - "-" - "[ok]"
192.168.51.64 - - [26/Feb/2024:01:17:30 -0500] "GET /bucket1/?delimiter=%2F&max-keys=1000&prefix= HTTP/1.1" 200 1495 "-" ["AWS IFMJ3R6E9EWEE5MFX5U3:hmAaoKDlmzJRxhaPtyE5HRawhjU="] - [192.168.51.136:10443] - [/bucket1/?delimiter=%2F&max-keys=1000&prefix=] [arg: delimiter=%2F&max-keys=1000&prefix=] "-" - "Mon, 26 Feb 2024 06:17:30 GMT" - "-" - "-" - "-" - "[/dr-bucket1/?delimiter=%2F&max-keys=1000&prefix=]"
192.168.51.64 - - [26/Feb/2024:01:17:58 -0500] "PUT /bucket1/S3_KEY.txt HTTP/1.1" 200 0 "-" ["AWS IFMJ3R6E9EWEE5MFX5U3:S+MfjBaswQAilBY3sVj/fk0yQEA="] - [192.168.51.136:10443] - [/bucket1/S3_KEY.txt] [arg: -] "-" - "Mon, 26 Feb 2024 06:17:58 GMT" - "-" - "-" - "-" - "[/dr-bucket1/S3_KEY.txt]"
192.168.61.140 - - [26/Feb/2024:01:17:58 -0500] "PUT /dr-bucket1/S3_KEY.txt HTTP/1.1" 200 0 "-" ["-"] - [192.168.61.140:10443] - [/dr-bucket1/S3_KEY.txt] [arg: -] "eeae1844b59e411f07d7c4a0ea7a50c2df1c9fb67ed4c6eb0ff5dcc811d89010" - "20240226T061758Z" - "-" - "-" - "-" - "[ok]"
192.168.61.140 - - [26/Feb/2024:01:17:58 -0500] "GET /dr-bucket1/?delimiter=%2F&max-keys=1000&prefix= HTTP/1.1" 200 1495 "-" ["-"] - [192.168.61.140:10443] - [/dr-bucket1/?delimiter=%2F&max-keys=1000&prefix=] [arg: delimiter=%2F&max-keys=1000&prefix=] "e3b0c44298fc1c149afbf4c8996fb92427ae41e4649b934ca495991b7852b855" - "20240226T061758Z" - "-" - "-" - "-" - "[ok]"
192.168.51.64 - - [26/Feb/2024:01:17:58 -0500] "GET /bucket1/?delimiter=%2F&max-keys=1000&prefix= HTTP/1.1" 200 1495 "-" ["AWS IFMJ3R6E9EWEE5MFX5U3:+i7SNrhCRydAusbFMee5Lil9CQs="] - [192.168.51.136:10443] - [/bucket1/?delimiter=%2F&max-keys=1000&prefix=] [arg: delimiter=%2F&max-keys=1000&prefix=] "-" - "Mon, 26 Feb 2024 06:17:58 GMT" - "-" - "-" - "-" - "[/dr-bucket1/?delimiter=%2F&max-keys=1000&prefix=]"
192.168.61.140 - - [26/Feb/2024:01:18:02 -0500] "GET /dr-bucket1/?delimiter=%2F&max-keys=1000&prefix=CTBC%2F HTTP/1.1" 200 1500 "-" ["-"] - [192.168.61.140:10443] - [/dr-bucket1/?delimiter=%2F&max-keys=1000&prefix=CTBC%2F] [arg: delimiter=%2F&max-keys=1000&prefix=CTBC%2F] "e3b0c44298fc1c149afbf4c8996fb92427ae41e4649b934ca495991b7852b855" - "20240226T061802Z" - "-" - "-" - "-" - "[ok]"
192.168.51.64 - - [26/Feb/2024:01:18:02 -0500] "GET /bucket1/?delimiter=%2F&max-keys=1000&prefix=CTBC%2F HTTP/1.1" 200 1500 "-" ["AWS IFMJ3R6E9EWEE5MFX5U3:M+c5HFf1AcTPxyXtGd3yO4RzsJ8="] - [192.168.51.136:10443] - [/bucket1/?delimiter=%2F&max-keys=1000&prefix=CTBC%2F] [arg: delimiter=%2F&max-keys=1000&prefix=CTBC%2F] "-" - "Mon, 26 Feb 2024 06:18:02 GMT" - "-" - "-" - "-" - "[/dr-bucket1/?delimiter=%2F&max-keys=1000&prefix=CTBC%2F]"
192.168.61.140 - - [26/Feb/2024:01:18:04 -0500] "GET /dr-bucket1/?delimiter=%2F&max-keys=1000&prefix=CTBC%2F123%2F HTTP/1.1" 200 922 "-" ["-"] - [192.168.61.140:10443] - [/dr-bucket1/?delimiter=%2F&max-keys=1000&prefix=CTBC%2F123%2F] [arg: delimiter=%2F&max-keys=1000&prefix=CTBC%2F123%2F] "e3b0c44298fc1c149afbf4c8996fb92427ae41e4649b934ca495991b7852b855" - "20240226T061804Z" - "-" - "-" - "-" - "[ok]"
192.168.51.64 - - [26/Feb/2024:01:18:04 -0500] "GET /bucket1/?delimiter=%2F&max-keys=1000&prefix=CTBC%2F123%2F HTTP/1.1" 200 922 "-" ["AWS IFMJ3R6E9EWEE5MFX5U3:4QcBCpV5iB/OEYSkhQYfCWTIzFk="] - [192.168.51.136:10443] - [/bucket1/?delimiter=%2F&max-keys=1000&prefix=CTBC%2F123%2F] [arg: delimiter=%2F&max-keys=1000&prefix=CTBC%2F123%2F] "-" - "Mon, 26 Feb 2024 06:18:04 GMT" - "-" - "-" - "-" - "[/dr-bucket1/?delimiter=%2F&max-keys=1000&prefix=CTBC%2F123%2F]"
192.168.51.64 - - [26/Feb/2024:01:18:11 -0500] "PUT /bucket1/CTBC/123/SN.txt HTTP/1.1" 200 0 "-" ["AWS IFMJ3R6E9EWEE5MFX5U3:Rq/RSO0Toni8k07mYcry+sxjSxo="] - [192.168.51.136:10443] - [/bucket1/CTBC/123/SN.txt] [arg: -] "-" - "Mon, 26 Feb 2024 06:18:11 GMT" - "-" - "-" - "-" - "[/dr-bucket1/CTBC/123/SN.txt]"
192.168.61.140 - - [26/Feb/2024:01:18:11 -0500] "PUT /dr-bucket1/CTBC/123/SN.txt HTTP/1.1" 200 0 "-" ["-"] - [192.168.61.140:10443] - [/dr-bucket1/CTBC/123/SN.txt] [arg: -] "5498592d1e7f507e9a6d67a8c9f432a28808b204449117984f356920b4a71bcb" - "20240226T061811Z" - "-" - "-" - "-" - "[ok]"
192.168.61.140 - - [26/Feb/2024:01:18:11 -0500] "GET /dr-bucket1/?delimiter=%2F&max-keys=1000&prefix=CTBC%2F123%2F HTTP/1.1" 200 1219 "-" ["-"] - [192.168.61.140:10443] - [/dr-bucket1/?delimiter=%2F&max-keys=1000&prefix=CTBC%2F123%2F] [arg: delimiter=%2F&max-keys=1000&prefix=CTBC%2F123%2F] "e3b0c44298fc1c149afbf4c8996fb92427ae41e4649b934ca495991b7852b855" - "20240226T061811Z" - "-" - "-" - "-" - "[ok]"
192.168.51.64 - - [26/Feb/2024:01:18:11 -0500] "GET /bucket1/?delimiter=%2F&max-keys=1000&prefix=CTBC%2F123%2F HTTP/1.1" 200 1219 "-" ["AWS IFMJ3R6E9EWEE5MFX5U3:K9uUvW8I6u8f8VGVmHY4oQNTZvo="] - [192.168.51.136:10443] - [/bucket1/?delimiter=%2F&max-keys=1000&prefix=CTBC%2F123%2F] [arg: delimiter=%2F&max-keys=1000&prefix=CTBC%2F123%2F] "-" - "Mon, 26 Feb 2024 06:18:11 GMT" - "-" - "-" - "-" - "[/dr-bucket1/?delimiter=%2F&max-keys=1000&prefix=CTBC%2F123%2F]"
192.168.51.64 - - [26/Feb/2024:01:18:24 -0500] "PUT /bucket1/CTBC/123/S3%20Proxy%20Steps.txt HTTP/1.1" 403 2426 "-" ["AWS IFMJ3R6E9EWEE5MFX5U3:LlAgauhnP4wZQI6rCWdg+0EdzEs="] - [192.168.51.136:10443] - [/bucket1/CTBC/123/S3%20Proxy%20Steps.txt] [arg: -] "-" - "Mon, 26 Feb 2024 06:18:24 GMT" - "-" - "-" - "-" - "[/dr-bucket1/CTBC/123/S3%20Proxy%20Steps.txt]"
192.168.61.140 - - [26/Feb/2024:01:18:24 -0500] "PUT /dr-bucket1/CTBC/123/S3%20Proxy%20Steps.txt HTTP/1.1" 403 2426 "-" ["-"] - [192.168.61.140:10443] - [/dr-bucket1/CTBC/123/S3%20Proxy%20Steps.txt] [arg: -] "28e3231440e5f288d2a99226ff3e7ea5644ebf5cf5be0b5ece880543b1404796" - "20240226T061824Z" - "-" - "-" - "-" - "[ok]"
192.168.51.64 - - [26/Feb/2024:01:18:25 -0500] "PUT /bucket1/CTBC/123/S3%20Proxy%20Steps.txt HTTP/1.1" 403 2426 "-" ["AWS IFMJ3R6E9EWEE5MFX5U3:rkMofiRb1q7vC53K8TaD47RkPaU="] - [192.168.51.136:10443] - [/bucket1/CTBC/123/S3%20Proxy%20Steps.txt] [arg: -] "-" - "Mon, 26 Feb 2024 06:18:25 GMT" - "-" - "-" - "-" - "[/dr-bucket1/CTBC/123/S3%20Proxy%20Steps.txt]"
192.168.61.140 - - [26/Feb/2024:01:18:25 -0500] "PUT /dr-bucket1/CTBC/123/S3%20Proxy%20Steps.txt HTTP/1.1" 403 2426 "-" ["-"] - [192.168.61.140:10443] - [/dr-bucket1/CTBC/123/S3%20Proxy%20Steps.txt] [arg: -] "28e3231440e5f288d2a99226ff3e7ea5644ebf5cf5be0b5ece880543b1404796" - "20240226T061825Z" - "-" - "-" - "-" - "[ok]"
192.168.51.64 - - [26/Feb/2024:01:18:26 -0500] "PUT /bucket1/CTBC/123/S3%20Proxy%20Steps.txt HTTP/1.1" 403 2426 "-" ["AWS IFMJ3R6E9EWEE5MFX5U3:kL4Hw3MKCuh8/p1EQK5h3PRx4fs="] - [192.168.51.136:10443] - [/bucket1/CTBC/123/S3%20Proxy%20Steps.txt] [arg: -] "-" - "Mon, 26 Feb 2024 06:18:26 GMT" - "-" - "-" - "-" - "[/dr-bucket1/CTBC/123/S3%20Proxy%20Steps.txt]"
192.168.61.140 - - [26/Feb/2024:01:18:26 -0500] "PUT /dr-bucket1/CTBC/123/S3%20Proxy%20Steps.txt HTTP/1.1" 403 2426 "-" ["-"] - [192.168.61.140:10443] - [/dr-bucket1/CTBC/123/S3%20Proxy%20Steps.txt] [arg: -] "28e3231440e5f288d2a99226ff3e7ea5644ebf5cf5be0b5ece880543b1404796" - "20240226T061826Z" - "-" - "-" - "-" - "[ok]"
192.168.51.64 - - [26/Feb/2024:01:18:27 -0500] "PUT /bucket1/CTBC/123/S3%20Proxy%20Steps.txt HTTP/1.1" 403 2426 "-" ["AWS IFMJ3R6E9EWEE5MFX5U3:BdQuTagXdV5MxEM/SetIYdn+ZjM="] - [192.168.51.136:10443] - [/bucket1/CTBC/123/S3%20Proxy%20Steps.txt] [arg: -] "-" - "Mon, 26 Feb 2024 06:18:27 GMT" - "-" - "-" - "-" - "[/dr-bucket1/CTBC/123/S3%20Proxy%20Steps.txt]"
192.168.61.140 - - [26/Feb/2024:01:18:27 -0500] "PUT /dr-bucket1/CTBC/123/S3%20Proxy%20Steps.txt HTTP/1.1" 403 2426 "-" ["-"] - [192.168.61.140:10443] - [/dr-bucket1/CTBC/123/S3%20Proxy%20Steps.txt] [arg: -] "28e3231440e5f288d2a99226ff3e7ea5644ebf5cf5be0b5ece880543b1404796" - "20240226T061827Z" - "-" - "-" - "-" - "[ok]"
192.168.61.140 - - [26/Feb/2024:01:18:29 -0500] "GET /dr-bucket1/?delimiter=%2F&max-keys=1000&prefix=CTBC%2F123%2F HTTP/1.1" 200 1219 "-" ["-"] - [192.168.61.140:10443] - [/dr-bucket1/?delimiter=%2F&max-keys=1000&prefix=CTBC%2F123%2F] [arg: delimiter=%2F&max-keys=1000&prefix=CTBC%2F123%2F] "e3b0c44298fc1c149afbf4c8996fb92427ae41e4649b934ca495991b7852b855" - "20240226T061829Z" - "-" - "-" - "-" - "[ok]"
192.168.51.64 - - [26/Feb/2024:01:18:29 -0500] "GET /bucket1/?delimiter=%2F&max-keys=1000&prefix=CTBC%2F123%2F HTTP/1.1" 200 1219 "-" ["AWS IFMJ3R6E9EWEE5MFX5U3:0ZK4Z7VmIsn+0ejJDOfd40WWzrw="] - [192.168.51.136:10443] - [/bucket1/?delimiter=%2F&max-keys=1000&prefix=CTBC%2F123%2F] [arg: delimiter=%2F&max-keys=1000&prefix=CTBC%2F123%2F] "-" - "Mon, 26 Feb 2024 06:18:29 GMT" - "-" - "-" - "-" - "[/dr-bucket1/?delimiter=%2F&max-keys=1000&prefix=CTBC%2F123%2F]"
192.168.51.64 - - [26/Feb/2024:01:18:40 -0500] "PUT /bucket1/CTBC/123/20240201-TRA-%E9%9B%B2%E7%AB%AF%E8%B3%87%E6%BA%90%E4%B8%AD%E5%BF%83-%E7%B7%9A%E6%A8%99(Mgt).leb HTTP/1.1" 403 2807 "-" ["AWS IFMJ3R6E9EWEE5MFX5U3:gI55yuNPO/md31SqC5keIUfvctI="] - [192.168.51.136:10443] - [/bucket1/CTBC/123/20240201-TRA-%E9%9B%B2%E7%AB%AF%E8%B3%87%E6%BA%90%E4%B8%AD%E5%BF%83-%E7%B7%9A%E6%A8%99(Mgt).leb] [arg: -] "-" - "Mon, 26 Feb 2024 06:18:40 GMT" - "-" - "-" - "-" - "[/dr-bucket1/CTBC/123/20240201-TRA-%E9%9B%B2%E7%AB%AF%E8%B3%87%E6%BA%90%E4%B8%AD%E5%BF%83-%E7%B7%9A%E6%A8%99(Mgt).leb]"
192.168.61.140 - - [26/Feb/2024:01:18:40 -0500] "PUT /dr-bucket1/CTBC/123/20240201-TRA-%E9%9B%B2%E7%AB%AF%E8%B3%87%E6%BA%90%E4%B8%AD%E5%BF%83-%E7%B7%9A%E6%A8%99(Mgt).leb HTTP/1.1" 403 2807 "-" ["-"] - [192.168.61.140:10443] - [/dr-bucket1/CTBC/123/20240201-TRA-%E9%9B%B2%E7%AB%AF%E8%B3%87%E6%BA%90%E4%B8%AD%E5%BF%83-%E7%B7%9A%E6%A8%99(Mgt).leb] [arg: -] "e2e994aa31e43c917cf7d254ac33372e2991d7776a5793444b60922687425bb7" - "20240226T061840Z" - "-" - "-" - "-" - "[ok]"
192.168.51.64 - - [26/Feb/2024:01:18:41 -0500] "PUT /bucket1/CTBC/123/20240201-TRA-%E9%9B%B2%E7%AB%AF%E8%B3%87%E6%BA%90%E4%B8%AD%E5%BF%83-%E7%B7%9A%E6%A8%99(Mgt).leb HTTP/1.1" 403 2807 "-" ["AWS IFMJ3R6E9EWEE5MFX5U3:jQ3/fdvilVk/UUmeezr+5ZybsmI="] - [192.168.51.136:10443] - [/bucket1/CTBC/123/20240201-TRA-%E9%9B%B2%E7%AB%AF%E8%B3%87%E6%BA%90%E4%B8%AD%E5%BF%83-%E7%B7%9A%E6%A8%99(Mgt).leb] [arg: -] "-" - "Mon, 26 Feb 2024 06:18:41 GMT" - "-" - "-" - "-" - "[/dr-bucket1/CTBC/123/20240201-TRA-%E9%9B%B2%E7%AB%AF%E8%B3%87%E6%BA%90%E4%B8%AD%E5%BF%83-%E7%B7%9A%E6%A8%99(Mgt).leb]"
192.168.61.140 - - [26/Feb/2024:01:18:41 -0500] "PUT /dr-bucket1/CTBC/123/20240201-TRA-%E9%9B%B2%E7%AB%AF%E8%B3%87%E6%BA%90%E4%B8%AD%E5%BF%83-%E7%B7%9A%E6%A8%99(Mgt).leb HTTP/1.1" 403 2807 "-" ["-"] - [192.168.61.140:10443] - [/dr-bucket1/CTBC/123/20240201-TRA-%E9%9B%B2%E7%AB%AF%E8%B3%87%E6%BA%90%E4%B8%AD%E5%BF%83-%E7%B7%9A%E6%A8%99(Mgt).leb] [arg: -] "e2e994aa31e43c917cf7d254ac33372e2991d7776a5793444b60922687425bb7" - "20240226T061841Z" - "-" - "-" - "-" - "[ok]"
192.168.51.64 - - [26/Feb/2024:01:18:43 -0500] "PUT /bucket1/CTBC/123/20240201-TRA-%E9%9B%B2%E7%AB%AF%E8%B3%87%E6%BA%90%E4%B8%AD%E5%BF%83-%E7%B7%9A%E6%A8%99(Mgt).leb HTTP/1.1" 403 2807 "-" ["AWS IFMJ3R6E9EWEE5MFX5U3:bA5mevJak6saO72UhmsKUM2CT1g="] - [192.168.51.136:10443] - [/bucket1/CTBC/123/20240201-TRA-%E9%9B%B2%E7%AB%AF%E8%B3%87%E6%BA%90%E4%B8%AD%E5%BF%83-%E7%B7%9A%E6%A8%99(Mgt).leb] [arg: -] "-" - "Mon, 26 Feb 2024 06:18:43 GMT" - "-" - "-" - "-" - "[/dr-bucket1/CTBC/123/20240201-TRA-%E9%9B%B2%E7%AB%AF%E8%B3%87%E6%BA%90%E4%B8%AD%E5%BF%83-%E7%B7%9A%E6%A8%99(Mgt).leb]"
192.168.61.140 - - [26/Feb/2024:01:18:43 -0500] "PUT /dr-bucket1/CTBC/123/20240201-TRA-%E9%9B%B2%E7%AB%AF%E8%B3%87%E6%BA%90%E4%B8%AD%E5%BF%83-%E7%B7%9A%E6%A8%99(Mgt).leb HTTP/1.1" 403 2807 "-" ["-"] - [192.168.61.140:10443] - [/dr-bucket1/CTBC/123/20240201-TRA-%E9%9B%B2%E7%AB%AF%E8%B3%87%E6%BA%90%E4%B8%AD%E5%BF%83-%E7%B7%9A%E6%A8%99(Mgt).leb] [arg: -] "e2e994aa31e43c917cf7d254ac33372e2991d7776a5793444b60922687425bb7" - "20240226T061843Z" - "-" - "-" - "-" - "[ok]"
192.168.51.64 - - [26/Feb/2024:01:18:44 -0500] "PUT /bucket1/CTBC/123/20240201-TRA-%E9%9B%B2%E7%AB%AF%E8%B3%87%E6%BA%90%E4%B8%AD%E5%BF%83-%E7%B7%9A%E6%A8%99(Mgt).leb HTTP/1.1" 403 2807 "-" ["AWS IFMJ3R6E9EWEE5MFX5U3:U5Ej/UDeU0exV+bhII8eOfR5UnI="] - [192.168.51.136:10443] - [/bucket1/CTBC/123/20240201-TRA-%E9%9B%B2%E7%AB%AF%E8%B3%87%E6%BA%90%E4%B8%AD%E5%BF%83-%E7%B7%9A%E6%A8%99(Mgt).leb] [arg: -] "-" - "Mon, 26 Feb 2024 06:18:44 GMT" - "-" - "-" - "-" - "[/dr-bucket1/CTBC/123/20240201-TRA-%E9%9B%B2%E7%AB%AF%E8%B3%87%E6%BA%90%E4%B8%AD%E5%BF%83-%E7%B7%9A%E6%A8%99(Mgt).leb]"
192.168.61.140 - - [26/Feb/2024:01:18:44 -0500] "PUT /dr-bucket1/CTBC/123/20240201-TRA-%E9%9B%B2%E7%AB%AF%E8%B3%87%E6%BA%90%E4%B8%AD%E5%BF%83-%E7%B7%9A%E6%A8%99(Mgt).leb HTTP/1.1" 403 2807 "-" ["-"] - [192.168.61.140:10443] - [/dr-bucket1/CTBC/123/20240201-TRA-%E9%9B%B2%E7%AB%AF%E8%B3%87%E6%BA%90%E4%B8%AD%E5%BF%83-%E7%B7%9A%E6%A8%99(Mgt).leb] [arg: -] "e2e994aa31e43c917cf7d254ac33372e2991d7776a5793444b60922687425bb7" - "20240226T061844Z" - "-" - "-" - "-" - "[ok]"
192.168.61.140 - - [26/Feb/2024:01:18:45 -0500] "GET /dr-bucket1/?delimiter=%2F&max-keys=1000&prefix=CTBC%2F123%2F HTTP/1.1" 200 1219 "-" ["-"] - [192.168.61.140:10443] - [/dr-bucket1/?delimiter=%2F&max-keys=1000&prefix=CTBC%2F123%2F] [arg: delimiter=%2F&max-keys=1000&prefix=CTBC%2F123%2F] "e3b0c44298fc1c149afbf4c8996fb92427ae41e4649b934ca495991b7852b855" - "20240226T061845Z" - "-" - "-" - "-" - "[ok]"
192.168.51.64 - - [26/Feb/2024:01:18:45 -0500] "GET /bucket1/?delimiter=%2F&max-keys=1000&prefix=CTBC%2F123%2F HTTP/1.1" 200 1219 "-" ["AWS IFMJ3R6E9EWEE5MFX5U3:d+jiHta/iib72rBbSlOwuMtLof0="] - [192.168.51.136:10443] - [/bucket1/?delimiter=%2F&max-keys=1000&prefix=CTBC%2F123%2F] [arg: delimiter=%2F&max-keys=1000&prefix=CTBC%2F123%2F] "-" - "Mon, 26 Feb 2024 06:18:45 GMT" - "-" - "-" - "-" - "[/dr-bucket1/?delimiter=%2F&max-keys=1000&prefix=CTBC%2F123%2F]"
192.168.61.140 - - [26/Feb/2024:01:18:50 -0500] "GET /dr-bucket1/?delimiter=%2F&max-keys=1000&prefix=CTBC%2F HTTP/1.1" 200 1500 "-" ["-"] - [192.168.61.140:10443] - [/dr-bucket1/?delimiter=%2F&max-keys=1000&prefix=CTBC%2F] [arg: delimiter=%2F&max-keys=1000&prefix=CTBC%2F] "e3b0c44298fc1c149afbf4c8996fb92427ae41e4649b934ca495991b7852b855" - "20240226T061850Z" - "-" - "-" - "-" - "[ok]"
192.168.51.64 - - [26/Feb/2024:01:18:50 -0500] "GET /bucket1/?delimiter=%2F&max-keys=1000&prefix=CTBC%2F HTTP/1.1" 200 1500 "-" ["AWS IFMJ3R6E9EWEE5MFX5U3:6rdx+rnTfj5xBpoxORLycAcYRxM="] - [192.168.51.136:10443] - [/bucket1/?delimiter=%2F&max-keys=1000&prefix=CTBC%2F] [arg: delimiter=%2F&max-keys=1000&prefix=CTBC%2F] "-" - "Mon, 26 Feb 2024 06:18:50 GMT" - "-" - "-" - "-" - "[/dr-bucket1/?delimiter=%2F&max-keys=1000&prefix=CTBC%2F]"
192.168.61.140 - - [26/Feb/2024:01:18:52 -0500] "GET /dr-bucket1/?delimiter=%2F&max-keys=1000&prefix= HTTP/1.1" 200 1495 "-" ["-"] - [192.168.61.140:10443] - [/dr-bucket1/?delimiter=%2F&max-keys=1000&prefix=] [arg: delimiter=%2F&max-keys=1000&prefix=] "e3b0c44298fc1c149afbf4c8996fb92427ae41e4649b934ca495991b7852b855" - "20240226T061852Z" - "-" - "-" - "-" - "[ok]"
192.168.51.64 - - [26/Feb/2024:01:18:52 -0500] "GET /bucket1/?delimiter=%2F&max-keys=1000&prefix= HTTP/1.1" 200 1495 "-" ["AWS IFMJ3R6E9EWEE5MFX5U3:ivQo4VKWR6Q17IWWRQcwO0/1H3k="] - [192.168.51.136:10443] - [/bucket1/?delimiter=%2F&max-keys=1000&prefix=] [arg: delimiter=%2F&max-keys=1000&prefix=] "-" - "Mon, 26 Feb 2024 06:18:52 GMT" - "-" - "-" - "-" - "[/dr-bucket1/?delimiter=%2F&max-keys=1000&prefix=]"
192.168.61.140 - - [26/Feb/2024:01:18:54 -0500] "GET /dr-bucket1/?delimiter=%2F&max-keys=1000&prefix=CTBC%2F HTTP/1.1" 200 1500 "-" ["-"] - [192.168.61.140:10443] - [/dr-bucket1/?delimiter=%2F&max-keys=1000&prefix=CTBC%2F] [arg: delimiter=%2F&max-keys=1000&prefix=CTBC%2F] "e3b0c44298fc1c149afbf4c8996fb92427ae41e4649b934ca495991b7852b855" - "20240226T061854Z" - "-" - "-" - "-" - "[ok]"
192.168.51.64 - - [26/Feb/2024:01:18:54 -0500] "GET /bucket1/?delimiter=%2F&max-keys=1000&prefix=CTBC%2F HTTP/1.1" 200 1500 "-" ["AWS IFMJ3R6E9EWEE5MFX5U3:UoAzSiKuOUYJbJeb0fR1Jwz19vg="] - [192.168.51.136:10443] - [/bucket1/?delimiter=%2F&max-keys=1000&prefix=CTBC%2F] [arg: delimiter=%2F&max-keys=1000&prefix=CTBC%2F] "-" - "Mon, 26 Feb 2024 06:18:54 GMT" - "-" - "-" - "-" - "[/dr-bucket1/?delimiter=%2F&max-keys=1000&prefix=CTBC%2F]"
192.168.61.140 - - [26/Feb/2024:01:18:55 -0500] "GET /dr-bucket1/?delimiter=%2F&max-keys=1000&prefix= HTTP/1.1" 200 1495 "-" ["-"] - [192.168.61.140:10443] - [/dr-bucket1/?delimiter=%2F&max-keys=1000&prefix=] [arg: delimiter=%2F&max-keys=1000&prefix=] "e3b0c44298fc1c149afbf4c8996fb92427ae41e4649b934ca495991b7852b855" - "20240226T061855Z" - "-" - "-" - "-" - "[ok]"
192.168.51.64 - - [26/Feb/2024:01:18:55 -0500] "GET /bucket1/?delimiter=%2F&max-keys=1000&prefix= HTTP/1.1" 200 1495 "-" ["AWS IFMJ3R6E9EWEE5MFX5U3:buttcFhK1K9bHZlFWwlxt56YDps="] - [192.168.51.136:10443] - [/bucket1/?delimiter=%2F&max-keys=1000&prefix=] [arg: delimiter=%2F&max-keys=1000&prefix=] "-" - "Mon, 26 Feb 2024 06:18:55 GMT" - "-" - "-" - "-" - "[/dr-bucket1/?delimiter=%2F&max-keys=1000&prefix=]"
192.168.51.64 - - [26/Feb/2024:01:24:34 -0500] "GET /dr-bucket1/?object-lock= HTTP/1.1" 404 263 "-" ["AWS IFMJ3R6E9EWEE5MFX5U3:xH16bvgqp7I7xqwWsmY5mGd5/Oo="] - [192.168.51.136:10443] - [/dr-bucket1/?object-lock=] [arg: object-lock=] "-" - "Mon, 26 Feb 2024 06:24:34 GMT" - "-" - "-" - "-" - "[ok]"
192.168.51.64 - - [26/Feb/2024:01:24:34 -0500] "GET /dr-bucket1/?delimiter=%2F&max-keys=1000&prefix= HTTP/1.1" 200 1495 "-" ["AWS IFMJ3R6E9EWEE5MFX5U3:ZU5p6BUQniBj5TLZ8EZtsE9uOec="] - [192.168.51.136:10443] - [/dr-bucket1/?delimiter=%2F&max-keys=1000&prefix=] [arg: delimiter=%2F&max-keys=1000&prefix=] "-" - "Mon, 26 Feb 2024 06:24:34 GMT" - "-" - "-" - "-" - "[ok]"
192.168.51.64 - - [26/Feb/2024:01:25:25 -0500] "PUT /dr-bucket1/NS0-162--78_-20230207-%E5%87%BA38%E9%A1%8C-%E7%B6%A0%E8%89%B2%20%20%E9%A1%8C.pdf HTTP/1.1" 200 0 "-" ["AWS IFMJ3R6E9EWEE5MFX5U3:XtQGJCUN+RotNJCvq1zQnJg04EU="] - [192.168.51.136:10443] - [/dr-bucket1/NS0-162--78_-20230207-%E5%87%BA38%E9%A1%8C-%E7%B6%A0%E8%89%B2%20%20%E9%A1%8C.pdf] [arg: -] "-" - "Mon, 26 Feb 2024 06:25:24 GMT" - "-" - "-" - "-" - "[ok]"
192.168.51.64 - - [26/Feb/2024:01:25:25 -0500] "GET /dr-bucket1/?delimiter=%2F&max-keys=1000&prefix= HTTP/1.1" 200 1826 "-" ["AWS IFMJ3R6E9EWEE5MFX5U3:CznFuw4qyJyvCuzS7qzGkPzwXrg="] - [192.168.51.136:10443] - [/dr-bucket1/?delimiter=%2F&max-keys=1000&prefix=] [arg: delimiter=%2F&max-keys=1000&prefix=] "-" - "Mon, 26 Feb 2024 06:25:25 GMT" - "-" - "-" - "-" - "[ok]"
192.168.51.64 - - [26/Feb/2024:01:25:31 -0500] "GET /dr-bucket1/?versioning= HTTP/1.1" 200 113 "-" ["AWS IFMJ3R6E9EWEE5MFX5U3:+sOOYBs7gBbQHtHSJ6IoA0ALzoM="] - [192.168.51.136:10443] - [/dr-bucket1/?versioning=] [arg: versioning=] "-" - "Mon, 26 Feb 2024 06:25:31 GMT" - "-" - "-" - "-" - "[ok]"
192.168.51.64 - - [26/Feb/2024:01:25:31 -0500] "DELETE /dr-bucket1/NS0-162--78_-20230207-%E5%87%BA38%E9%A1%8C-%E7%B6%A0%E8%89%B2%20%20%E9%A1%8C.pdf HTTP/1.1" 204 0 "-" ["AWS IFMJ3R6E9EWEE5MFX5U3:ZL/zoJlX+IXCf60p8HaaG7AvcqY="] - [192.168.51.136:10443] - [/dr-bucket1/NS0-162--78_-20230207-%E5%87%BA38%E9%A1%8C-%E7%B6%A0%E8%89%B2%20%20%E9%A1%8C.pdf] [arg: -] "-" - "Mon, 26 Feb 2024 06:25:31 GMT" - "-" - "-" - "-" - "[ok]"
192.168.51.64 - - [26/Feb/2024:01:25:31 -0500] "GET /dr-bucket1/?delimiter=%2F&max-keys=1000&prefix= HTTP/1.1" 200 1495 "-" ["AWS IFMJ3R6E9EWEE5MFX5U3:lMhRh5pCg5KRNWGIwoHUGloeQvo="] - [192.168.51.136:10443] - [/dr-bucket1/?delimiter=%2F&max-keys=1000&prefix=] [arg: delimiter=%2F&max-keys=1000&prefix=] "-" - "Mon, 26 Feb 2024 06:25:31 GMT" - "-" - "-" - "-" - "[ok]"
192.168.61.140 - - [26/Feb/2024:01:25:33 -0500] "GET /dr-bucket1/?delimiter=%2F&max-keys=1000&prefix= HTTP/1.1" 200 1495 "-" ["-"] - [192.168.61.140:10443] - [/dr-bucket1/?delimiter=%2F&max-keys=1000&prefix=] [arg: delimiter=%2F&max-keys=1000&prefix=] "e3b0c44298fc1c149afbf4c8996fb92427ae41e4649b934ca495991b7852b855" - "20240226T062533Z" - "-" - "-" - "-" - "[ok]"
192.168.51.64 - - [26/Feb/2024:01:25:33 -0500] "GET /bucket1/?delimiter=%2F&max-keys=1000&prefix= HTTP/1.1" 200 1495 "-" ["AWS IFMJ3R6E9EWEE5MFX5U3:vITZhERocc6jX/ldlyL17MuoB9o="] - [192.168.51.136:10443] - [/bucket1/?delimiter=%2F&max-keys=1000&prefix=] [arg: delimiter=%2F&max-keys=1000&prefix=] "-" - "Mon, 26 Feb 2024 06:25:33 GMT" - "-" - "-" - "-" - "[/dr-bucket1/?delimiter=%2F&max-keys=1000&prefix=]"
192.168.51.64 - - [26/Feb/2024:01:25:44 -0500] "PUT /bucket1/NS0-162--78_-20230207-%E5%87%BA38%E9%A1%8C-%E7%B6%A0%E8%89%B2%20%20%E9%A1%8C.pdf HTTP/1.1" 403 2671 "-" ["AWS IFMJ3R6E9EWEE5MFX5U3:siM8yZ0hWG4LqC6vOucG5uUqyr8="] - [192.168.51.136:10443] - [/bucket1/NS0-162--78_-20230207-%E5%87%BA38%E9%A1%8C-%E7%B6%A0%E8%89%B2%20%20%E9%A1%8C.pdf] [arg: -] "-" - "Mon, 26 Feb 2024 06:25:43 GMT" - "-" - "-" - "-" - "[/dr-bucket1/NS0-162--78_-20230207-%E5%87%BA38%E9%A1%8C-%E7%B6%A0%E8%89%B2%20%20%E9%A1%8C.pdf]"
192.168.61.140 - - [26/Feb/2024:01:25:44 -0500] "PUT /dr-bucket1/NS0-162--78_-20230207-%E5%87%BA38%E9%A1%8C-%E7%B6%A0%E8%89%B2%20%20%E9%A1%8C.pdf HTTP/1.1" 403 2671 "-" ["-"] - [192.168.61.140:10443] - [/dr-bucket1/NS0-162--78_-20230207-%E5%87%BA38%E9%A1%8C-%E7%B6%A0%E8%89%B2%20%20%E9%A1%8C.pdf] [arg: -] "82fbf8cda71d9039fda64d63d193edf0a2bdc8012f80350ed991704305874774" - "20240226T062544Z" - "-" - "-" - "-" - "[ok]"
192.168.51.64 - - [26/Feb/2024:01:25:45 -0500] "PUT /bucket1/NS0-162--78_-20230207-%E5%87%BA38%E9%A1%8C-%E7%B6%A0%E8%89%B2%20%20%E9%A1%8C.pdf HTTP/1.1" 403 2671 "-" ["AWS IFMJ3R6E9EWEE5MFX5U3:eqZPgPV/ktlCX3J8wiHauiiF2Gs="] - [192.168.51.136:10443] - [/bucket1/NS0-162--78_-20230207-%E5%87%BA38%E9%A1%8C-%E7%B6%A0%E8%89%B2%20%20%E9%A1%8C.pdf] [arg: -] "-" - "Mon, 26 Feb 2024 06:25:45 GMT" - "-" - "-" - "-" - "[/dr-bucket1/NS0-162--78_-20230207-%E5%87%BA38%E9%A1%8C-%E7%B6%A0%E8%89%B2%20%20%E9%A1%8C.pdf]"
192.168.61.140 - - [26/Feb/2024:01:25:45 -0500] "PUT /dr-bucket1/NS0-162--78_-20230207-%E5%87%BA38%E9%A1%8C-%E7%B6%A0%E8%89%B2%20%20%E9%A1%8C.pdf HTTP/1.1" 403 2671 "-" ["-"] - [192.168.61.140:10443] - [/dr-bucket1/NS0-162--78_-20230207-%E5%87%BA38%E9%A1%8C-%E7%B6%A0%E8%89%B2%20%20%E9%A1%8C.pdf] [arg: -] "82fbf8cda71d9039fda64d63d193edf0a2bdc8012f80350ed991704305874774" - "20240226T062545Z" - "-" - "-" - "-" - "[ok]"
192.168.51.64 - - [26/Feb/2024:01:25:46 -0500] "PUT /bucket1/NS0-162--78_-20230207-%E5%87%BA38%E9%A1%8C-%E7%B6%A0%E8%89%B2%20%20%E9%A1%8C.pdf HTTP/1.1" 403 2671 "-" ["AWS IFMJ3R6E9EWEE5MFX5U3:2LbvU0eIKSdTP49jtzTqoAXpJkw="] - [192.168.51.136:10443] - [/bucket1/NS0-162--78_-20230207-%E5%87%BA38%E9%A1%8C-%E7%B6%A0%E8%89%B2%20%20%E9%A1%8C.pdf] [arg: -] "-" - "Mon, 26 Feb 2024 06:25:46 GMT" - "-" - "-" - "-" - "[/dr-bucket1/NS0-162--78_-20230207-%E5%87%BA38%E9%A1%8C-%E7%B6%A0%E8%89%B2%20%20%E9%A1%8C.pdf]"
192.168.61.140 - - [26/Feb/2024:01:25:46 -0500] "PUT /dr-bucket1/NS0-162--78_-20230207-%E5%87%BA38%E9%A1%8C-%E7%B6%A0%E8%89%B2%20%20%E9%A1%8C.pdf HTTP/1.1" 403 2671 "-" ["-"] - [192.168.61.140:10443] - [/dr-bucket1/NS0-162--78_-20230207-%E5%87%BA38%E9%A1%8C-%E7%B6%A0%E8%89%B2%20%20%E9%A1%8C.pdf] [arg: -] "82fbf8cda71d9039fda64d63d193edf0a2bdc8012f80350ed991704305874774" - "20240226T062546Z" - "-" - "-" - "-" - "[ok]"
192.168.51.64 - - [26/Feb/2024:01:25:47 -0500] "PUT /bucket1/NS0-162--78_-20230207-%E5%87%BA38%E9%A1%8C-%E7%B6%A0%E8%89%B2%20%20%E9%A1%8C.pdf HTTP/1.1" 403 2671 "-" ["AWS IFMJ3R6E9EWEE5MFX5U3:A2sd5BcNZq1nNEekzxrBpgJz0ew="] - [192.168.51.136:10443] - [/bucket1/NS0-162--78_-20230207-%E5%87%BA38%E9%A1%8C-%E7%B6%A0%E8%89%B2%20%20%E9%A1%8C.pdf] [arg: -] "-" - "Mon, 26 Feb 2024 06:25:47 GMT" - "-" - "-" - "-" - "[/dr-bucket1/NS0-162--78_-20230207-%E5%87%BA38%E9%A1%8C-%E7%B6%A0%E8%89%B2%20%20%E9%A1%8C.pdf]"
192.168.61.140 - - [26/Feb/2024:01:25:47 -0500] "PUT /dr-bucket1/NS0-162--78_-20230207-%E5%87%BA38%E9%A1%8C-%E7%B6%A0%E8%89%B2%20%20%E9%A1%8C.pdf HTTP/1.1" 403 2671 "-" ["-"] - [192.168.61.140:10443] - [/dr-bucket1/NS0-162--78_-20230207-%E5%87%BA38%E9%A1%8C-%E7%B6%A0%E8%89%B2%20%20%E9%A1%8C.pdf] [arg: -] "82fbf8cda71d9039fda64d63d193edf0a2bdc8012f80350ed991704305874774" - "20240226T062547Z" - "-" - "-" - "-" - "[ok]"
192.168.61.140 - - [26/Feb/2024:01:25:48 -0500] "GET /dr-bucket1/?delimiter=%2F&max-keys=1000&prefix= HTTP/1.1" 200 1495 "-" ["-"] - [192.168.61.140:10443] - [/dr-bucket1/?delimiter=%2F&max-keys=1000&prefix=] [arg: delimiter=%2F&max-keys=1000&prefix=] "e3b0c44298fc1c149afbf4c8996fb92427ae41e4649b934ca495991b7852b855" - "20240226T062548Z" - "-" - "-" - "-" - "[ok]"
192.168.51.64 - - [26/Feb/2024:01:25:48 -0500] "GET /bucket1/?delimiter=%2F&max-keys=1000&prefix= HTTP/1.1" 200 1495 "-" ["AWS IFMJ3R6E9EWEE5MFX5U3:s6LJEywp5F/tur0c3wkJLPuGzlo="] - [192.168.51.136:10443] - [/bucket1/?delimiter=%2F&max-keys=1000&prefix=] [arg: delimiter=%2F&max-keys=1000&prefix=] "-" - "Mon, 26 Feb 2024 06:25:49 GMT" - "-" - "-" - "-" - "[/dr-bucket1/?delimiter=%2F&max-keys=1000&prefix=]"
192.168.51.64 - - [26/Feb/2024:01:30:38 -0500] "GET / HTTP/1.1" 200 907 "-" ["AWS IFMJ3R6E9EWEE5MFX5U3:dBwF5H5sppAqffxY4xDHOo1tLk8="] - [192.168.51.136:10443] - [/] [arg: -] "-" - "Mon, 26 Feb 2024 06:30:37 GMT" - "-" - "-" - "-" - "[ok]"
192.168.61.140 - - [26/Feb/2024:06:58:29 -0500] "GET /dr-bucket1/?delimiter=%2F&max-keys=1000&prefix= HTTP/1.1" 200 1495 "-" ["-"] - [192.168.61.140:10443] - [/dr-bucket1/?delimiter=%2F&max-keys=1000&prefix=] [arg: delimiter=%2F&max-keys=1000&prefix=] "e3b0c44298fc1c149afbf4c8996fb92427ae41e4649b934ca495991b7852b855" - "20240226T115829Z" - "-" - "-" - "-" - "[ok]"
192.168.61.145 - - [26/Feb/2024:06:58:29 -0500] "GET /bucket1/?delimiter=%2F&max-keys=1000&prefix= HTTP/1.1" 200 1495 "-" ["AWS4-HMAC-SHA256 Credential=MBU0ORZMU5G5A5CJBAWL/20240226/us-east-1/s3/aws4_request,SignedHeaders=host;user-agent;x-amz-content-sha256;x-amz-date, Signature=772580a4a677f97158b0f5e0afa4cb2844044cb419f75b0b55df7c5c809481ff"] - [192.168.61.140:10443] - [/bucket1/?delimiter=%2F&max-keys=1000&prefix=] [arg: delimiter=%2F&max-keys=1000&prefix=] "e3b0c44298fc1c149afbf4c8996fb92427ae41e4649b934ca495991b7852b855" - "20240226T115829Z" - "-" - "-" - "-" - "[/dr-bucket1/?delimiter=%2F&max-keys=1000&prefix=]"
192.168.61.145 - - [26/Feb/2024:06:58:47 -0500] "PUT /bucket1/S3%20Proxy%20Steps.txt HTTP/1.1" 403 2381 "-" ["AWS4-HMAC-SHA256 Credential=MBU0ORZMU5G5A5CJBAWL/20240226/us-east-1/s3/aws4_request,SignedHeaders=content-type;host;user-agent;x-amz-content-sha256;x-amz-date;x-amz-meta-s3b-last-modified;x-amz-meta-sha256, Signature=534f9adf7ca8f2dafdc8e7e31ee5ef85ef3c1d2e4f608f620cfdcb0d6756bcf4"] - [192.168.61.140:10443] - [/bucket1/S3%20Proxy%20Steps.txt] [arg: -] "28e3231440e5f288d2a99226ff3e7ea5644ebf5cf5be0b5ece880543b1404796" - "20240226T115847Z" - "-" - "-" - "-" - "[/dr-bucket1/S3%20Proxy%20Steps.txt]"
192.168.61.140 - - [26/Feb/2024:06:58:47 -0500] "PUT /dr-bucket1/S3%20Proxy%20Steps.txt HTTP/1.1" 403 2381 "-" ["-"] - [192.168.61.140:10443] - [/dr-bucket1/S3%20Proxy%20Steps.txt] [arg: -] "28e3231440e5f288d2a99226ff3e7ea5644ebf5cf5be0b5ece880543b1404796" - "20240226T115847Z" - "-" - "-" - "-" - "[ok]"
192.168.61.145 - - [26/Feb/2024:06:58:48 -0500] "PUT /bucket1/S3%20Proxy%20Steps.txt HTTP/1.1" 403 2381 "-" ["AWS4-HMAC-SHA256 Credential=MBU0ORZMU5G5A5CJBAWL/20240226/us-east-1/s3/aws4_request,SignedHeaders=content-type;host;user-agent;x-amz-content-sha256;x-amz-date;x-amz-meta-s3b-last-modified;x-amz-meta-sha256, Signature=aefaa6c6c9cbf9806c0545d8dc9f939c81409024fe1fc090b519e81f1fbb0935"] - [192.168.61.140:10443] - [/bucket1/S3%20Proxy%20Steps.txt] [arg: -] "28e3231440e5f288d2a99226ff3e7ea5644ebf5cf5be0b5ece880543b1404796" - "20240226T115848Z" - "-" - "-" - "-" - "[/dr-bucket1/S3%20Proxy%20Steps.txt]"
192.168.61.140 - - [26/Feb/2024:06:58:48 -0500] "PUT /dr-bucket1/S3%20Proxy%20Steps.txt HTTP/1.1" 403 2381 "-" ["-"] - [192.168.61.140:10443] - [/dr-bucket1/S3%20Proxy%20Steps.txt] [arg: -] "28e3231440e5f288d2a99226ff3e7ea5644ebf5cf5be0b5ece880543b1404796" - "20240226T115848Z" - "-" - "-" - "-" - "[ok]"
192.168.61.145 - - [26/Feb/2024:06:58:49 -0500] "PUT /bucket1/S3%20Proxy%20Steps.txt HTTP/1.1" 403 2381 "-" ["AWS4-HMAC-SHA256 Credential=MBU0ORZMU5G5A5CJBAWL/20240226/us-east-1/s3/aws4_request,SignedHeaders=content-type;host;user-agent;x-amz-content-sha256;x-amz-date;x-amz-meta-s3b-last-modified;x-amz-meta-sha256, Signature=98a8c04aa75aec316cfe74c29765b78d8464b431c0d9c2633d8b6fff94202b21"] - [192.168.61.140:10443] - [/bucket1/S3%20Proxy%20Steps.txt] [arg: -] "28e3231440e5f288d2a99226ff3e7ea5644ebf5cf5be0b5ece880543b1404796" - "20240226T115849Z" - "-" - "-" - "-" - "[/dr-bucket1/S3%20Proxy%20Steps.txt]"
192.168.61.140 - - [26/Feb/2024:06:58:49 -0500] "PUT /dr-bucket1/S3%20Proxy%20Steps.txt HTTP/1.1" 403 2381 "-" ["-"] - [192.168.61.140:10443] - [/dr-bucket1/S3%20Proxy%20Steps.txt] [arg: -] "28e3231440e5f288d2a99226ff3e7ea5644ebf5cf5be0b5ece880543b1404796" - "20240226T115849Z" - "-" - "-" - "-" - "[ok]"
192.168.61.145 - - [26/Feb/2024:06:58:50 -0500] "PUT /bucket1/S3%20Proxy%20Steps.txt HTTP/1.1" 403 2381 "-" ["AWS4-HMAC-SHA256 Credential=MBU0ORZMU5G5A5CJBAWL/20240226/us-east-1/s3/aws4_request,SignedHeaders=content-type;host;user-agent;x-amz-content-sha256;x-amz-date;x-amz-meta-s3b-last-modified;x-amz-meta-sha256, Signature=8e98f0e84963fcf0904dcbad0a6e53b2d476af114bb80df0dc25c83ae134e0d7"] - [192.168.61.140:10443] - [/bucket1/S3%20Proxy%20Steps.txt] [arg: -] "28e3231440e5f288d2a99226ff3e7ea5644ebf5cf5be0b5ece880543b1404796" - "20240226T115850Z" - "-" - "-" - "-" - "[/dr-bucket1/S3%20Proxy%20Steps.txt]"
192.168.61.140 - - [26/Feb/2024:06:58:50 -0500] "PUT /dr-bucket1/S3%20Proxy%20Steps.txt HTTP/1.1" 403 2381 "-" ["-"] - [192.168.61.140:10443] - [/dr-bucket1/S3%20Proxy%20Steps.txt] [arg: -] "28e3231440e5f288d2a99226ff3e7ea5644ebf5cf5be0b5ece880543b1404796" - "20240226T115850Z" - "-" - "-" - "-" - "[ok]"
192.168.61.140 - - [26/Feb/2024:06:58:51 -0500] "GET /dr-bucket1/?delimiter=%2F&max-keys=1000&prefix= HTTP/1.1" 200 1495 "-" ["-"] - [192.168.61.140:10443] - [/dr-bucket1/?delimiter=%2F&max-keys=1000&prefix=] [arg: delimiter=%2F&max-keys=1000&prefix=] "e3b0c44298fc1c149afbf4c8996fb92427ae41e4649b934ca495991b7852b855" - "20240226T115851Z" - "-" - "-" - "-" - "[ok]"
