192.168.61.140 - - [24/Feb/2024:08:44:12 -0500] "GET /dr-bucket1/?delimiter=%2F&max-keys=1000&prefix= HTTP/1.1" 403 2463 "-" ["-"] - [192.168.61.140:10443] - [/dr-bucket1/?delimiter=%2F&max-keys=1000&prefix=] [arg: delimiter=%2F&max-keys=1000&prefix=] "e3b0c44298fc1c149afbf4c8996fb92427ae41e4649b934ca495991b7852b855" - "20240224T134412Z" - "-" - "-" - "-" - "[ok]"
192.168.61.145 - - [24/Feb/2024:08:44:12 -0500] "GET /bucket1/?delimiter=%2F&max-keys=1000&prefix= HTTP/1.1" 403 2463 "-" ["AWS4-HMAC-SHA256 Credential=MBU0ORZMU5G5A5CJBAWL/20240224/us-east-1/s3/aws4_request,SignedHeaders=host;user-agent;x-amz-content-sha256;x-amz-date, Signature=0a9869bc402d7b53bc1d29f55df46eaeece9da36821ea66d21bd00448e82fd5c"] - [192.168.61.140:10443] - [/bucket1/?delimiter=%2F&max-keys=1000&prefix=] [arg: delimiter=%2F&max-keys=1000&prefix=] "e3b0c44298fc1c149afbf4c8996fb92427ae41e4649b934ca495991b7852b855" - "20240224T134412Z" - "-" - "-" - "-" - "[/dr-bucket1/?delimiter=%2F&max-keys=1000&prefix=]"
192.168.61.140 - - [24/Feb/2024:08:44:13 -0500] "GET /dr-bucket1/?delimiter=%2F&max-keys=1000&prefix= HTTP/1.1" 403 2463 "-" ["-"] - [192.168.61.140:10443] - [/dr-bucket1/?delimiter=%2F&max-keys=1000&prefix=] [arg: delimiter=%2F&max-keys=1000&prefix=] "e3b0c44298fc1c149afbf4c8996fb92427ae41e4649b934ca495991b7852b855" - "20240224T134413Z" - "-" - "-" - "-" - "[ok]"
192.168.61.145 - - [24/Feb/2024:08:44:13 -0500] "GET /bucket1/?delimiter=%2F&max-keys=1000&prefix= HTTP/1.1" 403 2463 "-" ["AWS4-HMAC-SHA256 Credential=MBU0ORZMU5G5A5CJBAWL/20240224/us-east-1/s3/aws4_request,SignedHeaders=host;user-agent;x-amz-content-sha256;x-amz-date, Signature=638011e1dbbf5dc6c2f50ca232a76fc3a458ae39f623cb563d2040d41e0af17b"] - [192.168.61.140:10443] - [/bucket1/?delimiter=%2F&max-keys=1000&prefix=] [arg: delimiter=%2F&max-keys=1000&prefix=] "e3b0c44298fc1c149afbf4c8996fb92427ae41e4649b934ca495991b7852b855" - "20240224T134413Z" - "-" - "-" - "-" - "[/dr-bucket1/?delimiter=%2F&max-keys=1000&prefix=]"
192.168.61.140 - - [24/Feb/2024:08:44:14 -0500] "GET /dr-bucket1/?delimiter=%2F&max-keys=1000&prefix= HTTP/1.1" 403 2463 "-" ["-"] - [192.168.61.140:10443] - [/dr-bucket1/?delimiter=%2F&max-keys=1000&prefix=] [arg: delimiter=%2F&max-keys=1000&prefix=] "e3b0c44298fc1c149afbf4c8996fb92427ae41e4649b934ca495991b7852b855" - "20240224T134414Z" - "-" - "-" - "-" - "[ok]"
192.168.61.145 - - [24/Feb/2024:08:44:14 -0500] "GET /bucket1/?delimiter=%2F&max-keys=1000&prefix= HTTP/1.1" 403 2463 "-" ["AWS4-HMAC-SHA256 Credential=MBU0ORZMU5G5A5CJBAWL/20240224/us-east-1/s3/aws4_request,SignedHeaders=host;user-agent;x-amz-content-sha256;x-amz-date, Signature=de4be5fff375ca6ac03b1b3af68b3b14ae9d8473c12ed8b847738b750d9c7e4e"] - [192.168.61.140:10443] - [/bucket1/?delimiter=%2F&max-keys=1000&prefix=] [arg: delimiter=%2F&max-keys=1000&prefix=] "e3b0c44298fc1c149afbf4c8996fb92427ae41e4649b934ca495991b7852b855" - "20240224T134414Z" - "-" - "-" - "-" - "[/dr-bucket1/?delimiter=%2F&max-keys=1000&prefix=]"
192.168.61.140 - - [24/Feb/2024:08:44:15 -0500] "GET /dr-bucket1/?delimiter=%2F&max-keys=1000&prefix= HTTP/1.1" 403 2463 "-" ["-"] - [192.168.61.140:10443] - [/dr-bucket1/?delimiter=%2F&max-keys=1000&prefix=] [arg: delimiter=%2F&max-keys=1000&prefix=] "e3b0c44298fc1c149afbf4c8996fb92427ae41e4649b934ca495991b7852b855" - "20240224T134415Z" - "-" - "-" - "-" - "[ok]"
192.168.61.145 - - [24/Feb/2024:08:44:15 -0500] "GET /bucket1/?delimiter=%2F&max-keys=1000&prefix= HTTP/1.1" 403 2463 "-" ["AWS4-HMAC-SHA256 Credential=MBU0ORZMU5G5A5CJBAWL/20240224/us-east-1/s3/aws4_request,SignedHeaders=host;user-agent;x-amz-content-sha256;x-amz-date, Signature=76594fc5a38fbae81e432fb78a789aaf52767f476addebf4c0b08429cd9cf977"] - [192.168.61.140:10443] - [/bucket1/?delimiter=%2F&max-keys=1000&prefix=] [arg: delimiter=%2F&max-keys=1000&prefix=] "e3b0c44298fc1c149afbf4c8996fb92427ae41e4649b934ca495991b7852b855" - "20240224T134415Z" - "-" - "-" - "-" - "[/dr-bucket1/?delimiter=%2F&max-keys=1000&prefix=]"
192.168.61.145 - - [24/Feb/2024:08:48:48 -0500] "GET /dr-bucket1/?delimiter=%2F&max-keys=1000&prefix= HTTP/1.1" 200 1495 "-" ["AWS4-HMAC-SHA256 Credential=MBU0ORZMU5G5A5CJBAWL/20240224/us-east-1/s3/aws4_request,SignedHeaders=host;user-agent;x-amz-content-sha256;x-amz-date, Signature=04572c7b35fccb0308fe768ccca90fa21ffb66956b0f7d0dc55f7a859bbd4837"] - [192.168.61.140:10443] - [/dr-bucket1/?delimiter=%2F&max-keys=1000&prefix=] [arg: delimiter=%2F&max-keys=1000&prefix=] "e3b0c44298fc1c149afbf4c8996fb92427ae41e4649b934ca495991b7852b855" - "20240224T134848Z" - "-" - "-" - "-" - "[ok]"
192.168.61.140 - - [24/Feb/2024:08:48:54 -0500] "GET /dr-bucket1/?delimiter=%2F&max-keys=1000&prefix= HTTP/1.1" 200 1495 "-" ["-"] - [192.168.61.140:10443] - [/dr-bucket1/?delimiter=%2F&max-keys=1000&prefix=] [arg: delimiter=%2F&max-keys=1000&prefix=] "e3b0c44298fc1c149afbf4c8996fb92427ae41e4649b934ca495991b7852b855" - "20240224T134854Z" - "-" - "-" - "-" - "[ok]"
192.168.61.145 - - [24/Feb/2024:08:48:54 -0500] "GET /bucket1/?delimiter=%2F&max-keys=1000&prefix= HTTP/1.1" 200 1495 "-" ["AWS4-HMAC-SHA256 Credential=MBU0ORZMU5G5A5CJBAWL/20240224/us-east-1/s3/aws4_request,SignedHeaders=host;user-agent;x-amz-content-sha256;x-amz-date, Signature=15f6e8d8cfc775894e6cc3c0e3be04e55ffb6fda0053a63c28e3422ceb79dddd"] - [192.168.61.140:10443] - [/bucket1/?delimiter=%2F&max-keys=1000&prefix=] [arg: delimiter=%2F&max-keys=1000&prefix=] "e3b0c44298fc1c149afbf4c8996fb92427ae41e4649b934ca495991b7852b855" - "20240224T134854Z" - "-" - "-" - "-" - "[/dr-bucket1/?delimiter=%2F&max-keys=1000&prefix=]"
192.168.61.140 - - [24/Feb/2024:08:48:56 -0500] "GET /dr-bucket1/?delimiter=%2F&max-keys=1000&prefix=CTBC%2F HTTP/1.1" 200 1441 "-" ["-"] - [192.168.61.140:10443] - [/dr-bucket1/?delimiter=%2F&max-keys=1000&prefix=CTBC%2F] [arg: delimiter=%2F&max-keys=1000&prefix=CTBC%2F] "e3b0c44298fc1c149afbf4c8996fb92427ae41e4649b934ca495991b7852b855" - "20240224T134856Z" - "-" - "-" - "-" - "[ok]"
192.168.61.145 - - [24/Feb/2024:08:48:56 -0500] "GET /bucket1/?delimiter=%2F&max-keys=1000&prefix=CTBC%2F HTTP/1.1" 200 1441 "-" ["AWS4-HMAC-SHA256 Credential=MBU0ORZMU5G5A5CJBAWL/20240224/us-east-1/s3/aws4_request,SignedHeaders=host;user-agent;x-amz-content-sha256;x-amz-date, Signature=34c6b01323b7ab1f4399029c27ad2c5172736d1b18430d89e991f7d8abf5f815"] - [192.168.61.140:10443] - [/bucket1/?delimiter=%2F&max-keys=1000&prefix=CTBC%2F] [arg: delimiter=%2F&max-keys=1000&prefix=CTBC%2F] "e3b0c44298fc1c149afbf4c8996fb92427ae41e4649b934ca495991b7852b855" - "20240224T134856Z" - "-" - "-" - "-" - "[/dr-bucket1/?delimiter=%2F&max-keys=1000&prefix=CTBC%2F]"
192.168.61.145 - - [24/Feb/2024:08:49:37 -0500] "PUT /bucket1/CTBC/S3_KEY.txt HTTP/1.1" 200 0 "-" ["AWS4-HMAC-SHA256 Credential=MBU0ORZMU5G5A5CJBAWL/20240224/us-east-1/s3/aws4_request,SignedHeaders=content-type;host;user-agent;x-amz-content-sha256;x-amz-date;x-amz-meta-s3b-last-modified;x-amz-meta-sha256, Signature=97af493555b3e8698bdea6681ea093ce493b727e510d69a015c561d6e294cde0"] - [192.168.61.140:10443] - [/bucket1/CTBC/S3_KEY.txt] [arg: -] "eeae1844b59e411f07d7c4a0ea7a50c2df1c9fb67ed4c6eb0ff5dcc811d89010" - "20240224T134937Z" - "-" - "-" - "-" - "[/dr-bucket1/CTBC/S3_KEY.txt]"
192.168.61.140 - - [24/Feb/2024:08:49:37 -0500] "PUT /dr-bucket1/CTBC/S3_KEY.txt HTTP/1.1" 200 0 "-" ["-"] - [192.168.61.140:10443] - [/dr-bucket1/CTBC/S3_KEY.txt] [arg: -] "eeae1844b59e411f07d7c4a0ea7a50c2df1c9fb67ed4c6eb0ff5dcc811d89010" - "20240224T134937Z" - "-" - "-" - "-" - "[ok]"
192.168.61.140 - - [24/Feb/2024:08:49:37 -0500] "GET /dr-bucket1/?delimiter=%2F&max-keys=1000&prefix=CTBC%2F HTTP/1.1" 200 1738 "-" ["-"] - [192.168.61.140:10443] - [/dr-bucket1/?delimiter=%2F&max-keys=1000&prefix=CTBC%2F] [arg: delimiter=%2F&max-keys=1000&prefix=CTBC%2F] "e3b0c44298fc1c149afbf4c8996fb92427ae41e4649b934ca495991b7852b855" - "20240224T134937Z" - "-" - "-" - "-" - "[ok]"
192.168.61.145 - - [24/Feb/2024:08:49:37 -0500] "GET /bucket1/?delimiter=%2F&max-keys=1000&prefix=CTBC%2F HTTP/1.1" 200 1738 "-" ["AWS4-HMAC-SHA256 Credential=MBU0ORZMU5G5A5CJBAWL/20240224/us-east-1/s3/aws4_request,SignedHeaders=host;user-agent;x-amz-content-sha256;x-amz-date, Signature=cc320b71deb32d224c098093d65f1bab71ef2dfd558fec0de6459919afe8bad8"] - [192.168.61.140:10443] - [/bucket1/?delimiter=%2F&max-keys=1000&prefix=CTBC%2F] [arg: delimiter=%2F&max-keys=1000&prefix=CTBC%2F] "e3b0c44298fc1c149afbf4c8996fb92427ae41e4649b934ca495991b7852b855" - "20240224T134937Z" - "-" - "-" - "-" - "[/dr-bucket1/?delimiter=%2F&max-keys=1000&prefix=CTBC%2F]"
192.168.61.145 - - [24/Feb/2024:08:49:45 -0500] "GET / HTTP/1.1" 200 907 "-" ["AWS4-HMAC-SHA256 Credential=67HCDL6ZVH03GY2T4VH9/20240224/us-east-1/s3/aws4_request,SignedHeaders=host;user-agent;x-amz-content-sha256;x-amz-date, Signature=2dc90c47c3a65c16c81918024d2515b939015afc9b62c6ce435b24a1a904ab6d"] - [192.168.61.140:10443] - [/] [arg: -] "e3b0c44298fc1c149afbf4c8996fb92427ae41e4649b934ca495991b7852b855" - "20240224T134945Z" - "-" - "-" - "-" - "[ok]"
192.168.61.145 - - [24/Feb/2024:08:49:47 -0500] "GET /dr-bucket1/?delimiter=%2F&max-keys=1000&prefix= HTTP/1.1" 200 1495 "-" ["AWS4-HMAC-SHA256 Credential=67HCDL6ZVH03GY2T4VH9/20240224/us-east-1/s3/aws4_request,SignedHeaders=host;user-agent;x-amz-content-sha256;x-amz-date, Signature=618fab28b58392b2f976f01990f03f2f79b7b6472906db5b51648ab682444a65"] - [192.168.61.140:10443] - [/dr-bucket1/?delimiter=%2F&max-keys=1000&prefix=] [arg: delimiter=%2F&max-keys=1000&prefix=] "e3b0c44298fc1c149afbf4c8996fb92427ae41e4649b934ca495991b7852b855" - "20240224T134947Z" - "-" - "-" - "-" - "[ok]"
192.168.61.140 - - [24/Feb/2024:08:49:49 -0500] "GET /dr-bucket1/?delimiter=%2F&max-keys=1000&prefix= HTTP/1.1" 200 1495 "-" ["-"] - [192.168.61.140:10443] - [/dr-bucket1/?delimiter=%2F&max-keys=1000&prefix=] [arg: delimiter=%2F&max-keys=1000&prefix=] "e3b0c44298fc1c149afbf4c8996fb92427ae41e4649b934ca495991b7852b855" - "20240224T134949Z" - "-" - "-" - "-" - "[ok]"
192.168.61.145 - - [24/Feb/2024:08:49:49 -0500] "GET /bucket1/?delimiter=%2F&max-keys=1000&prefix= HTTP/1.1" 200 1495 "-" ["AWS4-HMAC-SHA256 Credential=67HCDL6ZVH03GY2T4VH9/20240224/us-east-1/s3/aws4_request,SignedHeaders=host;user-agent;x-amz-content-sha256;x-amz-date, Signature=6ebff8d5c5b265bf9cbae23ef4dffc6eaba32caf8e6a10dfddab57ad22fd6912"] - [192.168.61.140:10443] - [/bucket1/?delimiter=%2F&max-keys=1000&prefix=] [arg: delimiter=%2F&max-keys=1000&prefix=] "e3b0c44298fc1c149afbf4c8996fb92427ae41e4649b934ca495991b7852b855" - "20240224T134949Z" - "-" - "-" - "-" - "[/dr-bucket1/?delimiter=%2F&max-keys=1000&prefix=]"
192.168.61.140 - - [24/Feb/2024:08:49:50 -0500] "GET /dr-bucket1/?delimiter=%2F&max-keys=1000&prefix=CTBC%2F HTTP/1.1" 200 1738 "-" ["-"] - [192.168.61.140:10443] - [/dr-bucket1/?delimiter=%2F&max-keys=1000&prefix=CTBC%2F] [arg: delimiter=%2F&max-keys=1000&prefix=CTBC%2F] "e3b0c44298fc1c149afbf4c8996fb92427ae41e4649b934ca495991b7852b855" - "20240224T134950Z" - "-" - "-" - "-" - "[ok]"
192.168.61.145 - - [24/Feb/2024:08:49:50 -0500] "GET /bucket1/?delimiter=%2F&max-keys=1000&prefix=CTBC%2F HTTP/1.1" 200 1738 "-" ["AWS4-HMAC-SHA256 Credential=67HCDL6ZVH03GY2T4VH9/20240224/us-east-1/s3/aws4_request,SignedHeaders=host;user-agent;x-amz-content-sha256;x-amz-date, Signature=7683d41be94ec597680be4e359e512e396cce4600a7dc0cb367a50a5b35607d4"] - [192.168.61.140:10443] - [/bucket1/?delimiter=%2F&max-keys=1000&prefix=CTBC%2F] [arg: delimiter=%2F&max-keys=1000&prefix=CTBC%2F] "e3b0c44298fc1c149afbf4c8996fb92427ae41e4649b934ca495991b7852b855" - "20240224T134950Z" - "-" - "-" - "-" - "[/dr-bucket1/?delimiter=%2F&max-keys=1000&prefix=CTBC%2F]"
192.168.61.140 - - [24/Feb/2024:08:49:54 -0500] "DELETE /dr-bucket1/CTBC/S3_KEY.txt HTTP/1.1" 403 198 "-" ["-"] - [192.168.61.140:10443] - [/dr-bucket1/CTBC/S3_KEY.txt] [arg: -] "e3b0c44298fc1c149afbf4c8996fb92427ae41e4649b934ca495991b7852b855" - "20240224T134954Z" - "-" - "-" - "-" - "[ok]"
192.168.61.145 - - [24/Feb/2024:08:49:54 -0500] "DELETE /bucket1/CTBC/S3_KEY.txt HTTP/1.1" 403 198 "-" ["AWS4-HMAC-SHA256 Credential=67HCDL6ZVH03GY2T4VH9/20240224/us-east-1/s3/aws4_request,SignedHeaders=host;user-agent;x-amz-content-sha256;x-amz-date, Signature=800f5f716b421ccf210603a9e2d92ef761ff73efaec00ec22669de7a302ee518"] - [192.168.61.140:10443] - [/bucket1/CTBC/S3_KEY.txt] [arg: -] "e3b0c44298fc1c149afbf4c8996fb92427ae41e4649b934ca495991b7852b855" - "20240224T134954Z" - "-" - "-" - "-" - "[/dr-bucket1/CTBC/S3_KEY.txt]"
192.168.61.140 - - [24/Feb/2024:08:49:54 -0500] "GET /dr-bucket1/?delimiter=%2F&max-keys=1000&prefix=CTBC%2F HTTP/1.1" 200 1738 "-" ["-"] - [192.168.61.140:10443] - [/dr-bucket1/?delimiter=%2F&max-keys=1000&prefix=CTBC%2F] [arg: delimiter=%2F&max-keys=1000&prefix=CTBC%2F] "e3b0c44298fc1c149afbf4c8996fb92427ae41e4649b934ca495991b7852b855" - "20240224T134954Z" - "-" - "-" - "-" - "[ok]"
192.168.61.145 - - [24/Feb/2024:08:49:54 -0500] "GET /bucket1/?delimiter=%2F&max-keys=1000&prefix=CTBC%2F HTTP/1.1" 200 1738 "-" ["AWS4-HMAC-SHA256 Credential=67HCDL6ZVH03GY2T4VH9/20240224/us-east-1/s3/aws4_request,SignedHeaders=host;user-agent;x-amz-content-sha256;x-amz-date, Signature=e1dc48c5d18ef95431744bd4c0b31ff8f28ce5c67f9008a00f46c475b20a8383"] - [192.168.61.140:10443] - [/bucket1/?delimiter=%2F&max-keys=1000&prefix=CTBC%2F] [arg: delimiter=%2F&max-keys=1000&prefix=CTBC%2F] "e3b0c44298fc1c149afbf4c8996fb92427ae41e4649b934ca495991b7852b855" - "20240224T134954Z" - "-" - "-" - "-" - "[/dr-bucket1/?delimiter=%2F&max-keys=1000&prefix=CTBC%2F]"
192.168.61.145 - - [24/Feb/2024:08:50:03 -0500] "GET / HTTP/1.1" 200 907 "-" ["AWS4-HMAC-SHA256 Credential=MBU0ORZMU5G5A5CJBAWL/20240224/us-east-1/s3/aws4_request,SignedHeaders=host;user-agent;x-amz-content-sha256;x-amz-date, Signature=f4a08bc5666962237fb706a565cb83cb0c1fa16b2f6ba4883f2e96dbaa995b25"] - [192.168.61.140:10443] - [/] [arg: -] "e3b0c44298fc1c149afbf4c8996fb92427ae41e4649b934ca495991b7852b855" - "20240224T135003Z" - "-" - "-" - "-" - "[ok]"
192.168.61.145 - - [24/Feb/2024:08:50:06 -0500] "GET /dr-bucket1/?delimiter=%2F&max-keys=1000&prefix= HTTP/1.1" 200 1495 "-" ["AWS4-HMAC-SHA256 Credential=MBU0ORZMU5G5A5CJBAWL/20240224/us-east-1/s3/aws4_request,SignedHeaders=host;user-agent;x-amz-content-sha256;x-amz-date, Signature=ff4005b9c6d1d97b34f31c5c356b8c9db4198f5d379af9ebaf6c6f5f0661fbf5"] - [192.168.61.140:10443] - [/dr-bucket1/?delimiter=%2F&max-keys=1000&prefix=] [arg: delimiter=%2F&max-keys=1000&prefix=] "e3b0c44298fc1c149afbf4c8996fb92427ae41e4649b934ca495991b7852b855" - "20240224T135006Z" - "-" - "-" - "-" - "[ok]"
192.168.61.140 - - [24/Feb/2024:08:50:07 -0500] "GET /dr-bucket1/?delimiter=%2F&max-keys=1000&prefix= HTTP/1.1" 200 1495 "-" ["-"] - [192.168.61.140:10443] - [/dr-bucket1/?delimiter=%2F&max-keys=1000&prefix=] [arg: delimiter=%2F&max-keys=1000&prefix=] "e3b0c44298fc1c149afbf4c8996fb92427ae41e4649b934ca495991b7852b855" - "20240224T135007Z" - "-" - "-" - "-" - "[ok]"
192.168.61.145 - - [24/Feb/2024:08:50:07 -0500] "GET /bucket1/?delimiter=%2F&max-keys=1000&prefix= HTTP/1.1" 200 1495 "-" ["AWS4-HMAC-SHA256 Credential=MBU0ORZMU5G5A5CJBAWL/20240224/us-east-1/s3/aws4_request,SignedHeaders=host;user-agent;x-amz-content-sha256;x-amz-date, Signature=37d7ecf7b509a7ee102aabd81c0211c7de2337988452d46913c28edec1454f91"] - [192.168.61.140:10443] - [/bucket1/?delimiter=%2F&max-keys=1000&prefix=] [arg: delimiter=%2F&max-keys=1000&prefix=] "e3b0c44298fc1c149afbf4c8996fb92427ae41e4649b934ca495991b7852b855" - "20240224T135007Z" - "-" - "-" - "-" - "[/dr-bucket1/?delimiter=%2F&max-keys=1000&prefix=]"
192.168.61.140 - - [24/Feb/2024:08:50:08 -0500] "GET /dr-bucket1/?delimiter=%2F&max-keys=1000&prefix=CTBC%2F HTTP/1.1" 200 1738 "-" ["-"] - [192.168.61.140:10443] - [/dr-bucket1/?delimiter=%2F&max-keys=1000&prefix=CTBC%2F] [arg: delimiter=%2F&max-keys=1000&prefix=CTBC%2F] "e3b0c44298fc1c149afbf4c8996fb92427ae41e4649b934ca495991b7852b855" - "20240224T135008Z" - "-" - "-" - "-" - "[ok]"
192.168.61.145 - - [24/Feb/2024:08:50:08 -0500] "GET /bucket1/?delimiter=%2F&max-keys=1000&prefix=CTBC%2F HTTP/1.1" 200 1738 "-" ["AWS4-HMAC-SHA256 Credential=MBU0ORZMU5G5A5CJBAWL/20240224/us-east-1/s3/aws4_request,SignedHeaders=host;user-agent;x-amz-content-sha256;x-amz-date, Signature=39e6328cc38ded531f6c5942770d1c9724df63376134a3693482cf731fe95967"] - [192.168.61.140:10443] - [/bucket1/?delimiter=%2F&max-keys=1000&prefix=CTBC%2F] [arg: delimiter=%2F&max-keys=1000&prefix=CTBC%2F] "e3b0c44298fc1c149afbf4c8996fb92427ae41e4649b934ca495991b7852b855" - "20240224T135008Z" - "-" - "-" - "-" - "[/dr-bucket1/?delimiter=%2F&max-keys=1000&prefix=CTBC%2F]"
192.168.61.140 - - [24/Feb/2024:08:50:12 -0500] "DELETE /dr-bucket1/CTBC/S3_KEY.txt HTTP/1.1" 204 0 "-" ["-"] - [192.168.61.140:10443] - [/dr-bucket1/CTBC/S3_KEY.txt] [arg: -] "e3b0c44298fc1c149afbf4c8996fb92427ae41e4649b934ca495991b7852b855" - "20240224T135012Z" - "-" - "-" - "-" - "[ok]"
192.168.61.145 - - [24/Feb/2024:08:50:12 -0500] "DELETE /bucket1/CTBC/S3_KEY.txt HTTP/1.1" 204 0 "-" ["AWS4-HMAC-SHA256 Credential=MBU0ORZMU5G5A5CJBAWL/20240224/us-east-1/s3/aws4_request,SignedHeaders=host;user-agent;x-amz-content-sha256;x-amz-date, Signature=322e02a021a04958be35e92cf7999eb1710e342b2257e861fb73f607dfcb35f6"] - [192.168.61.140:10443] - [/bucket1/CTBC/S3_KEY.txt] [arg: -] "e3b0c44298fc1c149afbf4c8996fb92427ae41e4649b934ca495991b7852b855" - "20240224T135012Z" - "-" - "-" - "-" - "[/dr-bucket1/CTBC/S3_KEY.txt]"
192.168.61.140 - - [24/Feb/2024:08:50:12 -0500] "GET /dr-bucket1/?delimiter=%2F&max-keys=1000&prefix=CTBC%2F HTTP/1.1" 200 1441 "-" ["-"] - [192.168.61.140:10443] - [/dr-bucket1/?delimiter=%2F&max-keys=1000&prefix=CTBC%2F] [arg: delimiter=%2F&max-keys=1000&prefix=CTBC%2F] "e3b0c44298fc1c149afbf4c8996fb92427ae41e4649b934ca495991b7852b855" - "20240224T135012Z" - "-" - "-" - "-" - "[ok]"
192.168.61.145 - - [24/Feb/2024:08:50:12 -0500] "GET /bucket1/?delimiter=%2F&max-keys=1000&prefix=CTBC%2F HTTP/1.1" 200 1441 "-" ["AWS4-HMAC-SHA256 Credential=MBU0ORZMU5G5A5CJBAWL/20240224/us-east-1/s3/aws4_request,SignedHeaders=host;user-agent;x-amz-content-sha256;x-amz-date, Signature=f7b9331a1fc23a12816df0d3993c23d56ac3fe96e9aaae94f486ee8df8e22e12"] - [192.168.61.140:10443] - [/bucket1/?delimiter=%2F&max-keys=1000&prefix=CTBC%2F] [arg: delimiter=%2F&max-keys=1000&prefix=CTBC%2F] "e3b0c44298fc1c149afbf4c8996fb92427ae41e4649b934ca495991b7852b855" - "20240224T135012Z" - "-" - "-" - "-" - "[/dr-bucket1/?delimiter=%2F&max-keys=1000&prefix=CTBC%2F]"
192.168.51.64 - - [26/Feb/2024:01:13:49 -0500] "GET /?object-lock= HTTP/1.1" 200 907 "-" ["AWS IFMJ3R6E9EWEE5MFX5U3:21P0rcgtW8ytb1aHAjh32hkbK3M="] - [192.168.51.136:10443] - [/?object-lock=] [arg: object-lock=] "-" - "Mon, 26 Feb 2024 06:13:48 GMT" - "-" - "-" - "-" - "[ok]"
192.168.51.64 - - [26/Feb/2024:01:13:49 -0500] "GET / HTTP/1.1" 200 907 "-" ["AWS IFMJ3R6E9EWEE5MFX5U3:ycBFVH3pa1nTt65VEaPyVAhUzys="] - [192.168.51.136:10443] - [/] [arg: -] "-" - "Mon, 26 Feb 2024 06:13:49 GMT" - "-" - "-" - "-" - "[ok]"
192.168.61.140 - - [26/Feb/2024:01:13:49 -0500] "GET /dr-bucket1/?object-lock= HTTP/1.1" 404 263 "-" ["-"] - [192.168.61.140:10443] - [/dr-bucket1/?object-lock=] [arg: object-lock=] "e3b0c44298fc1c149afbf4c8996fb92427ae41e4649b934ca495991b7852b855" - "20240226T061349Z" - "-" - "-" - "-" - "[ok]"
192.168.51.64 - - [26/Feb/2024:01:13:49 -0500] "GET /bucket1/?object-lock= HTTP/1.1" 404 263 "-" ["AWS IFMJ3R6E9EWEE5MFX5U3:yD2IRlrIZI9JCnoN+WXBnL8mMZg="] - [192.168.51.136:10443] - [/bucket1/?object-lock=] [arg: object-lock=] "-" - "Mon, 26 Feb 2024 06:13:49 GMT" - "-" - "-" - "-" - "[/dr-bucket1/?object-lock=]"
192.168.61.140 - - [26/Feb/2024:01:13:49 -0500] "GET /dr-bucket1/?delimiter=%2F&max-keys=1000&prefix= HTTP/1.1" 200 1495 "-" ["-"] - [192.168.61.140:10443] - [/dr-bucket1/?delimiter=%2F&max-keys=1000&prefix=] [arg: delimiter=%2F&max-keys=1000&prefix=] "e3b0c44298fc1c149afbf4c8996fb92427ae41e4649b934ca495991b7852b855" - "20240226T061349Z" - "-" - "-" - "-" - "[ok]"
192.168.51.64 - - [26/Feb/2024:01:13:49 -0500] "GET /bucket1/?delimiter=%2F&max-keys=1000&prefix= HTTP/1.1" 200 1495 "-" ["AWS IFMJ3R6E9EWEE5MFX5U3:Pcxn+Wml6MVcR6ykfOAa/xhGci8="] - [192.168.51.136:10443] - [/bucket1/?delimiter=%2F&max-keys=1000&prefix=] [arg: delimiter=%2F&max-keys=1000&prefix=] "-" - "Mon, 26 Feb 2024 06:13:49 GMT" - "-" - "-" - "-" - "[/dr-bucket1/?delimiter=%2F&max-keys=1000&prefix=]"
192.168.61.140 - - [26/Feb/2024:01:13:55 -0500] "GET /dr-bucket1/?delimiter=%2F&max-keys=1000&prefix=CTBC%2F HTTP/1.1" 200 1441 "-" ["-"] - [192.168.61.140:10443] - [/dr-bucket1/?delimiter=%2F&max-keys=1000&prefix=CTBC%2F] [arg: delimiter=%2F&max-keys=1000&prefix=CTBC%2F] "e3b0c44298fc1c149afbf4c8996fb92427ae41e4649b934ca495991b7852b855" - "20240226T061355Z" - "-" - "-" - "-" - "[ok]"
192.168.51.64 - - [26/Feb/2024:01:13:55 -0500] "GET /bucket1/?delimiter=%2F&max-keys=1000&prefix=CTBC%2F HTTP/1.1" 200 1441 "-" ["AWS IFMJ3R6E9EWEE5MFX5U3:paKaGOplK7RQfNVPkEcnSt6ef78="] - [192.168.51.136:10443] - [/bucket1/?delimiter=%2F&max-keys=1000&prefix=CTBC%2F] [arg: delimiter=%2F&max-keys=1000&prefix=CTBC%2F] "-" - "Mon, 26 Feb 2024 06:13:55 GMT" - "-" - "-" - "-" - "[/dr-bucket1/?delimiter=%2F&max-keys=1000&prefix=CTBC%2F]"
192.168.61.140 - - [26/Feb/2024:01:13:57 -0500] "GET /dr-bucket1/?delimiter=%2F&max-keys=1000&prefix= HTTP/1.1" 200 1495 "-" ["-"] - [192.168.61.140:10443] - [/dr-bucket1/?delimiter=%2F&max-keys=1000&prefix=] [arg: delimiter=%2F&max-keys=1000&prefix=] "e3b0c44298fc1c149afbf4c8996fb92427ae41e4649b934ca495991b7852b855" - "20240226T061357Z" - "-" - "-" - "-" - "[ok]"
192.168.51.64 - - [26/Feb/2024:01:13:57 -0500] "GET /bucket1/?delimiter=%2F&max-keys=1000&prefix= HTTP/1.1" 200 1495 "-" ["AWS IFMJ3R6E9EWEE5MFX5U3:lBv+ToQW9SmZm56BRUdoudHJmmw="] - [192.168.51.136:10443] - [/bucket1/?delimiter=%2F&max-keys=1000&prefix=] [arg: delimiter=%2F&max-keys=1000&prefix=] "-" - "Mon, 26 Feb 2024 06:13:57 GMT" - "-" - "-" - "-" - "[/dr-bucket1/?delimiter=%2F&max-keys=1000&prefix=]"
192.168.61.140 - - [26/Feb/2024:01:14:01 -0500] "GET /dr-bucket1/?delimiter=%2F&max-keys=1000&prefix=CTBC%2F HTTP/1.1" 200 1441 "-" ["-"] - [192.168.61.140:10443] - [/dr-bucket1/?delimiter=%2F&max-keys=1000&prefix=CTBC%2F] [arg: delimiter=%2F&max-keys=1000&prefix=CTBC%2F] "e3b0c44298fc1c149afbf4c8996fb92427ae41e4649b934ca495991b7852b855" - "20240226T061401Z" - "-" - "-" - "-" - "[ok]"
192.168.51.64 - - [26/Feb/2024:01:14:01 -0500] "GET /bucket1/?delimiter=%2F&max-keys=1000&prefix=CTBC%2F HTTP/1.1" 200 1441 "-" ["AWS IFMJ3R6E9EWEE5MFX5U3:vYdfrsFCo6GuAOVmaVFN42JGLUQ="] - [192.168.51.136:10443] - [/bucket1/?delimiter=%2F&max-keys=1000&prefix=CTBC%2F] [arg: delimiter=%2F&max-keys=1000&prefix=CTBC%2F] "-" - "Mon, 26 Feb 2024 06:14:01 GMT" - "-" - "-" - "-" - "[/dr-bucket1/?delimiter=%2F&max-keys=1000&prefix=CTBC%2F]"
192.168.61.140 - - [26/Feb/2024:01:14:09 -0500] "PUT /dr-bucket1/CTBC/123/ HTTP/1.1" 200 0 "-" ["-"] - [192.168.61.140:10443] - [/dr-bucket1/CTBC/123/] [arg: -] "e3b0c44298fc1c149afbf4c8996fb92427ae41e4649b934ca495991b7852b855" - "20240226T061409Z" - "-" - "-" - "-" - "[ok]"
192.168.51.64 - - [26/Feb/2024:01:14:09 -0500] "PUT /bucket1/CTBC/123/ HTTP/1.1" 200 0 "-" ["AWS IFMJ3R6E9EWEE5MFX5U3:W0Sv/1BBueXLFe4NGLruXCvE4OA="] - [192.168.51.136:10443] - [/bucket1/CTBC/123/] [arg: -] "-" - "Mon, 26 Feb 2024 06:14:09 GMT" - "-" - "-" - "-" - "[/dr-bucket1/CTBC/123/]"
192.168.61.140 - - [26/Feb/2024:01:14:09 -0500] "GET /dr-bucket1/?delimiter=%2F&max-keys=1000&prefix=CTBC%2F HTTP/1.1" 200 1500 "-" ["-"] - [192.168.61.140:10443] - [/dr-bucket1/?delimiter=%2F&max-keys=1000&prefix=CTBC%2F] [arg: delimiter=%2F&max-keys=1000&prefix=CTBC%2F] "e3b0c44298fc1c149afbf4c8996fb92427ae41e4649b934ca495991b7852b855" - "20240226T061409Z" - "-" - "-" - "-" - "[ok]"
192.168.51.64 - - [26/Feb/2024:01:14:09 -0500] "GET /bucket1/?delimiter=%2F&max-keys=1000&prefix=CTBC%2F HTTP/1.1" 200 1500 "-" ["AWS IFMJ3R6E9EWEE5MFX5U3:rHYb9/63X+GEVjnaSOmzLD9W8GM="] - [192.168.51.136:10443] - [/bucket1/?delimiter=%2F&max-keys=1000&prefix=CTBC%2F] [arg: delimiter=%2F&max-keys=1000&prefix=CTBC%2F] "-" - "Mon, 26 Feb 2024 06:14:09 GMT" - "-" - "-" - "-" - "[/dr-bucket1/?delimiter=%2F&max-keys=1000&prefix=CTBC%2F]"
192.168.61.140 - - [26/Feb/2024:01:14:10 -0500] "GET /dr-bucket1/?delimiter=%2F&max-keys=1000&prefix=CTBC%2F123%2F HTTP/1.1" 200 558 "-" ["-"] - [192.168.61.140:10443] - [/dr-bucket1/?delimiter=%2F&max-keys=1000&prefix=CTBC%2F123%2F] [arg: delimiter=%2F&max-keys=1000&prefix=CTBC%2F123%2F] "e3b0c44298fc1c149afbf4c8996fb92427ae41e4649b934ca495991b7852b855" - "20240226T061410Z" - "-" - "-" - "-" - "[ok]"
192.168.51.64 - - [26/Feb/2024:01:14:10 -0500] "GET /bucket1/?delimiter=%2F&max-keys=1000&prefix=CTBC%2F123%2F HTTP/1.1" 200 558 "-" ["AWS IFMJ3R6E9EWEE5MFX5U3:xyLjEBWedxOXk2SD3Z0mXA+infc="] - [192.168.51.136:10443] - [/bucket1/?delimiter=%2F&max-keys=1000&prefix=CTBC%2F123%2F] [arg: delimiter=%2F&max-keys=1000&prefix=CTBC%2F123%2F] "-" - "Mon, 26 Feb 2024 06:14:10 GMT" - "-" - "-" - "-" - "[/dr-bucket1/?delimiter=%2F&max-keys=1000&prefix=CTBC%2F123%2F]"
192.168.61.140 - - [26/Feb/2024:01:14:12 -0500] "GET /dr-bucket1/?delimiter=%2F&max-keys=1000&prefix=CTBC%2F HTTP/1.1" 200 1500 "-" ["-"] - [192.168.61.140:10443] - [/dr-bucket1/?delimiter=%2F&max-keys=1000&prefix=CTBC%2F] [arg: delimiter=%2F&max-keys=1000&prefix=CTBC%2F] "e3b0c44298fc1c149afbf4c8996fb92427ae41e4649b934ca495991b7852b855" - "20240226T061412Z" - "-" - "-" - "-" - "[ok]"
192.168.51.64 - - [26/Feb/2024:01:14:12 -0500] "GET /bucket1/?delimiter=%2F&max-keys=1000&prefix=CTBC%2F HTTP/1.1" 200 1500 "-" ["AWS IFMJ3R6E9EWEE5MFX5U3:bQYTfVIihzXosd3stLN7yEnNkpc="] - [192.168.51.136:10443] - [/bucket1/?delimiter=%2F&max-keys=1000&prefix=CTBC%2F] [arg: delimiter=%2F&max-keys=1000&prefix=CTBC%2F] "-" - "Mon, 26 Feb 2024 06:14:12 GMT" - "-" - "-" - "-" - "[/dr-bucket1/?delimiter=%2F&max-keys=1000&prefix=CTBC%2F]"
192.168.61.140 - - [26/Feb/2024:01:14:13 -0500] "GET /dr-bucket1/?delimiter=%2F&max-keys=1000&prefix=CTBC%2F123%2F HTTP/1.1" 200 558 "-" ["-"] - [192.168.61.140:10443] - [/dr-bucket1/?delimiter=%2F&max-keys=1000&prefix=CTBC%2F123%2F] [arg: delimiter=%2F&max-keys=1000&prefix=CTBC%2F123%2F] "e3b0c44298fc1c149afbf4c8996fb92427ae41e4649b934ca495991b7852b855" - "20240226T061413Z" - "-" - "-" - "-" - "[ok]"
192.168.51.64 - - [26/Feb/2024:01:14:13 -0500] "GET /bucket1/?delimiter=%2F&max-keys=1000&prefix=CTBC%2F123%2F HTTP/1.1" 200 558 "-" ["AWS IFMJ3R6E9EWEE5MFX5U3:fF7rniXjmZRGB7Ym0MHTTNJy9IU="] - [192.168.51.136:10443] - [/bucket1/?delimiter=%2F&max-keys=1000&prefix=CTBC%2F123%2F] [arg: delimiter=%2F&max-keys=1000&prefix=CTBC%2F123%2F] "-" - "Mon, 26 Feb 2024 06:14:13 GMT" - "-" - "-" - "-" - "[/dr-bucket1/?delimiter=%2F&max-keys=1000&prefix=CTBC%2F123%2F]"
192.168.51.64 - - [26/Feb/2024:01:14:24 -0500] "PUT /bucket1/CTBC/123/rclone.txt HTTP/1.1" 200 0 "-" ["AWS IFMJ3R6E9EWEE5MFX5U3:hwQoOHs7FrQXE11C3EpGDVajbzs="] - [192.168.51.136:10443] - [/bucket1/CTBC/123/rclone.txt] [arg: -] "-" - "Mon, 26 Feb 2024 06:14:24 GMT" - "-" - "-" - "-" - "[/dr-bucket1/CTBC/123/rclone.txt]"
192.168.61.140 - - [26/Feb/2024:01:14:24 -0500] "PUT /dr-bucket1/CTBC/123/rclone.txt HTTP/1.1" 200 0 "-" ["-"] - [192.168.61.140:10443] - [/dr-bucket1/CTBC/123/rclone.txt] [arg: -] "c90701dabe18b56c58cb08d24a9529daa570a773fe4e1b9c3f6507d091a8b3d2" - "20240226T061424Z" - "-" - "-" - "-" - "[ok]"
192.168.61.140 - - [26/Feb/2024:01:14:24 -0500] "GET /dr-bucket1/?delimiter=%2F&max-keys=1000&prefix=CTBC%2F123%2F HTTP/1.1" 200 859 "-" ["-"] - [192.168.61.140:10443] - [/dr-bucket1/?delimiter=%2F&max-keys=1000&prefix=CTBC%2F123%2F] [arg: delimiter=%2F&max-keys=1000&prefix=CTBC%2F123%2F] "e3b0c44298fc1c149afbf4c8996fb92427ae41e4649b934ca495991b7852b855" - "20240226T061424Z" - "-" - "-" - "-" - "[ok]"
192.168.51.64 - - [26/Feb/2024:01:14:24 -0500] "GET /bucket1/?delimiter=%2F&max-keys=1000&prefix=CTBC%2F123%2F HTTP/1.1" 200 859 "-" ["AWS IFMJ3R6E9EWEE5MFX5U3:RS+JrmwQSd82eQfm0lj5HYSIthM="] - [192.168.51.136:10443] - [/bucket1/?delimiter=%2F&max-keys=1000&prefix=CTBC%2F123%2F] [arg: delimiter=%2F&max-keys=1000&prefix=CTBC%2F123%2F] "-" - "Mon, 26 Feb 2024 06:14:24 GMT" - "-" - "-" - "-" - "[/dr-bucket1/?delimiter=%2F&max-keys=1000&prefix=CTBC%2F123%2F]"
192.168.61.140 - - [26/Feb/2024:01:14:27 -0500] "GET /dr-bucket1/?delimiter=%2F&max-keys=1000&prefix=CTBC%2F HTTP/1.1" 200 1500 "-" ["-"] - [192.168.61.140:10443] - [/dr-bucket1/?delimiter=%2F&max-keys=1000&prefix=CTBC%2F] [arg: delimiter=%2F&max-keys=1000&prefix=CTBC%2F] "e3b0c44298fc1c149afbf4c8996fb92427ae41e4649b934ca495991b7852b855" - "20240226T061427Z" - "-" - "-" - "-" - "[ok]"
192.168.51.64 - - [26/Feb/2024:01:14:27 -0500] "GET /bucket1/?delimiter=%2F&max-keys=1000&prefix=CTBC%2F HTTP/1.1" 200 1500 "-" ["AWS IFMJ3R6E9EWEE5MFX5U3:vzWaBkFg7uxfi3SnBgCS8bmYEac="] - [192.168.51.136:10443] - [/bucket1/?delimiter=%2F&max-keys=1000&prefix=CTBC%2F] [arg: delimiter=%2F&max-keys=1000&prefix=CTBC%2F] "-" - "Mon, 26 Feb 2024 06:14:27 GMT" - "-" - "-" - "-" - "[/dr-bucket1/?delimiter=%2F&max-keys=1000&prefix=CTBC%2F]"
192.168.61.140 - - [26/Feb/2024:01:14:33 -0500] "GET /dr-bucket1/?delimiter=%2F&max-keys=1000&prefix=CTBC%2F123%2F HTTP/1.1" 200 859 "-" ["-"] - [192.168.61.140:10443] - [/dr-bucket1/?delimiter=%2F&max-keys=1000&prefix=CTBC%2F123%2F] [arg: delimiter=%2F&max-keys=1000&prefix=CTBC%2F123%2F] "e3b0c44298fc1c149afbf4c8996fb92427ae41e4649b934ca495991b7852b855" - "20240226T061433Z" - "-" - "-" - "-" - "[ok]"
192.168.51.64 - - [26/Feb/2024:01:14:33 -0500] "GET /bucket1/?delimiter=%2F&max-keys=1000&prefix=CTBC%2F123%2F HTTP/1.1" 200 859 "-" ["AWS IFMJ3R6E9EWEE5MFX5U3:T52SSAe8QkRptkMWFWLGOyPuuCw="] - [192.168.51.136:10443] - [/bucket1/?delimiter=%2F&max-keys=1000&prefix=CTBC%2F123%2F] [arg: delimiter=%2F&max-keys=1000&prefix=CTBC%2F123%2F] "-" - "Mon, 26 Feb 2024 06:14:33 GMT" - "-" - "-" - "-" - "[/dr-bucket1/?delimiter=%2F&max-keys=1000&prefix=CTBC%2F123%2F]"
192.168.61.140 - - [26/Feb/2024:01:14:44 -0500] "PUT /dr-bucket1/CTBC/123/456/ HTTP/1.1" 200 0 "-" ["-"] - [192.168.61.140:10443] - [/dr-bucket1/CTBC/123/456/] [arg: -] "e3b0c44298fc1c149afbf4c8996fb92427ae41e4649b934ca495991b7852b855" - "20240226T061444Z" - "-" - "-" - "-" - "[ok]"
192.168.51.64 - - [26/Feb/2024:01:14:44 -0500] "PUT /bucket1/CTBC/123/456/ HTTP/1.1" 200 0 "-" ["AWS IFMJ3R6E9EWEE5MFX5U3:75L01/0t+A61DVXh9xRB/4gjRSA="] - [192.168.51.136:10443] - [/bucket1/CTBC/123/456/] [arg: -] "-" - "Mon, 26 Feb 2024 06:14:44 GMT" - "-" - "-" - "-" - "[/dr-bucket1/CTBC/123/456/]"
192.168.61.140 - - [26/Feb/2024:01:14:44 -0500] "GET /dr-bucket1/?delimiter=%2F&max-keys=1000&prefix=CTBC%2F123%2F HTTP/1.1" 200 922 "-" ["-"] - [192.168.61.140:10443] - [/dr-bucket1/?delimiter=%2F&max-keys=1000&prefix=CTBC%2F123%2F] [arg: delimiter=%2F&max-keys=1000&prefix=CTBC%2F123%2F] "e3b0c44298fc1c149afbf4c8996fb92427ae41e4649b934ca495991b7852b855" - "20240226T061444Z" - "-" - "-" - "-" - "[ok]"
192.168.51.64 - - [26/Feb/2024:01:14:44 -0500] "GET /bucket1/?delimiter=%2F&max-keys=1000&prefix=CTBC%2F123%2F HTTP/1.1" 200 922 "-" ["AWS IFMJ3R6E9EWEE5MFX5U3:HIgP3cp/n1gcsvZfI9bFMLzFTYI="] - [192.168.51.136:10443] - [/bucket1/?delimiter=%2F&max-keys=1000&prefix=CTBC%2F123%2F] [arg: delimiter=%2F&max-keys=1000&prefix=CTBC%2F123%2F] "-" - "Mon, 26 Feb 2024 06:14:44 GMT" - "-" - "-" - "-" - "[/dr-bucket1/?delimiter=%2F&max-keys=1000&prefix=CTBC%2F123%2F]"
192.168.61.140 - - [26/Feb/2024:01:14:46 -0500] "GET /dr-bucket1/?delimiter=%2F&max-keys=1000&prefix=CTBC%2F123%2F456%2F HTTP/1.1" 200 566 "-" ["-"] - [192.168.61.140:10443] - [/dr-bucket1/?delimiter=%2F&max-keys=1000&prefix=CTBC%2F123%2F456%2F] [arg: delimiter=%2F&max-keys=1000&prefix=CTBC%2F123%2F456%2F] "e3b0c44298fc1c149afbf4c8996fb92427ae41e4649b934ca495991b7852b855" - "20240226T061446Z" - "-" - "-" - "-" - "[ok]"
192.168.51.64 - - [26/Feb/2024:01:14:46 -0500] "GET /bucket1/?delimiter=%2F&max-keys=1000&prefix=CTBC%2F123%2F456%2F HTTP/1.1" 200 566 "-" ["AWS IFMJ3R6E9EWEE5MFX5U3:khPHxYrsOyDSLE+j3z4Fz++IRPk="] - [192.168.51.136:10443] - [/bucket1/?delimiter=%2F&max-keys=1000&prefix=CTBC%2F123%2F456%2F] [arg: delimiter=%2F&max-keys=1000&prefix=CTBC%2F123%2F456%2F] "-" - "Mon, 26 Feb 2024 06:14:47 GMT" - "-" - "-" - "-" - "[/dr-bucket1/?delimiter=%2F&max-keys=1000&prefix=CTBC%2F123%2F456%2F]"
192.168.51.64 - - [26/Feb/2024:01:14:54 -0500] "PUT /bucket1/CTBC/123/456/aws-signature.zip HTTP/1.1" 200 0 "-" ["AWS IFMJ3R6E9EWEE5MFX5U3:52wTpIKDCslzT5jZAMLMElQKt8Y="] - [192.168.51.136:10443] - [/bucket1/CTBC/123/456/aws-signature.zip] [arg: -] "-" - "Mon, 26 Feb 2024 06:14:54 GMT" - "-" - "-" - "-" - "[/dr-bucket1/CTBC/123/456/aws-signature.zip]"
192.168.61.140 - - [26/Feb/2024:01:14:54 -0500] "PUT /dr-bucket1/CTBC/123/456/aws-signature.zip HTTP/1.1" 200 0 "-" ["-"] - [192.168.61.140:10443] - [/dr-bucket1/CTBC/123/456/aws-signature.zip] [arg: -] "bc7ba8c26d90e957bf5ae642ac275a7eb5460611fca4a22fe75162d36102d4d6" - "20240226T061454Z" - "-" - "-" - "-" - "[ok]"
192.168.61.140 - - [26/Feb/2024:01:14:54 -0500] "GET /dr-bucket1/?delimiter=%2F&max-keys=1000&prefix=CTBC%2F123%2F456%2F HTTP/1.1" 200 879 "-" ["-"] - [192.168.61.140:10443] - [/dr-bucket1/?delimiter=%2F&max-keys=1000&prefix=CTBC%2F123%2F456%2F] [arg: delimiter=%2F&max-keys=1000&prefix=CTBC%2F123%2F456%2F] "e3b0c44298fc1c149afbf4c8996fb92427ae41e4649b934ca495991b7852b855" - "20240226T061454Z" - "-" - "-" - "-" - "[ok]"
192.168.51.64 - - [26/Feb/2024:01:14:54 -0500] "GET /bucket1/?delimiter=%2F&max-keys=1000&prefix=CTBC%2F123%2F456%2F HTTP/1.1" 200 879 "-" ["AWS IFMJ3R6E9EWEE5MFX5U3:rpzYdozCqpt2jonkIzU6ECfqOHM="] - [192.168.51.136:10443] - [/bucket1/?delimiter=%2F&max-keys=1000&prefix=CTBC%2F123%2F456%2F] [arg: delimiter=%2F&max-keys=1000&prefix=CTBC%2F123%2F456%2F] "-" - "Mon, 26 Feb 2024 06:14:54 GMT" - "-" - "-" - "-" - "[/dr-bucket1/?delimiter=%2F&max-keys=1000&prefix=CTBC%2F123%2F456%2F]"
192.168.61.140 - - [26/Feb/2024:01:15:10 -0500] "GET /dr-bucket1/?versioning= HTTP/1.1" 200 113 "-" ["-"] - [192.168.61.140:10443] - [/dr-bucket1/?versioning=] [arg: versioning=] "e3b0c44298fc1c149afbf4c8996fb92427ae41e4649b934ca495991b7852b855" - "20240226T061510Z" - "-" - "-" - "-" - "[ok]"
192.168.51.64 - - [26/Feb/2024:01:15:10 -0500] "GET /bucket1/?versioning= HTTP/1.1" 200 113 "-" ["AWS IFMJ3R6E9EWEE5MFX5U3:01U6+vWsMpp/UdXAH8sSG6ncJKA="] - [192.168.51.136:10443] - [/bucket1/?versioning=] [arg: versioning=] "-" - "Mon, 26 Feb 2024 06:15:10 GMT" - "-" - "-" - "-" - "[/dr-bucket1/?versioning=]"
192.168.61.140 - - [26/Feb/2024:01:15:10 -0500] "DELETE /dr-bucket1/CTBC/123/456/aws-signature.zip HTTP/1.1" 204 0 "-" ["-"] - [192.168.61.140:10443] - [/dr-bucket1/CTBC/123/456/aws-signature.zip] [arg: -] "e3b0c44298fc1c149afbf4c8996fb92427ae41e4649b934ca495991b7852b855" - "20240226T061510Z" - "-" - "-" - "-" - "[ok]"
192.168.51.64 - - [26/Feb/2024:01:15:10 -0500] "DELETE /bucket1/CTBC/123/456/aws-signature.zip HTTP/1.1" 204 0 "-" ["AWS IFMJ3R6E9EWEE5MFX5U3:j9s3HwX/arhuB6as8leqr6LZRCs="] - [192.168.51.136:10443] - [/bucket1/CTBC/123/456/aws-signature.zip] [arg: -] "-" - "Mon, 26 Feb 2024 06:15:10 GMT" - "-" - "-" - "-" - "[/dr-bucket1/CTBC/123/456/aws-signature.zip]"
192.168.61.140 - - [26/Feb/2024:01:15:10 -0500] "GET /dr-bucket1/?delimiter=%2F&max-keys=1000&prefix=CTBC%2F123%2F456%2F HTTP/1.1" 200 566 "-" ["-"] - [192.168.61.140:10443] - [/dr-bucket1/?delimiter=%2F&max-keys=1000&prefix=CTBC%2F123%2F456%2F] [arg: delimiter=%2F&max-keys=1000&prefix=CTBC%2F123%2F456%2F] "e3b0c44298fc1c149afbf4c8996fb92427ae41e4649b934ca495991b7852b855" - "20240226T061510Z" - "-" - "-" - "-" - "[ok]"
192.168.51.64 - - [26/Feb/2024:01:15:10 -0500] "GET /bucket1/?delimiter=%2F&max-keys=1000&prefix=CTBC%2F123%2F456%2F HTTP/1.1" 200 566 "-" ["AWS IFMJ3R6E9EWEE5MFX5U3://f3/qYBiXgpynfrM+NOMoU7cMM="] - [192.168.51.136:10443] - [/bucket1/?delimiter=%2F&max-keys=1000&prefix=CTBC%2F123%2F456%2F] [arg: delimiter=%2F&max-keys=1000&prefix=CTBC%2F123%2F456%2F] "-" - "Mon, 26 Feb 2024 06:15:10 GMT" - "-" - "-" - "-" - "[/dr-bucket1/?delimiter=%2F&max-keys=1000&prefix=CTBC%2F123%2F456%2F]"
192.168.51.64 - - [26/Feb/2024:01:15:15 -0500] "PUT /bucket1/CTBC/123/456/AIQUM%E6%94%B6LOG%E4%BD%9C%E6%A5%AD%E8%AA%AA%E6%98%8E.xlsx HTTP/1.1" 403 2626 "-" ["AWS IFMJ3R6E9EWEE5MFX5U3:vdnHF/L1C1xIjQf7ZpTAA1sMTl0="] - [192.168.51.136:10443] - [/bucket1/CTBC/123/456/AIQUM%E6%94%B6LOG%E4%BD%9C%E6%A5%AD%E8%AA%AA%E6%98%8E.xlsx] [arg: -] "-" - "Mon, 26 Feb 2024 06:15:15 GMT" - "-" - "-" - "-" - "[/dr-bucket1/CTBC/123/456/AIQUM%E6%94%B6LOG%E4%BD%9C%E6%A5%AD%E8%AA%AA%E6%98%8E.xlsx]"
192.168.61.140 - - [26/Feb/2024:01:15:15 -0500] "PUT /dr-bucket1/CTBC/123/456/AIQUM%E6%94%B6LOG%E4%BD%9C%E6%A5%AD%E8%AA%AA%E6%98%8E.xlsx HTTP/1.1" 403 2626 "-" ["-"] - [192.168.61.140:10443] - [/dr-bucket1/CTBC/123/456/AIQUM%E6%94%B6LOG%E4%BD%9C%E6%A5%AD%E8%AA%AA%E6%98%8E.xlsx] [arg: -] "f235dd54906884df6236ffb74853a4bace3954bfec85cfdb79e4064c44883d3e" - "20240226T061515Z" - "-" - "-" - "-" - "[ok]"
192.168.51.64 - - [26/Feb/2024:01:15:16 -0500] "PUT /bucket1/CTBC/123/456/AIQUM%E6%94%B6LOG%E4%BD%9C%E6%A5%AD%E8%AA%AA%E6%98%8E.xlsx HTTP/1.1" 403 2626 "-" ["AWS IFMJ3R6E9EWEE5MFX5U3:PH7BoQ/B4V9u5ZrWUaF4VKOyqaM="] - [192.168.51.136:10443] - [/bucket1/CTBC/123/456/AIQUM%E6%94%B6LOG%E4%BD%9C%E6%A5%AD%E8%AA%AA%E6%98%8E.xlsx] [arg: -] "-" - "Mon, 26 Feb 2024 06:15:16 GMT" - "-" - "-" - "-" - "[/dr-bucket1/CTBC/123/456/AIQUM%E6%94%B6LOG%E4%BD%9C%E6%A5%AD%E8%AA%AA%E6%98%8E.xlsx]"
192.168.61.140 - - [26/Feb/2024:01:15:16 -0500] "PUT /dr-bucket1/CTBC/123/456/AIQUM%E6%94%B6LOG%E4%BD%9C%E6%A5%AD%E8%AA%AA%E6%98%8E.xlsx HTTP/1.1" 403 2626 "-" ["-"] - [192.168.61.140:10443] - [/dr-bucket1/CTBC/123/456/AIQUM%E6%94%B6LOG%E4%BD%9C%E6%A5%AD%E8%AA%AA%E6%98%8E.xlsx] [arg: -] "f235dd54906884df6236ffb74853a4bace3954bfec85cfdb79e4064c44883d3e" - "20240226T061516Z" - "-" - "-" - "-" - "[ok]"
192.168.51.64 - - [26/Feb/2024:01:15:17 -0500] "PUT /bucket1/CTBC/123/456/AIQUM%E6%94%B6LOG%E4%BD%9C%E6%A5%AD%E8%AA%AA%E6%98%8E.xlsx HTTP/1.1" 403 2626 "-" ["AWS IFMJ3R6E9EWEE5MFX5U3:Tk1Pwuc6KdQ7agW7LWpALR0j5sY="] - [192.168.51.136:10443] - [/bucket1/CTBC/123/456/AIQUM%E6%94%B6LOG%E4%BD%9C%E6%A5%AD%E8%AA%AA%E6%98%8E.xlsx] [arg: -] "-" - "Mon, 26 Feb 2024 06:15:18 GMT" - "-" - "-" - "-" - "[/dr-bucket1/CTBC/123/456/AIQUM%E6%94%B6LOG%E4%BD%9C%E6%A5%AD%E8%AA%AA%E6%98%8E.xlsx]"
192.168.61.140 - - [26/Feb/2024:01:15:17 -0500] "PUT /dr-bucket1/CTBC/123/456/AIQUM%E6%94%B6LOG%E4%BD%9C%E6%A5%AD%E8%AA%AA%E6%98%8E.xlsx HTTP/1.1" 403 2626 "-" ["-"] - [192.168.61.140:10443] - [/dr-bucket1/CTBC/123/456/AIQUM%E6%94%B6LOG%E4%BD%9C%E6%A5%AD%E8%AA%AA%E6%98%8E.xlsx] [arg: -] "f235dd54906884df6236ffb74853a4bace3954bfec85cfdb79e4064c44883d3e" - "20240226T061517Z" - "-" - "-" - "-" - "[ok]"
192.168.51.64 - - [26/Feb/2024:01:15:19 -0500] "PUT /bucket1/CTBC/123/456/AIQUM%E6%94%B6LOG%E4%BD%9C%E6%A5%AD%E8%AA%AA%E6%98%8E.xlsx HTTP/1.1" 403 2626 "-" ["AWS IFMJ3R6E9EWEE5MFX5U3:do1pZQVPWehaNv0y8wUIuVpc+RQ="] - [192.168.51.136:10443] - [/bucket1/CTBC/123/456/AIQUM%E6%94%B6LOG%E4%BD%9C%E6%A5%AD%E8%AA%AA%E6%98%8E.xlsx] [arg: -] "-" - "Mon, 26 Feb 2024 06:15:19 GMT" - "-" - "-" - "-" - "[/dr-bucket1/CTBC/123/456/AIQUM%E6%94%B6LOG%E4%BD%9C%E6%A5%AD%E8%AA%AA%E6%98%8E.xlsx]"
192.168.61.140 - - [26/Feb/2024:01:15:19 -0500] "PUT /dr-bucket1/CTBC/123/456/AIQUM%E6%94%B6LOG%E4%BD%9C%E6%A5%AD%E8%AA%AA%E6%98%8E.xlsx HTTP/1.1" 403 2626 "-" ["-"] - [192.168.61.140:10443] - [/dr-bucket1/CTBC/123/456/AIQUM%E6%94%B6LOG%E4%BD%9C%E6%A5%AD%E8%AA%AA%E6%98%8E.xlsx] [arg: -] "f235dd54906884df6236ffb74853a4bace3954bfec85cfdb79e4064c44883d3e" - "20240226T061519Z" - "-" - "-" - "-" - "[ok]"
192.168.61.140 - - [26/Feb/2024:01:15:19 -0500] "GET /dr-bucket1/?delimiter=%2F&max-keys=1000&prefix=CTBC%2F123%2F456%2F HTTP/1.1" 200 566 "-" ["-"] - [192.168.61.140:10443] - [/dr-bucket1/?delimiter=%2F&max-keys=1000&prefix=CTBC%2F123%2F456%2F] [arg: delimiter=%2F&max-keys=1000&prefix=CTBC%2F123%2F456%2F] "e3b0c44298fc1c149afbf4c8996fb92427ae41e4649b934ca495991b7852b855" - "20240226T061519Z" - "-" - "-" - "-" - "[ok]"
192.168.51.64 - - [26/Feb/2024:01:15:19 -0500] "GET /bucket1/?delimiter=%2F&max-keys=1000&prefix=CTBC%2F123%2F456%2F HTTP/1.1" 200 566 "-" ["AWS IFMJ3R6E9EWEE5MFX5U3:OHJEfmpkoYIgfKmyC5WwwcouKyU="] - [192.168.51.136:10443] - [/bucket1/?delimiter=%2F&max-keys=1000&prefix=CTBC%2F123%2F456%2F] [arg: delimiter=%2F&max-keys=1000&prefix=CTBC%2F123%2F456%2F] "-" - "Mon, 26 Feb 2024 06:15:19 GMT" - "-" - "-" - "-" - "[/dr-bucket1/?delimiter=%2F&max-keys=1000&prefix=CTBC%2F123%2F456%2F]"
192.168.61.140 - - [26/Feb/2024:01:15:20 -0500] "GET /dr-bucket1/?delimiter=%2F&max-keys=1000&prefix=CTBC%2F123%2F456%2F HTTP/1.1" 200 566 "-" ["-"] - [192.168.61.140:10443] - [/dr-bucket1/?delimiter=%2F&max-keys=1000&prefix=CTBC%2F123%2F456%2F] [arg: delimiter=%2F&max-keys=1000&prefix=CTBC%2F123%2F456%2F] "e3b0c44298fc1c149afbf4c8996fb92427ae41e4649b934ca495991b7852b855" - "20240226T061520Z" - "-" - "-" - "-" - "[ok]"
192.168.51.64 - - [26/Feb/2024:01:15:20 -0500] "GET /bucket1/?delimiter=%2F&max-keys=1000&prefix=CTBC%2F123%2F456%2F HTTP/1.1" 200 566 "-" ["AWS IFMJ3R6E9EWEE5MFX5U3:J6kQTbBhMsSFXGm3UaYB2y5R+og="] - [192.168.51.136:10443] - [/bucket1/?delimiter=%2F&max-keys=1000&prefix=CTBC%2F123%2F456%2F] [arg: delimiter=%2F&max-keys=1000&prefix=CTBC%2F123%2F456%2F] "-" - "Mon, 26 Feb 2024 06:15:20 GMT" - "-" - "-" - "-" - "[/dr-bucket1/?delimiter=%2F&max-keys=1000&prefix=CTBC%2F123%2F456%2F]"
192.168.61.140 - - [26/Feb/2024:01:15:37 -0500] "POST /dr-bucket1/CTBC/123/456/ocumlog.txt?uploads= HTTP/1.1" 200 302 "-" ["-"] - [192.168.61.140:10443] - [/dr-bucket1/CTBC/123/456/ocumlog.txt?uploads=] [arg: uploads=] "e3b0c44298fc1c149afbf4c8996fb92427ae41e4649b934ca495991b7852b855" - "20240226T061537Z" - "-" - "-" - "-" - "[ok]"
192.168.51.64 - - [26/Feb/2024:01:15:37 -0500] "POST /bucket1/CTBC/123/456/ocumlog.txt?uploads= HTTP/1.1" 200 302 "-" ["AWS IFMJ3R6E9EWEE5MFX5U3:vzaMVdpeMayo/gN2/GKxI0iTo14="] - [192.168.51.136:10443] - [/bucket1/CTBC/123/456/ocumlog.txt?uploads=] [arg: uploads=] "-" - "Mon, 26 Feb 2024 06:15:37 GMT" - "-" - "-" - "-" - "[/dr-bucket1/CTBC/123/456/ocumlog.txt?uploads=]"
192.168.51.64 - - [26/Feb/2024:01:15:39 -0500] "PUT /bucket1/CTBC/123/456/ocumlog.txt?partNumber=2&uploadId=2lMP3m6mPedlCFBxotxM6a8qCi91p-L6kKKn33qsUxf5W511eB7VuGFu3Q HTTP/1.1" 200 0 "-" ["AWS IFMJ3R6E9EWEE5MFX5U3:V5lrRNRL1OO39MHzL3p9p3ovNpM="] - [192.168.51.136:10443] - [/bucket1/CTBC/123/456/ocumlog.txt?partNumber=2&uploadId=2lMP3m6mPedlCFBxotxM6a8qCi91p-L6kKKn33qsUxf5W511eB7VuGFu3Q] [arg: partNumber=2&uploadId=2lMP3m6mPedlCFBxotxM6a8qCi91p-L6kKKn33qsUxf5W511eB7VuGFu3Q] "-" - "Mon, 26 Feb 2024 06:15:37 GMT" - "-" - "-" - "-" - "[/dr-bucket1/CTBC/123/456/ocumlog.txt?partNumber=2&uploadId=2lMP3m6mPedlCFBxotxM6a8qCi91p-L6kKKn33qsUxf5W511eB7VuGFu3Q]"
192.168.61.140 - - [26/Feb/2024:01:15:39 -0500] "PUT /dr-bucket1/CTBC/123/456/ocumlog.txt?partNumber=2&uploadId=2lMP3m6mPedlCFBxotxM6a8qCi91p-L6kKKn33qsUxf5W511eB7VuGFu3Q HTTP/1.1" 200 0 "-" ["-"] - [192.168.61.140:10443] - [/dr-bucket1/CTBC/123/456/ocumlog.txt?partNumber=2&uploadId=2lMP3m6mPedlCFBxotxM6a8qCi91p-L6kKKn33qsUxf5W511eB7VuGFu3Q] [arg: partNumber=2&uploadId=2lMP3m6mPedlCFBxotxM6a8qCi91p-L6kKKn33qsUxf5W511eB7VuGFu3Q] "93fe14c14b6f1a910be75da12d555d091c7ad5d312f45579b774907c0752f7d8" - "20240226T061538Z" - "-" - "-" - "-" - "[ok]"
192.168.51.64 - - [26/Feb/2024:01:15:40 -0500] "PUT /bucket1/CTBC/123/456/ocumlog.txt?partNumber=1&uploadId=2lMP3m6mPedlCFBxotxM6a8qCi91p-L6kKKn33qsUxf5W511eB7VuGFu3Q HTTP/1.1" 200 0 "-" ["AWS IFMJ3R6E9EWEE5MFX5U3:UFgvSnrugFJ/YkRGW/Q9tNz4AGw="] - [192.168.51.136:10443] - [/bucket1/CTBC/123/456/ocumlog.txt?partNumber=1&uploadId=2lMP3m6mPedlCFBxotxM6a8qCi91p-L6kKKn33qsUxf5W511eB7VuGFu3Q] [arg: partNumber=1&uploadId=2lMP3m6mPedlCFBxotxM6a8qCi91p-L6kKKn33qsUxf5W511eB7VuGFu3Q] "-" - "Mon, 26 Feb 2024 06:15:37 GMT" - "-" - "-" - "-" - "[/dr-bucket1/CTBC/123/456/ocumlog.txt?partNumber=1&uploadId=2lMP3m6mPedlCFBxotxM6a8qCi91p-L6kKKn33qsUxf5W511eB7VuGFu3Q]"
192.168.61.140 - - [26/Feb/2024:01:15:40 -0500] "PUT /dr-bucket1/CTBC/123/456/ocumlog.txt?partNumber=1&uploadId=2lMP3m6mPedlCFBxotxM6a8qCi91p-L6kKKn33qsUxf5W511eB7VuGFu3Q HTTP/1.1" 200 0 "-" ["-"] - [192.168.61.140:10443] - [/dr-bucket1/CTBC/123/456/ocumlog.txt?partNumber=1&uploadId=2lMP3m6mPedlCFBxotxM6a8qCi91p-L6kKKn33qsUxf5W511eB7VuGFu3Q] [arg: partNumber=1&uploadId=2lMP3m6mPedlCFBxotxM6a8qCi91p-L6kKKn33qsUxf5W511eB7VuGFu3Q] "fa0c0567f5f2c750d020bdcb7dcbc7b60fe995a4a158407972d08689a8643c2c" - "20240226T061539Z" - "-" - "-" - "-" - "[ok]"
192.168.51.64 - - [26/Feb/2024:01:15:41 -0500] "POST /bucket1/CTBC/123/456/ocumlog.txt?uploadId=2lMP3m6mPedlCFBxotxM6a8qCi91p-L6kKKn33qsUxf5W511eB7VuGFu3Q HTTP/1.1" 200 364 "-" ["AWS IFMJ3R6E9EWEE5MFX5U3:gwlg2UlDhZI9toOEv347Nw0VO3E="] - [192.168.51.136:10443] - [/bucket1/CTBC/123/456/ocumlog.txt?uploadId=2lMP3m6mPedlCFBxotxM6a8qCi91p-L6kKKn33qsUxf5W511eB7VuGFu3Q] [arg: uploadId=2lMP3m6mPedlCFBxotxM6a8qCi91p-L6kKKn33qsUxf5W511eB7VuGFu3Q] "-" - "Mon, 26 Feb 2024 06:15:41 GMT" - "-" - "-" - "-" - "[/dr-bucket1/CTBC/123/456/ocumlog.txt?uploadId=2lMP3m6mPedlCFBxotxM6a8qCi91p-L6kKKn33qsUxf5W511eB7VuGFu3Q]"
192.168.61.140 - - [26/Feb/2024:01:15:41 -0500] "POST /dr-bucket1/CTBC/123/456/ocumlog.txt?uploadId=2lMP3m6mPedlCFBxotxM6a8qCi91p-L6kKKn33qsUxf5W511eB7VuGFu3Q HTTP/1.1" 200 364 "-" ["-"] - [192.168.61.140:10443] - [/dr-bucket1/CTBC/123/456/ocumlog.txt?uploadId=2lMP3m6mPedlCFBxotxM6a8qCi91p-L6kKKn33qsUxf5W511eB7VuGFu3Q] [arg: uploadId=2lMP3m6mPedlCFBxotxM6a8qCi91p-L6kKKn33qsUxf5W511eB7VuGFu3Q] "e6e459febbd0a0e5fef74169ad62d84286bc255cae75f6d35fe08201dd7a8c89" - "20240226T061540Z" - "-" - "-" - "-" - "[ok]"
192.168.61.140 - - [26/Feb/2024:01:15:41 -0500] "GET /dr-bucket1/?delimiter=%2F&max-keys=1000&prefix=CTBC%2F123%2F456%2F HTTP/1.1" 200 879 "-" ["-"] - [192.168.61.140:10443] - [/dr-bucket1/?delimiter=%2F&max-keys=1000&prefix=CTBC%2F123%2F456%2F] [arg: delimiter=%2F&max-keys=1000&prefix=CTBC%2F123%2F456%2F] "e3b0c44298fc1c149afbf4c8996fb92427ae41e4649b934ca495991b7852b855" - "20240226T061541Z" - "-" - "-" - "-" - "[ok]"
192.168.51.64 - - [26/Feb/2024:01:15:41 -0500] "GET /bucket1/?delimiter=%2F&max-keys=1000&prefix=CTBC%2F123%2F456%2F HTTP/1.1" 200 879 "-" ["AWS IFMJ3R6E9EWEE5MFX5U3:GY0kg0eIJ/RlJG2lp7rDJmeNELg="] - [192.168.51.136:10443] - [/bucket1/?delimiter=%2F&max-keys=1000&prefix=CTBC%2F123%2F456%2F] [arg: delimiter=%2F&max-keys=1000&prefix=CTBC%2F123%2F456%2F] "-" - "Mon, 26 Feb 2024 06:15:41 GMT" - "-" - "-" - "-" - "[/dr-bucket1/?delimiter=%2F&max-keys=1000&prefix=CTBC%2F123%2F456%2F]"
192.168.51.64 - - [26/Feb/2024:01:16:09 -0500] "PUT /bucket1/CTBC/123/456/AIQUM%E6%94%B6LOG%E4%BD%9C%E6%A5%AD%E8%AA%AA%E6%98%8E.xlsx HTTP/1.1" 403 2626 "-" ["AWS IFMJ3R6E9EWEE5MFX5U3:aOr7JDXZQY77ZCGxcwB++Jpy7Fw="] - [192.168.51.136:10443] - [/bucket1/CTBC/123/456/AIQUM%E6%94%B6LOG%E4%BD%9C%E6%A5%AD%E8%AA%AA%E6%98%8E.xlsx] [arg: -] "-" - "Mon, 26 Feb 2024 06:16:09 GMT" - "-" - "-" - "-" - "[/dr-bucket1/CTBC/123/456/AIQUM%E6%94%B6LOG%E4%BD%9C%E6%A5%AD%E8%AA%AA%E6%98%8E.xlsx]"
192.168.61.140 - - [26/Feb/2024:01:16:09 -0500] "PUT /dr-bucket1/CTBC/123/456/AIQUM%E6%94%B6LOG%E4%BD%9C%E6%A5%AD%E8%AA%AA%E6%98%8E.xlsx HTTP/1.1" 403 2626 "-" ["-"] - [192.168.61.140:10443] - [/dr-bucket1/CTBC/123/456/AIQUM%E6%94%B6LOG%E4%BD%9C%E6%A5%AD%E8%AA%AA%E6%98%8E.xlsx] [arg: -] "f235dd54906884df6236ffb74853a4bace3954bfec85cfdb79e4064c44883d3e" - "20240226T061609Z" - "-" - "-" - "-" - "[ok]"
192.168.51.64 - - [26/Feb/2024:01:16:10 -0500] "PUT /bucket1/CTBC/123/456/AIQUM%E6%94%B6LOG%E4%BD%9C%E6%A5%AD%E8%AA%AA%E6%98%8E.xlsx HTTP/1.1" 403 2626 "-" ["AWS IFMJ3R6E9EWEE5MFX5U3:L+NvuUEpsVF3veNLJKQuX8AGXK4="] - [192.168.51.136:10443] - [/bucket1/CTBC/123/456/AIQUM%E6%94%B6LOG%E4%BD%9C%E6%A5%AD%E8%AA%AA%E6%98%8E.xlsx] [arg: -] "-" - "Mon, 26 Feb 2024 06:16:10 GMT" - "-" - "-" - "-" - "[/dr-bucket1/CTBC/123/456/AIQUM%E6%94%B6LOG%E4%BD%9C%E6%A5%AD%E8%AA%AA%E6%98%8E.xlsx]"
192.168.61.140 - - [26/Feb/2024:01:16:10 -0500] "PUT /dr-bucket1/CTBC/123/456/AIQUM%E6%94%B6LOG%E4%BD%9C%E6%A5%AD%E8%AA%AA%E6%98%8E.xlsx HTTP/1.1" 403 2626 "-" ["-"] - [192.168.61.140:10443] - [/dr-bucket1/CTBC/123/456/AIQUM%E6%94%B6LOG%E4%BD%9C%E6%A5%AD%E8%AA%AA%E6%98%8E.xlsx] [arg: -] "f235dd54906884df6236ffb74853a4bace3954bfec85cfdb79e4064c44883d3e" - "20240226T061610Z" - "-" - "-" - "-" - "[ok]"
192.168.51.64 - - [26/Feb/2024:01:16:11 -0500] "PUT /bucket1/CTBC/123/456/AIQUM%E6%94%B6LOG%E4%BD%9C%E6%A5%AD%E8%AA%AA%E6%98%8E.xlsx HTTP/1.1" 403 2626 "-" ["AWS IFMJ3R6E9EWEE5MFX5U3:gHni6UxWlwSylO4ryXAxwxmQKNw="] - [192.168.51.136:10443] - [/bucket1/CTBC/123/456/AIQUM%E6%94%B6LOG%E4%BD%9C%E6%A5%AD%E8%AA%AA%E6%98%8E.xlsx] [arg: -] "-" - "Mon, 26 Feb 2024 06:16:11 GMT" - "-" - "-" - "-" - "[/dr-bucket1/CTBC/123/456/AIQUM%E6%94%B6LOG%E4%BD%9C%E6%A5%AD%E8%AA%AA%E6%98%8E.xlsx]"
192.168.61.140 - - [26/Feb/2024:01:16:11 -0500] "PUT /dr-bucket1/CTBC/123/456/AIQUM%E6%94%B6LOG%E4%BD%9C%E6%A5%AD%E8%AA%AA%E6%98%8E.xlsx HTTP/1.1" 403 2626 "-" ["-"] - [192.168.61.140:10443] - [/dr-bucket1/CTBC/123/456/AIQUM%E6%94%B6LOG%E4%BD%9C%E6%A5%AD%E8%AA%AA%E6%98%8E.xlsx] [arg: -] "f235dd54906884df6236ffb74853a4bace3954bfec85cfdb79e4064c44883d3e" - "20240226T061611Z" - "-" - "-" - "-" - "[ok]"
192.168.51.64 - - [26/Feb/2024:01:16:12 -0500] "PUT /bucket1/CTBC/123/456/AIQUM%E6%94%B6LOG%E4%BD%9C%E6%A5%AD%E8%AA%AA%E6%98%8E.xlsx HTTP/1.1" 403 2626 "-" ["AWS IFMJ3R6E9EWEE5MFX5U3:7Fnq44iADfE45jXXLfPM+bGVqC4="] - [192.168.51.136:10443] - [/bucket1/CTBC/123/456/AIQUM%E6%94%B6LOG%E4%BD%9C%E6%A5%AD%E8%AA%AA%E6%98%8E.xlsx] [arg: -] "-" - "Mon, 26 Feb 2024 06:16:12 GMT" - "-" - "-" - "-" - "[/dr-bucket1/CTBC/123/456/AIQUM%E6%94%B6LOG%E4%BD%9C%E6%A5%AD%E8%AA%AA%E6%98%8E.xlsx]"
192.168.61.140 - - [26/Feb/2024:01:16:12 -0500] "PUT /dr-bucket1/CTBC/123/456/AIQUM%E6%94%B6LOG%E4%BD%9C%E6%A5%AD%E8%AA%AA%E6%98%8E.xlsx HTTP/1.1" 403 2626 "-" ["-"] - [192.168.61.140:10443] - [/dr-bucket1/CTBC/123/456/AIQUM%E6%94%B6LOG%E4%BD%9C%E6%A5%AD%E8%AA%AA%E6%98%8E.xlsx] [arg: -] "f235dd54906884df6236ffb74853a4bace3954bfec85cfdb79e4064c44883d3e" - "20240226T061612Z" - "-" - "-" - "-" - "[ok]"
