192.168.61.140 - - [23/Feb/2024:08:03:28 -0500] "GET /dr-bucket1?prefix=CTBC%2F&encoding-type=url HTTP/1.1" 500 183 "-" ["-"] - [192.168.61.140:10443] - [/dr-bucket1?prefix=CTBC%2F&encoding-type=url] [arg: prefix=CTBC%2F&encoding-type=url] "e3b0c44298fc1c149afbf4c8996fb92427ae41e4649b934ca495991b7852b855" - "20240223T130328Z" - "-" - "-" - "-" - "[ok]"
192.168.61.140 - - [23/Feb/2024:08:03:28 -0500] "GET /bucket1?prefix=CTBC%2F&encoding-type=url HTTP/1.1" 500 183 "-" ["AWS4-HMAC-SHA256 Credential=IFMJ3R6E9EWEE5MFX5U3/20240223/us-east-1/s3/aws4_request, SignedHeaders=host;x-amz-content-sha256;x-amz-date, Signature=4d199227267c79ec158b1381ce80c22ea1e6108be74867327911a3d8dd973541"] - [192.168.61.140:10443] - [/bucket1?prefix=CTBC%2F&encoding-type=url] [arg: prefix=CTBC%2F&encoding-type=url] "e3b0c44298fc1c149afbf4c8996fb92427ae41e4649b934ca495991b7852b855" - "20240223T130328Z" - "-" - "-" - "-" - "[/dr-bucket1?prefix=CTBC%2F&encoding-type=url]"
192.168.61.140 - - [23/Feb/2024:08:03:29 -0500] "GET /dr-bucket1?prefix=CTBC%2F&encoding-type=url HTTP/1.1" 500 183 "-" ["-"] - [192.168.61.140:10443] - [/dr-bucket1?prefix=CTBC%2F&encoding-type=url] [arg: prefix=CTBC%2F&encoding-type=url] "e3b0c44298fc1c149afbf4c8996fb92427ae41e4649b934ca495991b7852b855" - "20240223T130329Z" - "-" - "-" - "-" - "[ok]"
192.168.61.140 - - [23/Feb/2024:08:03:29 -0500] "GET /bucket1?prefix=CTBC%2F&encoding-type=url HTTP/1.1" 500 183 "-" ["AWS4-HMAC-SHA256 Credential=IFMJ3R6E9EWEE5MFX5U3/20240223/us-east-1/s3/aws4_request, SignedHeaders=host;x-amz-content-sha256;x-amz-date, Signature=72e38024f2a6e90abc7f5d230c8e67fd17dcb392cc4d09e788dfa51fff50f422"] - [192.168.61.140:10443] - [/bucket1?prefix=CTBC%2F&encoding-type=url] [arg: prefix=CTBC%2F&encoding-type=url] "e3b0c44298fc1c149afbf4c8996fb92427ae41e4649b934ca495991b7852b855" - "20240223T130329Z" - "-" - "-" - "-" - "[/dr-bucket1?prefix=CTBC%2F&encoding-type=url]"
192.168.61.140 - - [23/Feb/2024:08:03:30 -0500] "GET /dr-bucket1?prefix=CTBC%2F&encoding-type=url HTTP/1.1" 500 183 "-" ["-"] - [192.168.61.140:10443] - [/dr-bucket1?prefix=CTBC%2F&encoding-type=url] [arg: prefix=CTBC%2F&encoding-type=url] "e3b0c44298fc1c149afbf4c8996fb92427ae41e4649b934ca495991b7852b855" - "20240223T130330Z" - "-" - "-" - "-" - "[ok]"
192.168.61.140 - - [23/Feb/2024:08:03:30 -0500] "GET /bucket1?prefix=CTBC%2F&encoding-type=url HTTP/1.1" 500 183 "-" ["AWS4-HMAC-SHA256 Credential=IFMJ3R6E9EWEE5MFX5U3/20240223/us-east-1/s3/aws4_request, SignedHeaders=host;x-amz-content-sha256;x-amz-date, Signature=121b8f24338fc49ee7b96b6c301ab33246c853958a95a76b4f3c2461f8e1591a"] - [192.168.61.140:10443] - [/bucket1?prefix=CTBC%2F&encoding-type=url] [arg: prefix=CTBC%2F&encoding-type=url] "e3b0c44298fc1c149afbf4c8996fb92427ae41e4649b934ca495991b7852b855" - "20240223T130330Z" - "-" - "-" - "-" - "[/dr-bucket1?prefix=CTBC%2F&encoding-type=url]"
192.168.61.140 - - [23/Feb/2024:08:07:43 -0500] "GET /dr-bucket1?prefix=CTBC%2F&encoding-type=url HTTP/1.1" 200 1449 "-" ["-"] - [192.168.61.140:10443] - [/dr-bucket1?prefix=CTBC%2F&encoding-type=url] [arg: prefix=CTBC%2F&encoding-type=url] "e3b0c44298fc1c149afbf4c8996fb92427ae41e4649b934ca495991b7852b855" - "20240223T130743Z" - "-" - "-" - "-" - "[ok]"
192.168.61.140 - - [23/Feb/2024:08:07:43 -0500] "GET /bucket1?prefix=CTBC%2F&encoding-type=url HTTP/1.1" 200 1449 "-" ["AWS4-HMAC-SHA256 Credential=IFMJ3R6E9EWEE5MFX5U3/20240223/us-east-1/s3/aws4_request, SignedHeaders=host;x-amz-content-sha256;x-amz-date, Signature=dff851fae69b29425989cca0e65d97ea55b4fac35751f865b0ab08b46544f560"] - [192.168.61.140:10443] - [/bucket1?prefix=CTBC%2F&encoding-type=url] [arg: prefix=CTBC%2F&encoding-type=url] "e3b0c44298fc1c149afbf4c8996fb92427ae41e4649b934ca495991b7852b855" - "20240223T130743Z" - "-" - "-" - "-" - "[/dr-bucket1?prefix=CTBC%2F&encoding-type=url]"
192.168.61.145 - - [23/Feb/2024:09:04:41 -0500] "GET / HTTP/1.1" 200 907 "-" ["AWS4-HMAC-SHA256 Credential=MBU0ORZMU5G5A5CJBAWL/20240223/us-east-1/s3/aws4_request,SignedHeaders=host;user-agent;x-amz-content-sha256;x-amz-date, Signature=b97d17a717225a2ed36aaccf280a3320970fb4094481ffdd8cff5a3e20f52554"] - [192.168.61.140:10443] - [/] [arg: -] "e3b0c44298fc1c149afbf4c8996fb92427ae41e4649b934ca495991b7852b855" - "20240223T140441Z" - "-" - "-" - "-" - "[ok]"
192.168.61.140 - - [23/Feb/2024:09:04:42 -0500] "GET /dr-bucket1/?delimiter=%2F&max-keys=1000&prefix= HTTP/1.1" 200 1495 "-" ["-"] - [192.168.61.140:10443] - [/dr-bucket1/?delimiter=%2F&max-keys=1000&prefix=] [arg: delimiter=%2F&max-keys=1000&prefix=] "e3b0c44298fc1c149afbf4c8996fb92427ae41e4649b934ca495991b7852b855" - "20240223T140441Z" - "-" - "-" - "-" - "[ok]"
192.168.61.145 - - [23/Feb/2024:09:04:42 -0500] "GET /bucket1/?delimiter=%2F&max-keys=1000&prefix= HTTP/1.1" 200 1495 "-" ["AWS4-HMAC-SHA256 Credential=MBU0ORZMU5G5A5CJBAWL/20240223/us-east-1/s3/aws4_request,SignedHeaders=host;user-agent;x-amz-content-sha256;x-amz-date, Signature=746eb74556dce6997f0d0d53f3f8bf95e812510d2b4d820ec22b9f7477c6a17d"] - [192.168.61.140:10443] - [/bucket1/?delimiter=%2F&max-keys=1000&prefix=] [arg: delimiter=%2F&max-keys=1000&prefix=] "e3b0c44298fc1c149afbf4c8996fb92427ae41e4649b934ca495991b7852b855" - "20240223T140441Z" - "-" - "-" - "-" - "[/dr-bucket1/?delimiter=%2F&max-keys=1000&prefix=]"
192.168.61.140 - - [23/Feb/2024:09:04:42 -0500] "GET /dr-bucket1/?object-lock= HTTP/1.1" 404 263 "-" ["-"] - [192.168.61.140:10443] - [/dr-bucket1/?object-lock=] [arg: object-lock=] "e3b0c44298fc1c149afbf4c8996fb92427ae41e4649b934ca495991b7852b855" - "20240223T140441Z" - "-" - "-" - "-" - "[ok]"
192.168.61.145 - - [23/Feb/2024:09:04:42 -0500] "GET /bucket1/?object-lock= HTTP/1.1" 404 263 "-" ["AWS4-HMAC-SHA256 Credential=MBU0ORZMU5G5A5CJBAWL/20240223/us-east-1/s3/aws4_request,SignedHeaders=host;user-agent;x-amz-content-sha256;x-amz-date, Signature=13950916774e4f20f3b7f3c03ef6045ffbfc7458efbcdc3ec5daf758aeec0517"] - [192.168.61.140:10443] - [/bucket1/?object-lock=] [arg: object-lock=] "e3b0c44298fc1c149afbf4c8996fb92427ae41e4649b934ca495991b7852b855" - "20240223T140441Z" - "-" - "-" - "-" - "[/dr-bucket1/?object-lock=]"
192.168.61.145 - - [23/Feb/2024:09:04:44 -0500] "GET /dr-bucket1/?object-lock= HTTP/1.1" 404 263 "-" ["AWS4-HMAC-SHA256 Credential=MBU0ORZMU5G5A5CJBAWL/20240223/us-east-1/s3/aws4_request,SignedHeaders=host;user-agent;x-amz-content-sha256;x-amz-date, Signature=9243fc8545f662887e990f16567932dc2a3ac835d2f9335f1da3b128fb01cc9f"] - [192.168.61.140:10443] - [/dr-bucket1/?object-lock=] [arg: object-lock=] "e3b0c44298fc1c149afbf4c8996fb92427ae41e4649b934ca495991b7852b855" - "20240223T140444Z" - "-" - "-" - "-" - "[ok]"
192.168.61.145 - - [23/Feb/2024:09:04:44 -0500] "GET /dr-bucket1/?delimiter=%2F&max-keys=1000&prefix= HTTP/1.1" 200 1495 "-" ["AWS4-HMAC-SHA256 Credential=MBU0ORZMU5G5A5CJBAWL/20240223/us-east-1/s3/aws4_request,SignedHeaders=host;user-agent;x-amz-content-sha256;x-amz-date, Signature=8f51bf6da99e14cf1e3a988adc1353252cc8aaa2f85f6bc514a7da2b90e72301"] - [192.168.61.140:10443] - [/dr-bucket1/?delimiter=%2F&max-keys=1000&prefix=] [arg: delimiter=%2F&max-keys=1000&prefix=] "e3b0c44298fc1c149afbf4c8996fb92427ae41e4649b934ca495991b7852b855" - "20240223T140444Z" - "-" - "-" - "-" - "[ok]"
192.168.61.140 - - [23/Feb/2024:09:04:46 -0500] "GET /dr-bucket1/?delimiter=%2F&max-keys=1000&prefix= HTTP/1.1" 200 1495 "-" ["-"] - [192.168.61.140:10443] - [/dr-bucket1/?delimiter=%2F&max-keys=1000&prefix=] [arg: delimiter=%2F&max-keys=1000&prefix=] "e3b0c44298fc1c149afbf4c8996fb92427ae41e4649b934ca495991b7852b855" - "20240223T140446Z" - "-" - "-" - "-" - "[ok]"
192.168.61.145 - - [23/Feb/2024:09:04:46 -0500] "GET /bucket1/?delimiter=%2F&max-keys=1000&prefix= HTTP/1.1" 200 1495 "-" ["AWS4-HMAC-SHA256 Credential=MBU0ORZMU5G5A5CJBAWL/20240223/us-east-1/s3/aws4_request,SignedHeaders=host;user-agent;x-amz-content-sha256;x-amz-date, Signature=81381b9f4c46fec46417da9befa564f74c8d6bd03cef004fe62bac64727e92e6"] - [192.168.61.140:10443] - [/bucket1/?delimiter=%2F&max-keys=1000&prefix=] [arg: delimiter=%2F&max-keys=1000&prefix=] "e3b0c44298fc1c149afbf4c8996fb92427ae41e4649b934ca495991b7852b855" - "20240223T140446Z" - "-" - "-" - "-" - "[/dr-bucket1/?delimiter=%2F&max-keys=1000&prefix=]"
192.168.61.140 - - [23/Feb/2024:09:04:48 -0500] "GET /dr-bucket1/?delimiter=%2F&max-keys=1000&prefix=CTBC%2F HTTP/1.1" 200 1441 "-" ["-"] - [192.168.61.140:10443] - [/dr-bucket1/?delimiter=%2F&max-keys=1000&prefix=CTBC%2F] [arg: delimiter=%2F&max-keys=1000&prefix=CTBC%2F] "e3b0c44298fc1c149afbf4c8996fb92427ae41e4649b934ca495991b7852b855" - "20240223T140448Z" - "-" - "-" - "-" - "[ok]"
192.168.61.145 - - [23/Feb/2024:09:04:48 -0500] "GET /bucket1/?delimiter=%2F&max-keys=1000&prefix=CTBC%2F HTTP/1.1" 200 1441 "-" ["AWS4-HMAC-SHA256 Credential=MBU0ORZMU5G5A5CJBAWL/20240223/us-east-1/s3/aws4_request,SignedHeaders=host;user-agent;x-amz-content-sha256;x-amz-date, Signature=a7c819b280cd68fb7047b8453344d34b6e408d7f6fa344a0971ff349b35be282"] - [192.168.61.140:10443] - [/bucket1/?delimiter=%2F&max-keys=1000&prefix=CTBC%2F] [arg: delimiter=%2F&max-keys=1000&prefix=CTBC%2F] "e3b0c44298fc1c149afbf4c8996fb92427ae41e4649b934ca495991b7852b855" - "20240223T140448Z" - "-" - "-" - "-" - "[/dr-bucket1/?delimiter=%2F&max-keys=1000&prefix=CTBC%2F]"
192.168.61.145 - - [23/Feb/2024:09:04:52 -0500] "GET /dr-bucket1/?delimiter=%2F&max-keys=1000&prefix= HTTP/1.1" 200 1495 "-" ["AWS4-HMAC-SHA256 Credential=MBU0ORZMU5G5A5CJBAWL/20240223/us-east-1/s3/aws4_request,SignedHeaders=host;user-agent;x-amz-content-sha256;x-amz-date, Signature=80ec67f938f8472026e08fc2764ca207185964c7bd055873666d66ce4008861b"] - [192.168.61.140:10443] - [/dr-bucket1/?delimiter=%2F&max-keys=1000&prefix=] [arg: delimiter=%2F&max-keys=1000&prefix=] "e3b0c44298fc1c149afbf4c8996fb92427ae41e4649b934ca495991b7852b855" - "20240223T140452Z" - "-" - "-" - "-" - "[ok]"
192.168.61.145 - - [23/Feb/2024:09:04:55 -0500] "GET /dr-bucket1/?delimiter=%2F&max-keys=1000&prefix=CTBC%2F HTTP/1.1" 200 1441 "-" ["AWS4-HMAC-SHA256 Credential=MBU0ORZMU5G5A5CJBAWL/20240223/us-east-1/s3/aws4_request,SignedHeaders=host;user-agent;x-amz-content-sha256;x-amz-date, Signature=97587762a03e131b72ae78be7db1ae2890886b605190534d239f14ad3594dcaa"] - [192.168.61.140:10443] - [/dr-bucket1/?delimiter=%2F&max-keys=1000&prefix=CTBC%2F] [arg: delimiter=%2F&max-keys=1000&prefix=CTBC%2F] "e3b0c44298fc1c149afbf4c8996fb92427ae41e4649b934ca495991b7852b855" - "20240223T140455Z" - "-" - "-" - "-" - "[ok]"
192.168.61.145 - - [23/Feb/2024:09:04:59 -0500] "GET /dr-bucket1/?delimiter=%2F&max-keys=1000&prefix= HTTP/1.1" 200 1495 "-" ["AWS4-HMAC-SHA256 Credential=MBU0ORZMU5G5A5CJBAWL/20240223/us-east-1/s3/aws4_request,SignedHeaders=host;user-agent;x-amz-content-sha256;x-amz-date, Signature=b115449fb2cfeee688ef39c163f758a77676829ca392db4a0bc9a2d4338f022a"] - [192.168.61.140:10443] - [/dr-bucket1/?delimiter=%2F&max-keys=1000&prefix=] [arg: delimiter=%2F&max-keys=1000&prefix=] "e3b0c44298fc1c149afbf4c8996fb92427ae41e4649b934ca495991b7852b855" - "20240223T140458Z" - "-" - "-" - "-" - "[ok]"
192.168.61.140 - - [24/Feb/2024:07:48:22 -0500] "GET /dr-bucket1?prefix=CTBC%2F&encoding-type=url HTTP/1.1" 200 1449 "-" ["-"] - [192.168.61.140:10443] - [/dr-bucket1?prefix=CTBC%2F&encoding-type=url] [arg: prefix=CTBC%2F&encoding-type=url] "e3b0c44298fc1c149afbf4c8996fb92427ae41e4649b934ca495991b7852b855" - "20240224T124822Z" - "-" - "-" - "-" - "[ok]"
192.168.61.140 - - [24/Feb/2024:07:48:22 -0500] "GET /bucket1?prefix=CTBC%2F&encoding-type=url HTTP/1.1" 200 1449 "-" ["AWS4-HMAC-SHA256 Credential=IFMJ3R6E9EWEE5MFX5U3/20240224/us-east-1/s3/aws4_request, SignedHeaders=host;x-amz-content-sha256;x-amz-date, Signature=dd62f787d5855cd251e9a775acee924751ce1c12340c406527ff985e19f9c92d"] - [192.168.61.140:10443] - [/bucket1?prefix=CTBC%2F&encoding-type=url] [arg: prefix=CTBC%2F&encoding-type=url] "e3b0c44298fc1c149afbf4c8996fb92427ae41e4649b934ca495991b7852b855" - "20240224T124822Z" - "-" - "-" - "-" - "[/dr-bucket1?prefix=CTBC%2F&encoding-type=url]"
192.168.61.140 - - [24/Feb/2024:07:52:40 -0500] "GET /dr-bucket1?prefix=CTBC%2F&encoding-type=url HTTP/1.1" 500 183 "-" ["-"] - [192.168.61.140:10443] - [/dr-bucket1?prefix=CTBC%2F&encoding-type=url] [arg: prefix=CTBC%2F&encoding-type=url] "e3b0c44298fc1c149afbf4c8996fb92427ae41e4649b934ca495991b7852b855" - "20240224T125240Z" - "-" - "-" - "-" - "[ok]"
192.168.61.140 - - [24/Feb/2024:07:52:40 -0500] "GET /bucket1?prefix=CTBC%2F&encoding-type=url HTTP/1.1" 500 183 "-" ["AWS4-HMAC-SHA256 Credential=IFMJ3R6E9EWEE5MFX5U3/20240224/us-east-1/s3/aws4_request, SignedHeaders=host;x-amz-content-sha256;x-amz-date, Signature=882f80bbf4038fe7eb3db8b87db38b539da8ccbb11771a360008ee83d0d00879"] - [192.168.61.140:10443] - [/bucket1?prefix=CTBC%2F&encoding-type=url] [arg: prefix=CTBC%2F&encoding-type=url] "e3b0c44298fc1c149afbf4c8996fb92427ae41e4649b934ca495991b7852b855" - "20240224T125240Z" - "-" - "-" - "-" - "[/dr-bucket1?prefix=CTBC%2F&encoding-type=url]"
192.168.61.140 - - [24/Feb/2024:07:52:41 -0500] "GET /dr-bucket1?prefix=CTBC%2F&encoding-type=url HTTP/1.1" 500 183 "-" ["-"] - [192.168.61.140:10443] - [/dr-bucket1?prefix=CTBC%2F&encoding-type=url] [arg: prefix=CTBC%2F&encoding-type=url] "e3b0c44298fc1c149afbf4c8996fb92427ae41e4649b934ca495991b7852b855" - "20240224T125241Z" - "-" - "-" - "-" - "[ok]"
192.168.61.140 - - [24/Feb/2024:07:52:41 -0500] "GET /bucket1?prefix=CTBC%2F&encoding-type=url HTTP/1.1" 500 183 "-" ["AWS4-HMAC-SHA256 Credential=IFMJ3R6E9EWEE5MFX5U3/20240224/us-east-1/s3/aws4_request, SignedHeaders=host;x-amz-content-sha256;x-amz-date, Signature=5bea40922f3c0d3c7c78ef301d13da1bb7fd4c5f037711d4e9c4542325c02331"] - [192.168.61.140:10443] - [/bucket1?prefix=CTBC%2F&encoding-type=url] [arg: prefix=CTBC%2F&encoding-type=url] "e3b0c44298fc1c149afbf4c8996fb92427ae41e4649b934ca495991b7852b855" - "20240224T125241Z" - "-" - "-" - "-" - "[/dr-bucket1?prefix=CTBC%2F&encoding-type=url]"
192.168.61.140 - - [24/Feb/2024:07:52:42 -0500] "GET /dr-bucket1?prefix=CTBC%2F&encoding-type=url HTTP/1.1" 500 183 "-" ["-"] - [192.168.61.140:10443] - [/dr-bucket1?prefix=CTBC%2F&encoding-type=url] [arg: prefix=CTBC%2F&encoding-type=url] "e3b0c44298fc1c149afbf4c8996fb92427ae41e4649b934ca495991b7852b855" - "20240224T125242Z" - "-" - "-" - "-" - "[ok]"
192.168.61.140 - - [24/Feb/2024:07:52:42 -0500] "GET /bucket1?prefix=CTBC%2F&encoding-type=url HTTP/1.1" 500 183 "-" ["AWS4-HMAC-SHA256 Credential=IFMJ3R6E9EWEE5MFX5U3/20240224/us-east-1/s3/aws4_request, SignedHeaders=host;x-amz-content-sha256;x-amz-date, Signature=ba3f5a250acd1493259ea993fc2ea8a76feee3cf4ac04b2ec43857552309fabf"] - [192.168.61.140:10443] - [/bucket1?prefix=CTBC%2F&encoding-type=url] [arg: prefix=CTBC%2F&encoding-type=url] "e3b0c44298fc1c149afbf4c8996fb92427ae41e4649b934ca495991b7852b855" - "20240224T125242Z" - "-" - "-" - "-" - "[/dr-bucket1?prefix=CTBC%2F&encoding-type=url]"
192.168.61.140 - - [24/Feb/2024:08:13:02 -0500] "GET /dr-bucket1?prefix=CTBC%2F&encoding-type=url HTTP/1.1" 200 1449 "-" ["-"] - [192.168.61.140:10443] - [/dr-bucket1?prefix=CTBC%2F&encoding-type=url] [arg: prefix=CTBC%2F&encoding-type=url] "e3b0c44298fc1c149afbf4c8996fb92427ae41e4649b934ca495991b7852b855" - "20240224T131302Z" - "-" - "-" - "-" - "[ok]"
192.168.61.140 - - [24/Feb/2024:08:13:02 -0500] "GET /bucket1?prefix=CTBC%2F&encoding-type=url HTTP/1.1" 200 1449 "-" ["AWS4-HMAC-SHA256 Credential=IFMJ3R6E9EWEE5MFX5U3/20240224/us-east-1/s3/aws4_request, SignedHeaders=host;x-amz-content-sha256;x-amz-date, Signature=82f75c1d30028f8319fc895a50a85f60f368354c645b179e12dc025e4fd971d8"] - [192.168.61.140:10443] - [/bucket1?prefix=CTBC%2F&encoding-type=url] [arg: prefix=CTBC%2F&encoding-type=url] "e3b0c44298fc1c149afbf4c8996fb92427ae41e4649b934ca495991b7852b855" - "20240224T131302Z" - "-" - "-" - "-" - "[/dr-bucket1?prefix=CTBC%2F&encoding-type=url]"
192.168.61.140 - - [24/Feb/2024:08:24:22 -0500] "GET /dr-bucket1?prefix=CTBC%2F&encoding-type=url HTTP/1.1" 500 183 "-" ["-"] - [192.168.61.140:10443] - [/dr-bucket1?prefix=CTBC%2F&encoding-type=url] [arg: prefix=CTBC%2F&encoding-type=url] "e3b0c44298fc1c149afbf4c8996fb92427ae41e4649b934ca495991b7852b855" - "20240224T132422Z" - "-" - "-" - "-" - "[ok]"
192.168.61.140 - - [24/Feb/2024:08:24:22 -0500] "GET /bucket1?prefix=CTBC%2F&encoding-type=url HTTP/1.1" 500 183 "-" ["AWS4-HMAC-SHA256 Credential=IFMJ3R6E9EWEE5MFX5U3/20240224/us-east-1/s3/aws4_request, SignedHeaders=host;x-amz-content-sha256;x-amz-date, Signature=2cc855f8319cac12381503d9c92bb9f2afc12234ab7b930781b891cbfa921472"] - [192.168.61.140:10443] - [/bucket1?prefix=CTBC%2F&encoding-type=url] [arg: prefix=CTBC%2F&encoding-type=url] "e3b0c44298fc1c149afbf4c8996fb92427ae41e4649b934ca495991b7852b855" - "20240224T132422Z" - "-" - "-" - "-" - "[/dr-bucket1?prefix=CTBC%2F&encoding-type=url]"
192.168.61.140 - - [24/Feb/2024:08:24:22 -0500] "GET /dr-bucket1?prefix=CTBC%2F&encoding-type=url HTTP/1.1" 500 183 "-" ["-"] - [192.168.61.140:10443] - [/dr-bucket1?prefix=CTBC%2F&encoding-type=url] [arg: prefix=CTBC%2F&encoding-type=url] "e3b0c44298fc1c149afbf4c8996fb92427ae41e4649b934ca495991b7852b855" - "20240224T132422Z" - "-" - "-" - "-" - "[ok]"
192.168.61.140 - - [24/Feb/2024:08:24:22 -0500] "GET /bucket1?prefix=CTBC%2F&encoding-type=url HTTP/1.1" 500 183 "-" ["AWS4-HMAC-SHA256 Credential=IFMJ3R6E9EWEE5MFX5U3/20240224/us-east-1/s3/aws4_request, SignedHeaders=host;x-amz-content-sha256;x-amz-date, Signature=2cc855f8319cac12381503d9c92bb9f2afc12234ab7b930781b891cbfa921472"] - [192.168.61.140:10443] - [/bucket1?prefix=CTBC%2F&encoding-type=url] [arg: prefix=CTBC%2F&encoding-type=url] "e3b0c44298fc1c149afbf4c8996fb92427ae41e4649b934ca495991b7852b855" - "20240224T132422Z" - "-" - "-" - "-" - "[/dr-bucket1?prefix=CTBC%2F&encoding-type=url]"
192.168.61.140 - - [24/Feb/2024:08:24:24 -0500] "GET /dr-bucket1?prefix=CTBC%2F&encoding-type=url HTTP/1.1" 500 183 "-" ["-"] - [192.168.61.140:10443] - [/dr-bucket1?prefix=CTBC%2F&encoding-type=url] [arg: prefix=CTBC%2F&encoding-type=url] "e3b0c44298fc1c149afbf4c8996fb92427ae41e4649b934ca495991b7852b855" - "20240224T132424Z" - "-" - "-" - "-" - "[ok]"
192.168.61.140 - - [24/Feb/2024:08:24:24 -0500] "GET /bucket1?prefix=CTBC%2F&encoding-type=url HTTP/1.1" 500 183 "-" ["AWS4-HMAC-SHA256 Credential=IFMJ3R6E9EWEE5MFX5U3/20240224/us-east-1/s3/aws4_request, SignedHeaders=host;x-amz-content-sha256;x-amz-date, Signature=2ffc672833db3bb7b173dfec04d380ed7b40e885a2014aa99dd57c3e77be53d8"] - [192.168.61.140:10443] - [/bucket1?prefix=CTBC%2F&encoding-type=url] [arg: prefix=CTBC%2F&encoding-type=url] "e3b0c44298fc1c149afbf4c8996fb92427ae41e4649b934ca495991b7852b855" - "20240224T132424Z" - "-" - "-" - "-" - "[/dr-bucket1?prefix=CTBC%2F&encoding-type=url]"
192.168.61.140 - - [24/Feb/2024:08:25:41 -0500] "GET /dr-bucket1?prefix=CTBC%2F&encoding-type=url HTTP/1.1" 500 183 "-" ["-"] - [192.168.61.140:10443] - [/dr-bucket1?prefix=CTBC%2F&encoding-type=url] [arg: prefix=CTBC%2F&encoding-type=url] "e3b0c44298fc1c149afbf4c8996fb92427ae41e4649b934ca495991b7852b855" - "20240224T132540Z" - "-" - "-" - "-" - "[ok]"
192.168.61.140 - - [24/Feb/2024:08:25:41 -0500] "GET /bucket1?prefix=CTBC%2F&encoding-type=url HTTP/1.1" 500 183 "-" ["AWS4-HMAC-SHA256 Credential=IFMJ3R6E9EWEE5MFX5U3/20240224/us-east-1/s3/aws4_request, SignedHeaders=host;x-amz-content-sha256;x-amz-date, Signature=1b82b8e2f53740b50395ba26321993983f1cfbcca6ea8773b1cbb193809b39f9"] - [192.168.61.140:10443] - [/bucket1?prefix=CTBC%2F&encoding-type=url] [arg: prefix=CTBC%2F&encoding-type=url] "e3b0c44298fc1c149afbf4c8996fb92427ae41e4649b934ca495991b7852b855" - "20240224T132540Z" - "-" - "-" - "-" - "[/dr-bucket1?prefix=CTBC%2F&encoding-type=url]"
192.168.61.140 - - [24/Feb/2024:08:25:41 -0500] "GET /dr-bucket1?prefix=CTBC%2F&encoding-type=url HTTP/1.1" 500 183 "-" ["-"] - [192.168.61.140:10443] - [/dr-bucket1?prefix=CTBC%2F&encoding-type=url] [arg: prefix=CTBC%2F&encoding-type=url] "e3b0c44298fc1c149afbf4c8996fb92427ae41e4649b934ca495991b7852b855" - "20240224T132541Z" - "-" - "-" - "-" - "[ok]"
192.168.61.140 - - [24/Feb/2024:08:25:41 -0500] "GET /bucket1?prefix=CTBC%2F&encoding-type=url HTTP/1.1" 500 183 "-" ["AWS4-HMAC-SHA256 Credential=IFMJ3R6E9EWEE5MFX5U3/20240224/us-east-1/s3/aws4_request, SignedHeaders=host;x-amz-content-sha256;x-amz-date, Signature=3b14fe7d051db5976e77dc4f9f80921b3885df536d283f5feb9fa7e160001b19"] - [192.168.61.140:10443] - [/bucket1?prefix=CTBC%2F&encoding-type=url] [arg: prefix=CTBC%2F&encoding-type=url] "e3b0c44298fc1c149afbf4c8996fb92427ae41e4649b934ca495991b7852b855" - "20240224T132541Z" - "-" - "-" - "-" - "[/dr-bucket1?prefix=CTBC%2F&encoding-type=url]"
192.168.61.140 - - [24/Feb/2024:08:25:43 -0500] "GET /dr-bucket1?prefix=CTBC%2F&encoding-type=url HTTP/1.1" 500 183 "-" ["-"] - [192.168.61.140:10443] - [/dr-bucket1?prefix=CTBC%2F&encoding-type=url] [arg: prefix=CTBC%2F&encoding-type=url] "e3b0c44298fc1c149afbf4c8996fb92427ae41e4649b934ca495991b7852b855" - "20240224T132543Z" - "-" - "-" - "-" - "[ok]"
192.168.61.140 - - [24/Feb/2024:08:25:43 -0500] "GET /bucket1?prefix=CTBC%2F&encoding-type=url HTTP/1.1" 500 183 "-" ["AWS4-HMAC-SHA256 Credential=IFMJ3R6E9EWEE5MFX5U3/20240224/us-east-1/s3/aws4_request, SignedHeaders=host;x-amz-content-sha256;x-amz-date, Signature=17a52aa2440923bfccf3597a47cd682138a4fbbcc6cea74800373faa3c74077c"] - [192.168.61.140:10443] - [/bucket1?prefix=CTBC%2F&encoding-type=url] [arg: prefix=CTBC%2F&encoding-type=url] "e3b0c44298fc1c149afbf4c8996fb92427ae41e4649b934ca495991b7852b855" - "20240224T132543Z" - "-" - "-" - "-" - "[/dr-bucket1?prefix=CTBC%2F&encoding-type=url]"
192.168.61.140 - - [24/Feb/2024:08:26:40 -0500] "GET /dr-bucket1?prefix=CTBC%2F&encoding-type=url HTTP/1.1" 200 1449 "-" ["-"] - [192.168.61.140:10443] - [/dr-bucket1?prefix=CTBC%2F&encoding-type=url] [arg: prefix=CTBC%2F&encoding-type=url] "e3b0c44298fc1c149afbf4c8996fb92427ae41e4649b934ca495991b7852b855" - "20240224T132640Z" - "-" - "-" - "-" - "[ok]"
192.168.61.140 - - [24/Feb/2024:08:26:40 -0500] "GET /bucket1?prefix=CTBC%2F&encoding-type=url HTTP/1.1" 200 1449 "-" ["AWS4-HMAC-SHA256 Credential=IFMJ3R6E9EWEE5MFX5U3/20240224/us-east-1/s3/aws4_request, SignedHeaders=host;x-amz-content-sha256;x-amz-date, Signature=a8e73f625898f060ba7a7751b713714f4ec7f7e43706bc0f4e8f50d84b1a4496"] - [192.168.61.140:10443] - [/bucket1?prefix=CTBC%2F&encoding-type=url] [arg: prefix=CTBC%2F&encoding-type=url] "e3b0c44298fc1c149afbf4c8996fb92427ae41e4649b934ca495991b7852b855" - "20240224T132640Z" - "-" - "-" - "-" - "[/dr-bucket1?prefix=CTBC%2F&encoding-type=url]"
192.168.61.140 - - [24/Feb/2024:08:27:20 -0500] "GET /dr-bucket1?prefix=CTBC%2F&encoding-type=url HTTP/1.1" 200 1449 "-" ["-"] - [192.168.61.140:10443] - [/dr-bucket1?prefix=CTBC%2F&encoding-type=url] [arg: prefix=CTBC%2F&encoding-type=url] "e3b0c44298fc1c149afbf4c8996fb92427ae41e4649b934ca495991b7852b855" - "20240224T132720Z" - "-" - "-" - "-" - "[ok]"
192.168.61.140 - - [24/Feb/2024:08:27:20 -0500] "GET /bucket1?prefix=CTBC%2F&encoding-type=url HTTP/1.1" 200 1449 "-" ["AWS4-HMAC-SHA256 Credential=IFMJ3R6E9EWEE5MFX5U3/20240224/us-east-1/s3/aws4_request, SignedHeaders=host;x-amz-content-sha256;x-amz-date, Signature=dabf0066403f5e8ec8f466e839e70a38e1dd41efaede3ffe973161f014e61bd5"] - [192.168.61.140:10443] - [/bucket1?prefix=CTBC%2F&encoding-type=url] [arg: prefix=CTBC%2F&encoding-type=url] "e3b0c44298fc1c149afbf4c8996fb92427ae41e4649b934ca495991b7852b855" - "20240224T132720Z" - "-" - "-" - "-" - "[/dr-bucket1?prefix=CTBC%2F&encoding-type=url]"
192.168.61.140 - - [24/Feb/2024:08:29:15 -0500] "GET /dr-bucket1?prefix=CTBC%2F&encoding-type=url HTTP/1.1" 200 1449 "-" ["-"] - [192.168.61.140:10443] - [/dr-bucket1?prefix=CTBC%2F&encoding-type=url] [arg: prefix=CTBC%2F&encoding-type=url] "e3b0c44298fc1c149afbf4c8996fb92427ae41e4649b934ca495991b7852b855" - "20240224T132915Z" - "-" - "-" - "-" - "[ok]"
192.168.61.140 - - [24/Feb/2024:08:29:15 -0500] "GET /bucket1?prefix=CTBC%2F&encoding-type=url HTTP/1.1" 200 1449 "-" ["AWS4-HMAC-SHA256 Credential=IFMJ3R6E9EWEE5MFX5U3/20240224/us-east-1/s3/aws4_request, SignedHeaders=host;x-amz-content-sha256;x-amz-date, Signature=7b6e38b6a094977ad03d6f973457ba324a76262658715064aa1b947ec5679fbd"] - [192.168.61.140:10443] - [/bucket1?prefix=CTBC%2F&encoding-type=url] [arg: prefix=CTBC%2F&encoding-type=url] "e3b0c44298fc1c149afbf4c8996fb92427ae41e4649b934ca495991b7852b855" - "20240224T132915Z" - "-" - "-" - "-" - "[/dr-bucket1?prefix=CTBC%2F&encoding-type=url]"
192.168.61.140 - - [24/Feb/2024:08:30:39 -0500] "GET /dr-bucket1?prefix=CTBC%2F&encoding-type=url HTTP/1.1" 200 1449 "-" ["-"] - [192.168.61.140:10443] - [/dr-bucket1?prefix=CTBC%2F&encoding-type=url] [arg: prefix=CTBC%2F&encoding-type=url] "e3b0c44298fc1c149afbf4c8996fb92427ae41e4649b934ca495991b7852b855" - "20240224T133039Z" - "-" - "-" - "-" - "[ok]"
192.168.61.140 - - [24/Feb/2024:08:30:39 -0500] "GET /bucket1?prefix=CTBC%2F&encoding-type=url HTTP/1.1" 200 1449 "-" ["AWS4-HMAC-SHA256 Credential=IFMJ3R6E9EWEE5MFX5U3/20240224/us-east-1/s3/aws4_request, SignedHeaders=host;x-amz-content-sha256;x-amz-date, Signature=eeb85a4b832e4e59f4694d9f9b2b4ff9f124015aa8e67c23bce09708d3bc4af1"] - [192.168.61.140:10443] - [/bucket1?prefix=CTBC%2F&encoding-type=url] [arg: prefix=CTBC%2F&encoding-type=url] "e3b0c44298fc1c149afbf4c8996fb92427ae41e4649b934ca495991b7852b855" - "20240224T133039Z" - "-" - "-" - "-" - "[/dr-bucket1?prefix=CTBC%2F&encoding-type=url]"
192.168.61.140 - - [24/Feb/2024:08:31:56 -0500] "GET /dr-bucket1?prefix=CTBC%2F&encoding-type=url HTTP/1.1" 200 1449 "-" ["-"] - [192.168.61.140:10443] - [/dr-bucket1?prefix=CTBC%2F&encoding-type=url] [arg: prefix=CTBC%2F&encoding-type=url] "e3b0c44298fc1c149afbf4c8996fb92427ae41e4649b934ca495991b7852b855" - "20240224T133156Z" - "-" - "-" - "-" - "[ok]"
192.168.61.140 - - [24/Feb/2024:08:31:56 -0500] "GET /bucket1?prefix=CTBC%2F&encoding-type=url HTTP/1.1" 200 1449 "-" ["AWS4-HMAC-SHA256 Credential=67HCDL6ZVH03GY2T4VH9/20240224/us-east-1/s3/aws4_request, SignedHeaders=host;x-amz-content-sha256;x-amz-date, Signature=48d96132f1efb446726ca35bb44de03e315cbab6e839b0c3acc9660641ff856c"] - [192.168.61.140:10443] - [/bucket1?prefix=CTBC%2F&encoding-type=url] [arg: prefix=CTBC%2F&encoding-type=url] "e3b0c44298fc1c149afbf4c8996fb92427ae41e4649b934ca495991b7852b855" - "20240224T133156Z" - "-" - "-" - "-" - "[/dr-bucket1?prefix=CTBC%2F&encoding-type=url]"
192.168.61.140 - - [24/Feb/2024:08:32:24 -0500] "PUT /bucket1/test.txt HTTP/1.1" 200 25 "-" ["AWS4-HMAC-SHA256 Credential=67HCDL6ZVH03GY2T4VH9/20240224/us-east-1/s3/aws4_request, SignedHeaders=content-md5;host;x-amz-content-sha256;x-amz-date, Signature=5b6cf03696ef7a6ba23c490f373e2114ec83ebdcc701192764bbcd02d84da797"] - [192.168.61.140:10443] - [/bucket1/test.txt] [arg: -] "24139af8b5203f9324b96ea8cf857cc4c1e9b073aa1bcbf52ac2a8c1600d56c1" - "20240224T133224Z" - "-" - "-" - "-" - "[/dr-bucket1/test.txt]"
192.168.61.140 - - [24/Feb/2024:08:32:24 -0500] "PUT /dr-bucket1/test.txt HTTP/1.1" 200 0 "-" ["-"] - [192.168.61.140:10443] - [/dr-bucket1/test.txt] [arg: -] "24139af8b5203f9324b96ea8cf857cc4c1e9b073aa1bcbf52ac2a8c1600d56c1" - "20240224T133224Z" - "-" - "-" - "-" - "[ok]"
192.168.61.140 - - [24/Feb/2024:08:33:16 -0500] "PUT /bucket1/test.txt HTTP/1.1" 200 25 "-" ["AWS4-HMAC-SHA256 Credential=67HCDL6ZVH03GY2T4VH9/20240224/us-east-1/s3/aws4_request, SignedHeaders=content-md5;host;x-amz-content-sha256;x-amz-date, Signature=3fc9f52740a50950e89bcf72abe97ea14ffcf4acfaa43451444720f95024c3e9"] - [192.168.61.140:10443] - [/bucket1/test.txt] [arg: -] "24139af8b5203f9324b96ea8cf857cc4c1e9b073aa1bcbf52ac2a8c1600d56c1" - "20240224T133316Z" - "-" - "-" - "-" - "[/dr-bucket1/test.txt]"
192.168.61.140 - - [24/Feb/2024:08:33:16 -0500] "PUT /dr-bucket1/test.txt HTTP/1.1" 200 0 "-" ["-"] - [192.168.61.140:10443] - [/dr-bucket1/test.txt] [arg: -] "24139af8b5203f9324b96ea8cf857cc4c1e9b073aa1bcbf52ac2a8c1600d56c1" - "20240224T133316Z" - "-" - "-" - "-" - "[ok]"
192.168.61.140 - - [24/Feb/2024:08:34:59 -0500] "PUT /bucket1/test.txt HTTP/1.1" 403 216 "-" ["AWS4-HMAC-SHA256 Credential=67HCDL6ZVH03GY2T4VH9/20240224/us-east-1/s3/aws4_request, SignedHeaders=content-md5;host;x-amz-content-sha256;x-amz-date, Signature=ac4fe46eb6d86b9d999f71adef2ecdf81d77fb1624974c8f30503d86a1c8fb18"] - [192.168.61.140:10443] - [/bucket1/test.txt] [arg: -] "24139af8b5203f9324b96ea8cf857cc4c1e9b073aa1bcbf52ac2a8c1600d56c1" - "20240224T133459Z" - "-" - "-" - "-" - "[/dr-bucket1/test.txt]"
192.168.61.140 - - [24/Feb/2024:08:34:59 -0500] "PUT /dr-bucket1/test.txt HTTP/1.1" 403 191 "-" ["-"] - [192.168.61.140:10443] - [/dr-bucket1/test.txt] [arg: -] "24139af8b5203f9324b96ea8cf857cc4c1e9b073aa1bcbf52ac2a8c1600d56c1" - "20240224T133459Z" - "-" - "-" - "-" - "[ok]"
192.168.61.140 - - [24/Feb/2024:08:35:58 -0500] "PUT /bucket1/test.txt HTTP/1.1" 200 25 "-" ["AWS4-HMAC-SHA256 Credential=IFMJ3R6E9EWEE5MFX5U3/20240224/us-east-1/s3/aws4_request, SignedHeaders=content-md5;host;x-amz-content-sha256;x-amz-date, Signature=853d09d50c03db700b1d0e06dc3b62281ec8bb43207c7eae5a39b4c83eaf38dc"] - [192.168.61.140:10443] - [/bucket1/test.txt] [arg: -] "24139af8b5203f9324b96ea8cf857cc4c1e9b073aa1bcbf52ac2a8c1600d56c1" - "20240224T133558Z" - "-" - "-" - "-" - "[/dr-bucket1/test.txt]"
192.168.61.140 - - [24/Feb/2024:08:35:58 -0500] "PUT /dr-bucket1/test.txt HTTP/1.1" 200 0 "-" ["-"] - [192.168.61.140:10443] - [/dr-bucket1/test.txt] [arg: -] "24139af8b5203f9324b96ea8cf857cc4c1e9b073aa1bcbf52ac2a8c1600d56c1" - "20240224T133558Z" - "-" - "-" - "-" - "[ok]"
192.168.61.140 - - [24/Feb/2024:08:36:30 -0500] "PUT /bucket1/test.txt HTTP/1.1" 200 25 "-" ["AWS4-HMAC-SHA256 Credential=IFMJ3R6E9EWEE5MFX5U3/20240224/us-east-1/s3/aws4_request, SignedHeaders=content-md5;host;x-amz-content-sha256;x-amz-date, Signature=723d1e5c3e13896f547f0f7831175492a09657ad6eea34fdd6247cc8b46c65af"] - [192.168.61.140:10443] - [/bucket1/test.txt] [arg: -] "24139af8b5203f9324b96ea8cf857cc4c1e9b073aa1bcbf52ac2a8c1600d56c1" - "20240224T133630Z" - "-" - "-" - "-" - "[/dr-bucket1/test.txt]"
192.168.61.140 - - [24/Feb/2024:08:36:30 -0500] "PUT /dr-bucket1/test.txt HTTP/1.1" 200 0 "-" ["-"] - [192.168.61.140:10443] - [/dr-bucket1/test.txt] [arg: -] "24139af8b5203f9324b96ea8cf857cc4c1e9b073aa1bcbf52ac2a8c1600d56c1" - "20240224T133630Z" - "-" - "-" - "-" - "[ok]"
192.168.61.140 - - [24/Feb/2024:08:37:28 -0500] "PUT /bucket1/test.txt HTTP/1.1" 200 25 "-" ["AWS4-HMAC-SHA256 Credential=IFMJ3R6E9EWEE5MFX5U3/20240224/us-east-1/s3/aws4_request, SignedHeaders=content-md5;host;x-amz-content-sha256;x-amz-date, Signature=bae256fe5d8e93e9786cecea7737001697206a2558a6fe7a92405e3c13db0edf"] - [192.168.61.140:10443] - [/bucket1/test.txt] [arg: -] "24139af8b5203f9324b96ea8cf857cc4c1e9b073aa1bcbf52ac2a8c1600d56c1" - "20240224T133728Z" - "-" - "-" - "-" - "[/dr-bucket1/test.txt]"
192.168.61.140 - - [24/Feb/2024:08:37:28 -0500] "PUT /dr-bucket1/test.txt HTTP/1.1" 200 0 "-" ["-"] - [192.168.61.140:10443] - [/dr-bucket1/test.txt] [arg: -] "24139af8b5203f9324b96ea8cf857cc4c1e9b073aa1bcbf52ac2a8c1600d56c1" - "20240224T133728Z" - "-" - "-" - "-" - "[ok]"
192.168.61.140 - - [24/Feb/2024:08:37:57 -0500] "PUT /bucket1/test.txt HTTP/1.1" 403 216 "-" ["AWS4-HMAC-SHA256 Credential=67HCDL6ZVH03GY2T4VH9/20240224/us-east-1/s3/aws4_request, SignedHeaders=content-md5;host;x-amz-content-sha256;x-amz-date, Signature=561adafb1774c21ed4c73701c7a8f79706db78669ba98bf8d0a34c8b70479e4f"] - [192.168.61.140:10443] - [/bucket1/test.txt] [arg: -] "24139af8b5203f9324b96ea8cf857cc4c1e9b073aa1bcbf52ac2a8c1600d56c1" - "20240224T133757Z" - "-" - "-" - "-" - "[/dr-bucket1/test.txt]"
192.168.61.140 - - [24/Feb/2024:08:37:57 -0500] "PUT /dr-bucket1/test.txt HTTP/1.1" 403 191 "-" ["-"] - [192.168.61.140:10443] - [/dr-bucket1/test.txt] [arg: -] "24139af8b5203f9324b96ea8cf857cc4c1e9b073aa1bcbf52ac2a8c1600d56c1" - "20240224T133757Z" - "-" - "-" - "-" - "[ok]"
192.168.61.145 - - [24/Feb/2024:08:41:51 -0500] "GET / HTTP/1.1" 200 907 "-" ["AWS4-HMAC-SHA256 Credential=67HCDL6ZVH03GY2T4VH9/20240224/us-east-1/s3/aws4_request,SignedHeaders=host;user-agent;x-amz-content-sha256;x-amz-date, Signature=4239f7c480948f2ac8802e1a58bf3e03bbbc9f0be5e2540e60bf6a1c90aa5d8e"] - [192.168.61.140:10443] - [/] [arg: -] "e3b0c44298fc1c149afbf4c8996fb92427ae41e4649b934ca495991b7852b855" - "20240224T134151Z" - "-" - "-" - "-" - "[ok]"
192.168.61.145 - - [24/Feb/2024:08:41:51 -0500] "GET /bucket-version-test/?object-lock= HTTP/1.1" 403 205 "-" ["AWS4-HMAC-SHA256 Credential=67HCDL6ZVH03GY2T4VH9/20240224/us-east-1/s3/aws4_request,SignedHeaders=host;user-agent;x-amz-content-sha256;x-amz-date, Signature=68d59652af21c51303f7b34885f1b601ffa7abf958d5b7447113159227d25ef7"] - [192.168.61.140:10443] - [/bucket-version-test/?object-lock=] [arg: object-lock=] "e3b0c44298fc1c149afbf4c8996fb92427ae41e4649b934ca495991b7852b855" - "20240224T134151Z" - "-" - "-" - "-" - "[ok]"
192.168.61.145 - - [24/Feb/2024:08:41:51 -0500] "GET /bucket-version-test/?delimiter=%2F&max-keys=1000&prefix= HTTP/1.1" 200 269 "-" ["AWS4-HMAC-SHA256 Credential=67HCDL6ZVH03GY2T4VH9/20240224/us-east-1/s3/aws4_request,SignedHeaders=host;user-agent;x-amz-content-sha256;x-amz-date, Signature=cb24e9b4f3c8918ce08067868c3fe0f236c4d275cdea1482b8615882f5304fca"] - [192.168.61.140:10443] - [/bucket-version-test/?delimiter=%2F&max-keys=1000&prefix=] [arg: delimiter=%2F&max-keys=1000&prefix=] "e3b0c44298fc1c149afbf4c8996fb92427ae41e4649b934ca495991b7852b855" - "20240224T134151Z" - "-" - "-" - "-" - "[ok]"
192.168.61.145 - - [24/Feb/2024:08:41:51 -0500] "GET /bucket-version-test/?object-lock= HTTP/1.1" 403 205 "-" ["AWS4-HMAC-SHA256 Credential=67HCDL6ZVH03GY2T4VH9/20240224/us-east-1/s3/aws4_request,SignedHeaders=host;user-agent;x-amz-content-sha256;x-amz-date, Signature=68d59652af21c51303f7b34885f1b601ffa7abf958d5b7447113159227d25ef7"] - [192.168.61.140:10443] - [/bucket-version-test/?object-lock=] [arg: object-lock=] "e3b0c44298fc1c149afbf4c8996fb92427ae41e4649b934ca495991b7852b855" - "20240224T134151Z" - "-" - "-" - "-" - "[ok]"
192.168.61.140 - - [24/Feb/2024:08:41:53 -0500] "GET /dr-bucket1/?delimiter=%2F&max-keys=1000&prefix= HTTP/1.1" 200 1495 "-" ["-"] - [192.168.61.140:10443] - [/dr-bucket1/?delimiter=%2F&max-keys=1000&prefix=] [arg: delimiter=%2F&max-keys=1000&prefix=] "e3b0c44298fc1c149afbf4c8996fb92427ae41e4649b934ca495991b7852b855" - "20240224T134153Z" - "-" - "-" - "-" - "[ok]"
192.168.61.145 - - [24/Feb/2024:08:41:53 -0500] "GET /bucket1/?delimiter=%2F&max-keys=1000&prefix= HTTP/1.1" 200 1495 "-" ["AWS4-HMAC-SHA256 Credential=67HCDL6ZVH03GY2T4VH9/20240224/us-east-1/s3/aws4_request,SignedHeaders=host;user-agent;x-amz-content-sha256;x-amz-date, Signature=ef90a08b992f5c13d9af611cf09b1721af029d3adc739665eed9167ca40e4413"] - [192.168.61.140:10443] - [/bucket1/?delimiter=%2F&max-keys=1000&prefix=] [arg: delimiter=%2F&max-keys=1000&prefix=] "e3b0c44298fc1c149afbf4c8996fb92427ae41e4649b934ca495991b7852b855" - "20240224T134153Z" - "-" - "-" - "-" - "[/dr-bucket1/?delimiter=%2F&max-keys=1000&prefix=]"
192.168.61.140 - - [24/Feb/2024:08:41:56 -0500] "GET /dr-bucket1/?delimiter=%2F&max-keys=1000&prefix=CTBC%2F HTTP/1.1" 200 1441 "-" ["-"] - [192.168.61.140:10443] - [/dr-bucket1/?delimiter=%2F&max-keys=1000&prefix=CTBC%2F] [arg: delimiter=%2F&max-keys=1000&prefix=CTBC%2F] "e3b0c44298fc1c149afbf4c8996fb92427ae41e4649b934ca495991b7852b855" - "20240224T134156Z" - "-" - "-" - "-" - "[ok]"
192.168.61.145 - - [24/Feb/2024:08:41:56 -0500] "GET /bucket1/?delimiter=%2F&max-keys=1000&prefix=CTBC%2F HTTP/1.1" 200 1441 "-" ["AWS4-HMAC-SHA256 Credential=67HCDL6ZVH03GY2T4VH9/20240224/us-east-1/s3/aws4_request,SignedHeaders=host;user-agent;x-amz-content-sha256;x-amz-date, Signature=b0e4f6bf7e53df5a5f3230ca58f0d6c64aac74d06781572adbd8dfef95c9269d"] - [192.168.61.140:10443] - [/bucket1/?delimiter=%2F&max-keys=1000&prefix=CTBC%2F] [arg: delimiter=%2F&max-keys=1000&prefix=CTBC%2F] "e3b0c44298fc1c149afbf4c8996fb92427ae41e4649b934ca495991b7852b855" - "20240224T134155Z" - "-" - "-" - "-" - "[/dr-bucket1/?delimiter=%2F&max-keys=1000&prefix=CTBC%2F]"
192.168.61.140 - - [24/Feb/2024:08:42:00 -0500] "GET /dr-bucket1/?versioning= HTTP/1.1" 403 195 "-" ["-"] - [192.168.61.140:10443] - [/dr-bucket1/?versioning=] [arg: versioning=] "e3b0c44298fc1c149afbf4c8996fb92427ae41e4649b934ca495991b7852b855" - "20240224T134200Z" - "-" - "-" - "-" - "[ok]"
192.168.61.145 - - [24/Feb/2024:08:42:00 -0500] "GET /bucket1/?versioning= HTTP/1.1" 403 195 "-" ["AWS4-HMAC-SHA256 Credential=67HCDL6ZVH03GY2T4VH9/20240224/us-east-1/s3/aws4_request,SignedHeaders=host;user-agent;x-amz-content-sha256;x-amz-date, Signature=9d9ab6af66acec2fa518c200df854e1a6dc982f274fea6d0db3bc64e21bd7f4b"] - [192.168.61.140:10443] - [/bucket1/?versioning=] [arg: versioning=] "e3b0c44298fc1c149afbf4c8996fb92427ae41e4649b934ca495991b7852b855" - "20240224T134200Z" - "-" - "-" - "-" - "[/dr-bucket1/?versioning=]"
192.168.61.140 - - [24/Feb/2024:08:42:00 -0500] "DELETE /dr-bucket1/CTBC/test.txt HTTP/1.1" 403 196 "-" ["-"] - [192.168.61.140:10443] - [/dr-bucket1/CTBC/test.txt] [arg: -] "e3b0c44298fc1c149afbf4c8996fb92427ae41e4649b934ca495991b7852b855" - "20240224T134200Z" - "-" - "-" - "-" - "[ok]"
192.168.61.145 - - [24/Feb/2024:08:42:00 -0500] "DELETE /bucket1/CTBC/test.txt HTTP/1.1" 403 196 "-" ["AWS4-HMAC-SHA256 Credential=67HCDL6ZVH03GY2T4VH9/20240224/us-east-1/s3/aws4_request,SignedHeaders=host;user-agent;x-amz-content-sha256;x-amz-date, Signature=c6a2db651764b558d8915ebef19da695281dfa6f6c0acf6cb3f33c716084d74e"] - [192.168.61.140:10443] - [/bucket1/CTBC/test.txt] [arg: -] "e3b0c44298fc1c149afbf4c8996fb92427ae41e4649b934ca495991b7852b855" - "20240224T134200Z" - "-" - "-" - "-" - "[/dr-bucket1/CTBC/test.txt]"
192.168.61.140 - - [24/Feb/2024:08:42:00 -0500] "GET /dr-bucket1/?delimiter=%2F&max-keys=1000&prefix=CTBC%2F HTTP/1.1" 200 1441 "-" ["-"] - [192.168.61.140:10443] - [/dr-bucket1/?delimiter=%2F&max-keys=1000&prefix=CTBC%2F] [arg: delimiter=%2F&max-keys=1000&prefix=CTBC%2F] "e3b0c44298fc1c149afbf4c8996fb92427ae41e4649b934ca495991b7852b855" - "20240224T134200Z" - "-" - "-" - "-" - "[ok]"
192.168.61.145 - - [24/Feb/2024:08:42:00 -0500] "GET /bucket1/?delimiter=%2F&max-keys=1000&prefix=CTBC%2F HTTP/1.1" 200 1441 "-" ["AWS4-HMAC-SHA256 Credential=67HCDL6ZVH03GY2T4VH9/20240224/us-east-1/s3/aws4_request,SignedHeaders=host;user-agent;x-amz-content-sha256;x-amz-date, Signature=1e996b7c6e3deb5f99778f4d46b75b6f14fcc15a04b42e9507f9e4345dab533d"] - [192.168.61.140:10443] - [/bucket1/?delimiter=%2F&max-keys=1000&prefix=CTBC%2F] [arg: delimiter=%2F&max-keys=1000&prefix=CTBC%2F] "e3b0c44298fc1c149afbf4c8996fb92427ae41e4649b934ca495991b7852b855" - "20240224T134200Z" - "-" - "-" - "-" - "[/dr-bucket1/?delimiter=%2F&max-keys=1000&prefix=CTBC%2F]"
192.168.61.145 - - [24/Feb/2024:08:42:35 -0500] "GET / HTTP/1.1" 200 907 "-" ["AWS4-HMAC-SHA256 Credential=MBU0ORZMU5G5A5CJBAWL/20240224/us-east-1/s3/aws4_request,SignedHeaders=host;user-agent;x-amz-content-sha256;x-amz-date, Signature=6210ba797d42b57137d863aa19a00866f97b7ebca619c2f2387ae5f20dfa251c"] - [192.168.61.140:10443] - [/] [arg: -] "e3b0c44298fc1c149afbf4c8996fb92427ae41e4649b934ca495991b7852b855" - "20240224T134235Z" - "-" - "-" - "-" - "[ok]"
192.168.61.145 - - [24/Feb/2024:08:42:35 -0500] "GET /dr-bucket1/?delimiter=%2F&max-keys=1000&prefix= HTTP/1.1" 200 1495 "-" ["AWS4-HMAC-SHA256 Credential=MBU0ORZMU5G5A5CJBAWL/20240224/us-east-1/s3/aws4_request,SignedHeaders=host;user-agent;x-amz-content-sha256;x-amz-date, Signature=5393bd3e19c724267991d4a9a5635c9682eee2baad62698d4f864a11e17b5ac0"] - [192.168.61.140:10443] - [/dr-bucket1/?delimiter=%2F&max-keys=1000&prefix=] [arg: delimiter=%2F&max-keys=1000&prefix=] "e3b0c44298fc1c149afbf4c8996fb92427ae41e4649b934ca495991b7852b855" - "20240224T134235Z" - "-" - "-" - "-" - "[ok]"
192.168.61.140 - - [24/Feb/2024:08:42:37 -0500] "GET /dr-bucket1/?delimiter=%2F&max-keys=1000&prefix= HTTP/1.1" 403 2463 "-" ["-"] - [192.168.61.140:10443] - [/dr-bucket1/?delimiter=%2F&max-keys=1000&prefix=] [arg: delimiter=%2F&max-keys=1000&prefix=] "e3b0c44298fc1c149afbf4c8996fb92427ae41e4649b934ca495991b7852b855" - "20240224T134236Z" - "-" - "-" - "-" - "[ok]"
192.168.61.145 - - [24/Feb/2024:08:42:37 -0500] "GET /bucket1/?delimiter=%2F&max-keys=1000&prefix= HTTP/1.1" 403 2463 "-" ["AWS4-HMAC-SHA256 Credential=MBU0ORZMU5G5A5CJBAWL/20240224/us-east-1/s3/aws4_request,SignedHeaders=host;user-agent;x-amz-content-sha256;x-amz-date, Signature=123e5a06633717c7a95e64ac7e84d5168622093a8234e66fac64253fba9e8355"] - [192.168.61.140:10443] - [/bucket1/?delimiter=%2F&max-keys=1000&prefix=] [arg: delimiter=%2F&max-keys=1000&prefix=] "e3b0c44298fc1c149afbf4c8996fb92427ae41e4649b934ca495991b7852b855" - "20240224T134236Z" - "-" - "-" - "-" - "[/dr-bucket1/?delimiter=%2F&max-keys=1000&prefix=]"
192.168.61.140 - - [24/Feb/2024:08:42:38 -0500] "GET /dr-bucket1/?delimiter=%2F&max-keys=1000&prefix= HTTP/1.1" 403 2463 "-" ["-"] - [192.168.61.140:10443] - [/dr-bucket1/?delimiter=%2F&max-keys=1000&prefix=] [arg: delimiter=%2F&max-keys=1000&prefix=] "e3b0c44298fc1c149afbf4c8996fb92427ae41e4649b934ca495991b7852b855" - "20240224T134238Z" - "-" - "-" - "-" - "[ok]"
192.168.61.145 - - [24/Feb/2024:08:42:38 -0500] "GET /bucket1/?delimiter=%2F&max-keys=1000&prefix= HTTP/1.1" 403 2463 "-" ["AWS4-HMAC-SHA256 Credential=MBU0ORZMU5G5A5CJBAWL/20240224/us-east-1/s3/aws4_request,SignedHeaders=host;user-agent;x-amz-content-sha256;x-amz-date, Signature=e55cca94d04e878b784cdd5c5302b753902cff85082d4f7deab4374db127fba6"] - [192.168.61.140:10443] - [/bucket1/?delimiter=%2F&max-keys=1000&prefix=] [arg: delimiter=%2F&max-keys=1000&prefix=] "e3b0c44298fc1c149afbf4c8996fb92427ae41e4649b934ca495991b7852b855" - "20240224T134238Z" - "-" - "-" - "-" - "[/dr-bucket1/?delimiter=%2F&max-keys=1000&prefix=]"
192.168.61.140 - - [24/Feb/2024:08:42:39 -0500] "GET /dr-bucket1/?delimiter=%2F&max-keys=1000&prefix= HTTP/1.1" 403 2463 "-" ["-"] - [192.168.61.140:10443] - [/dr-bucket1/?delimiter=%2F&max-keys=1000&prefix=] [arg: delimiter=%2F&max-keys=1000&prefix=] "e3b0c44298fc1c149afbf4c8996fb92427ae41e4649b934ca495991b7852b855" - "20240224T134239Z" - "-" - "-" - "-" - "[ok]"
192.168.61.145 - - [24/Feb/2024:08:42:39 -0500] "GET /bucket1/?delimiter=%2F&max-keys=1000&prefix= HTTP/1.1" 403 2463 "-" ["AWS4-HMAC-SHA256 Credential=MBU0ORZMU5G5A5CJBAWL/20240224/us-east-1/s3/aws4_request,SignedHeaders=host;user-agent;x-amz-content-sha256;x-amz-date, Signature=460d2cf3d18ee1380467ccaef605e64f7c67aecd30fdb9e3a24ae0b5a2fd3ba7"] - [192.168.61.140:10443] - [/bucket1/?delimiter=%2F&max-keys=1000&prefix=] [arg: delimiter=%2F&max-keys=1000&prefix=] "e3b0c44298fc1c149afbf4c8996fb92427ae41e4649b934ca495991b7852b855" - "20240224T134239Z" - "-" - "-" - "-" - "[/dr-bucket1/?delimiter=%2F&max-keys=1000&prefix=]"
192.168.61.140 - - [24/Feb/2024:08:42:40 -0500] "GET /dr-bucket1/?delimiter=%2F&max-keys=1000&prefix= HTTP/1.1" 403 2463 "-" ["-"] - [192.168.61.140:10443] - [/dr-bucket1/?delimiter=%2F&max-keys=1000&prefix=] [arg: delimiter=%2F&max-keys=1000&prefix=] "e3b0c44298fc1c149afbf4c8996fb92427ae41e4649b934ca495991b7852b855" - "20240224T134240Z" - "-" - "-" - "-" - "[ok]"
192.168.61.145 - - [24/Feb/2024:08:42:40 -0500] "GET /bucket1/?delimiter=%2F&max-keys=1000&prefix= HTTP/1.1" 403 2463 "-" ["AWS4-HMAC-SHA256 Credential=MBU0ORZMU5G5A5CJBAWL/20240224/us-east-1/s3/aws4_request,SignedHeaders=host;user-agent;x-amz-content-sha256;x-amz-date, Signature=f3c4aeb80ae1a9bf5c5e9d9b306a97cb3102ba023893984469a79ae78119e7fa"] - [192.168.61.140:10443] - [/bucket1/?delimiter=%2F&max-keys=1000&prefix=] [arg: delimiter=%2F&max-keys=1000&prefix=] "e3b0c44298fc1c149afbf4c8996fb92427ae41e4649b934ca495991b7852b855" - "20240224T134240Z" - "-" - "-" - "-" - "[/dr-bucket1/?delimiter=%2F&max-keys=1000&prefix=]"
192.168.61.145 - - [24/Feb/2024:08:42:49 -0500] "GET /dr-bucket1/?delimiter=%2F&max-keys=1000&prefix= HTTP/1.1" 200 1495 "-" ["AWS4-HMAC-SHA256 Credential=MBU0ORZMU5G5A5CJBAWL/20240224/us-east-1/s3/aws4_request,SignedHeaders=host;user-agent;x-amz-content-sha256;x-amz-date, Signature=fec2e5ebfce3a12f3678307f98081c22964ed01c90a0d2451149b5bf516da476"] - [192.168.61.140:10443] - [/dr-bucket1/?delimiter=%2F&max-keys=1000&prefix=] [arg: delimiter=%2F&max-keys=1000&prefix=] "e3b0c44298fc1c149afbf4c8996fb92427ae41e4649b934ca495991b7852b855" - "20240224T134249Z" - "-" - "-" - "-" - "[ok]"
192.168.61.140 - - [24/Feb/2024:08:42:51 -0500] "GET /dr-bucket1/?delimiter=%2F&max-keys=1000&prefix= HTTP/1.1" 403 2463 "-" ["-"] - [192.168.61.140:10443] - [/dr-bucket1/?delimiter=%2F&max-keys=1000&prefix=] [arg: delimiter=%2F&max-keys=1000&prefix=] "e3b0c44298fc1c149afbf4c8996fb92427ae41e4649b934ca495991b7852b855" - "20240224T134251Z" - "-" - "-" - "-" - "[ok]"
192.168.61.145 - - [24/Feb/2024:08:42:51 -0500] "GET /bucket1/?delimiter=%2F&max-keys=1000&prefix= HTTP/1.1" 403 2463 "-" ["AWS4-HMAC-SHA256 Credential=MBU0ORZMU5G5A5CJBAWL/20240224/us-east-1/s3/aws4_request,SignedHeaders=host;user-agent;x-amz-content-sha256;x-amz-date, Signature=aefdbdb97e919bbe409d15b6badcdce3aafa6bfbd9fc221e0c55af1909e929c7"] - [192.168.61.140:10443] - [/bucket1/?delimiter=%2F&max-keys=1000&prefix=] [arg: delimiter=%2F&max-keys=1000&prefix=] "e3b0c44298fc1c149afbf4c8996fb92427ae41e4649b934ca495991b7852b855" - "20240224T134251Z" - "-" - "-" - "-" - "[/dr-bucket1/?delimiter=%2F&max-keys=1000&prefix=]"
192.168.61.140 - - [24/Feb/2024:08:42:52 -0500] "GET /dr-bucket1/?delimiter=%2F&max-keys=1000&prefix= HTTP/1.1" 403 2463 "-" ["-"] - [192.168.61.140:10443] - [/dr-bucket1/?delimiter=%2F&max-keys=1000&prefix=] [arg: delimiter=%2F&max-keys=1000&prefix=] "e3b0c44298fc1c149afbf4c8996fb92427ae41e4649b934ca495991b7852b855" - "20240224T134252Z" - "-" - "-" - "-" - "[ok]"
192.168.61.145 - - [24/Feb/2024:08:42:52 -0500] "GET /bucket1/?delimiter=%2F&max-keys=1000&prefix= HTTP/1.1" 403 2463 "-" ["AWS4-HMAC-SHA256 Credential=MBU0ORZMU5G5A5CJBAWL/20240224/us-east-1/s3/aws4_request,SignedHeaders=host;user-agent;x-amz-content-sha256;x-amz-date, Signature=07b742c85a8a2dddef4c5bec1457c6cfbcac10fef29b2a758fae269d11d480ea"] - [192.168.61.140:10443] - [/bucket1/?delimiter=%2F&max-keys=1000&prefix=] [arg: delimiter=%2F&max-keys=1000&prefix=] "e3b0c44298fc1c149afbf4c8996fb92427ae41e4649b934ca495991b7852b855" - "20240224T134252Z" - "-" - "-" - "-" - "[/dr-bucket1/?delimiter=%2F&max-keys=1000&prefix=]"
192.168.61.140 - - [24/Feb/2024:08:42:53 -0500] "GET /dr-bucket1/?delimiter=%2F&max-keys=1000&prefix= HTTP/1.1" 403 2463 "-" ["-"] - [192.168.61.140:10443] - [/dr-bucket1/?delimiter=%2F&max-keys=1000&prefix=] [arg: delimiter=%2F&max-keys=1000&prefix=] "e3b0c44298fc1c149afbf4c8996fb92427ae41e4649b934ca495991b7852b855" - "20240224T134253Z" - "-" - "-" - "-" - "[ok]"
192.168.61.145 - - [24/Feb/2024:08:42:53 -0500] "GET /bucket1/?delimiter=%2F&max-keys=1000&prefix= HTTP/1.1" 403 2463 "-" ["AWS4-HMAC-SHA256 Credential=MBU0ORZMU5G5A5CJBAWL/20240224/us-east-1/s3/aws4_request,SignedHeaders=host;user-agent;x-amz-content-sha256;x-amz-date, Signature=2537c180d1d6d809f137290c1bd2f71ce272646c529462dbdc3a1ba548ffdd41"] - [192.168.61.140:10443] - [/bucket1/?delimiter=%2F&max-keys=1000&prefix=] [arg: delimiter=%2F&max-keys=1000&prefix=] "e3b0c44298fc1c149afbf4c8996fb92427ae41e4649b934ca495991b7852b855" - "20240224T134253Z" - "-" - "-" - "-" - "[/dr-bucket1/?delimiter=%2F&max-keys=1000&prefix=]"
192.168.61.140 - - [24/Feb/2024:08:42:54 -0500] "GET /dr-bucket1/?delimiter=%2F&max-keys=1000&prefix= HTTP/1.1" 403 2463 "-" ["-"] - [192.168.61.140:10443] - [/dr-bucket1/?delimiter=%2F&max-keys=1000&prefix=] [arg: delimiter=%2F&max-keys=1000&prefix=] "e3b0c44298fc1c149afbf4c8996fb92427ae41e4649b934ca495991b7852b855" - "20240224T134254Z" - "-" - "-" - "-" - "[ok]"
192.168.61.145 - - [24/Feb/2024:08:42:54 -0500] "GET /bucket1/?delimiter=%2F&max-keys=1000&prefix= HTTP/1.1" 403 2463 "-" ["AWS4-HMAC-SHA256 Credential=MBU0ORZMU5G5A5CJBAWL/20240224/us-east-1/s3/aws4_request,SignedHeaders=host;user-agent;x-amz-content-sha256;x-amz-date, Signature=2e8c01d79df6ce5a257bd575ff4d9c8a001c6543afca10a108875a53403a17e4"] - [192.168.61.140:10443] - [/bucket1/?delimiter=%2F&max-keys=1000&prefix=] [arg: delimiter=%2F&max-keys=1000&prefix=] "e3b0c44298fc1c149afbf4c8996fb92427ae41e4649b934ca495991b7852b855" - "20240224T134254Z" - "-" - "-" - "-" - "[/dr-bucket1/?delimiter=%2F&max-keys=1000&prefix=]"
192.168.61.140 - - [24/Feb/2024:08:43:42 -0500] "GET /dr-bucket1?prefix=CTBC%2F&encoding-type=url HTTP/1.1" 200 1449 "-" ["-"] - [192.168.61.140:10443] - [/dr-bucket1?prefix=CTBC%2F&encoding-type=url] [arg: prefix=CTBC%2F&encoding-type=url] "e3b0c44298fc1c149afbf4c8996fb92427ae41e4649b934ca495991b7852b855" - "20240224T134342Z" - "-" - "-" - "-" - "[ok]"
192.168.61.140 - - [24/Feb/2024:08:43:42 -0500] "GET /bucket1?prefix=CTBC%2F&encoding-type=url HTTP/1.1" 200 1449 "-" ["AWS4-HMAC-SHA256 Credential=67HCDL6ZVH03GY2T4VH9/20240224/us-east-1/s3/aws4_request, SignedHeaders=host;x-amz-content-sha256;x-amz-date, Signature=19259c9fa0dd1a0583786eb7b3cda2e0fe457cc6bc47c8b39483eacee4a77bb4"] - [192.168.61.140:10443] - [/bucket1?prefix=CTBC%2F&encoding-type=url] [arg: prefix=CTBC%2F&encoding-type=url] "e3b0c44298fc1c149afbf4c8996fb92427ae41e4649b934ca495991b7852b855" - "20240224T134342Z" - "-" - "-" - "-" - "[/dr-bucket1?prefix=CTBC%2F&encoding-type=url]"
192.168.61.145 - - [24/Feb/2024:08:44:00 -0500] "GET /dr-bucket1/?delimiter=%2F&max-keys=1000&prefix= HTTP/1.1" 200 1495 "-" ["AWS4-HMAC-SHA256 Credential=MBU0ORZMU5G5A5CJBAWL/20240224/us-east-1/s3/aws4_request,SignedHeaders=host;user-agent;x-amz-content-sha256;x-amz-date, Signature=b2d20dd55212068ec43ba15cd02be7a451236bbee6c89e28d8955e849a6f7c83"] - [192.168.61.140:10443] - [/dr-bucket1/?delimiter=%2F&max-keys=1000&prefix=] [arg: delimiter=%2F&max-keys=1000&prefix=] "e3b0c44298fc1c149afbf4c8996fb92427ae41e4649b934ca495991b7852b855" - "20240224T134400Z" - "-" - "-" - "-" - "[ok]"
